Archive member included to satisfy reference by file (symbol)

c:/program files (x86)/atmel/studio/7.0/toolchain/arm/arm-gnu-toolchain/bin/../lib/gcc/arm-none-eabi/6.3.1/thumb/v6-m\libgcc.a(_udivsi3.o)
                              src/ASF/sam0/drivers/sercom/i2c/i2c_samd20/i2c_master.o (__aeabi_uidiv)
c:/program files (x86)/atmel/studio/7.0/toolchain/arm/arm-gnu-toolchain/bin/../lib/gcc/arm-none-eabi/6.3.1/thumb/v6-m\libgcc.a(_dvmd_tls.o)
                              c:/program files (x86)/atmel/studio/7.0/toolchain/arm/arm-gnu-toolchain/bin/../lib/gcc/arm-none-eabi/6.3.1/thumb/v6-m\libgcc.a(_udivsi3.o) (__aeabi_idiv0)
c:/program files (x86)/atmel/studio/7.0/toolchain/arm/arm-gnu-toolchain/bin/../lib/gcc/arm-none-eabi/6.3.1/thumb/v6-m\libgcc.a(_muldi3.o)
                              src/ASF/sam0/drivers/sercom/sercom.o (__aeabi_lmul)
c:/program files (x86)/atmel/studio/7.0/toolchain/arm/arm-gnu-toolchain/bin/../lib/gcc/arm-none-eabi/6.3.1/../../../../arm-none-eabi/lib/thumb/v6-m\libc_nano.a(lib_a-exit.o)
                              c:/program files (x86)/atmel/studio/7.0/toolchain/arm/arm-gnu-toolchain/bin/../lib/gcc/arm-none-eabi/6.3.1/../../../../arm-none-eabi/lib/thumb/v6-m/crt0.o (exit)
c:/program files (x86)/atmel/studio/7.0/toolchain/arm/arm-gnu-toolchain/bin/../lib/gcc/arm-none-eabi/6.3.1/../../../../arm-none-eabi/lib/thumb/v6-m\libc_nano.a(lib_a-impure.o)
                              c:/program files (x86)/atmel/studio/7.0/toolchain/arm/arm-gnu-toolchain/bin/../lib/gcc/arm-none-eabi/6.3.1/../../../../arm-none-eabi/lib/thumb/v6-m\libc_nano.a(lib_a-exit.o) (_global_impure_ptr)
c:/program files (x86)/atmel/studio/7.0/toolchain/arm/arm-gnu-toolchain/bin/../lib/gcc/arm-none-eabi/6.3.1/../../../../arm-none-eabi/lib/thumb/v6-m\libc_nano.a(lib_a-init.o)
                              c:/program files (x86)/atmel/studio/7.0/toolchain/arm/arm-gnu-toolchain/bin/../lib/gcc/arm-none-eabi/6.3.1/../../../../arm-none-eabi/lib/thumb/v6-m/crt0.o (__libc_init_array)
c:/program files (x86)/atmel/studio/7.0/toolchain/arm/arm-gnu-toolchain/bin/../lib/gcc/arm-none-eabi/6.3.1/../../../../arm-none-eabi/lib/thumb/v6-m\libc_nano.a(lib_a-memset.o)
                              c:/program files (x86)/atmel/studio/7.0/toolchain/arm/arm-gnu-toolchain/bin/../lib/gcc/arm-none-eabi/6.3.1/../../../../arm-none-eabi/lib/thumb/v6-m/crt0.o (memset)
c:/program files (x86)/atmel/studio/7.0/toolchain/arm/arm-gnu-toolchain/bin/../lib/gcc/arm-none-eabi/6.3.1/../../../../arm-none-eabi/lib/thumb/v6-m\libc_nano.a(lib_a-sprintf.o)
                              src/main.o (sprintf)
c:/program files (x86)/atmel/studio/7.0/toolchain/arm/arm-gnu-toolchain/bin/../lib/gcc/arm-none-eabi/6.3.1/../../../../arm-none-eabi/lib/thumb/v6-m\libc_nano.a(lib_a-nano-svfprintf.o)
                              c:/program files (x86)/atmel/studio/7.0/toolchain/arm/arm-gnu-toolchain/bin/../lib/gcc/arm-none-eabi/6.3.1/../../../../arm-none-eabi/lib/thumb/v6-m\libc_nano.a(lib_a-sprintf.o) (_svfprintf_r)
c:/program files (x86)/atmel/studio/7.0/toolchain/arm/arm-gnu-toolchain/bin/../lib/gcc/arm-none-eabi/6.3.1/../../../../arm-none-eabi/lib/thumb/v6-m\libc_nano.a(lib_a-nano-vfprintf_i.o)
                              c:/program files (x86)/atmel/studio/7.0/toolchain/arm/arm-gnu-toolchain/bin/../lib/gcc/arm-none-eabi/6.3.1/../../../../arm-none-eabi/lib/thumb/v6-m\libc_nano.a(lib_a-nano-svfprintf.o) (_printf_i)
c:/program files (x86)/atmel/studio/7.0/toolchain/arm/arm-gnu-toolchain/bin/../lib/gcc/arm-none-eabi/6.3.1/../../../../arm-none-eabi/lib/thumb/v6-m\libc_nano.a(lib_a-memchr-stub.o)
                              c:/program files (x86)/atmel/studio/7.0/toolchain/arm/arm-gnu-toolchain/bin/../lib/gcc/arm-none-eabi/6.3.1/../../../../arm-none-eabi/lib/thumb/v6-m\libc_nano.a(lib_a-nano-svfprintf.o) (memchr)
c:/program files (x86)/atmel/studio/7.0/toolchain/arm/arm-gnu-toolchain/bin/../lib/gcc/arm-none-eabi/6.3.1/../../../../arm-none-eabi/lib/thumb/v6-m\libc_nano.a(lib_a-memcpy-stub.o)
                              c:/program files (x86)/atmel/studio/7.0/toolchain/arm/arm-gnu-toolchain/bin/../lib/gcc/arm-none-eabi/6.3.1/../../../../arm-none-eabi/lib/thumb/v6-m\libc_nano.a(lib_a-nano-svfprintf.o) (memcpy)
c:/program files (x86)/atmel/studio/7.0/toolchain/arm/arm-gnu-toolchain/bin/../lib/gcc/arm-none-eabi/6.3.1/../../../../arm-none-eabi/lib/thumb/v6-m\libc_nano.a(lib_a-memmove.o)
                              c:/program files (x86)/atmel/studio/7.0/toolchain/arm/arm-gnu-toolchain/bin/../lib/gcc/arm-none-eabi/6.3.1/../../../../arm-none-eabi/lib/thumb/v6-m\libc_nano.a(lib_a-nano-svfprintf.o) (memmove)
c:/program files (x86)/atmel/studio/7.0/toolchain/arm/arm-gnu-toolchain/bin/../lib/gcc/arm-none-eabi/6.3.1/../../../../arm-none-eabi/lib/thumb/v6-m\libc_nano.a(lib_a-nano-freer.o)
[...]
Memory Configuration

Name             Origin             Length             Attributes
rom              0x00000000         0x00040000         xr
ram              0x20000000         0x00008000         xrw
*default*        0x00000000         0xffffffff

Linker script and memory map

LOAD c:/program files (x86)/atmel/studio/7.0/toolchain/arm/arm-gnu-toolchain/bin/../lib/gcc/arm-none-eabi/6.3.1/thumb/v6-m/crti.o
LOAD c:/program files (x86)/atmel/studio/7.0/toolchain/arm/arm-gnu-toolchain/bin/../lib/gcc/arm-none-eabi/6.3.1/thumb/v6-m/crtbegin.o
LOAD c:/program files (x86)/atmel/studio/7.0/toolchain/arm/arm-gnu-toolchain/bin/../lib/gcc/arm-none-eabi/6.3.1/../../../../arm-none-eabi/lib/thumb/v6-m/crt0.o
LOAD src/ASF/sam0/drivers/extint/extint_callback.o
LOAD src/ASF/sam0/drivers/extint/extint_sam_d_r_h/extint.o
LOAD src/ASF/sam0/drivers/sercom/i2c/i2c_samd20/i2c_master.o
LOAD src/ASF/sam0/drivers/sercom/i2c/i2c_samd20/i2c_master_interrupt.o
LOAD src/ASF/sam0/drivers/sercom/sercom.o
LOAD src/ASF/sam0/drivers/sercom/usart/usart.o
LOAD src/ASF/sam0/drivers/sercom/usart/usart_interrupt.o
LOAD src/ASF/sam0/drivers/sercom/sercom_interrupt.o
LOAD src/DC_SERCOM.o
LOAD src/ASF/common2/services/delay/sam0/systick_counter.o
LOAD src/ASF/sam0/drivers/port/port.o
LOAD src/DC_peripherals.o
LOAD src/ASF/common2/boards/user_board/init.o
LOAD src/ASF/common/utils/interrupt/interrupt_sam_nvic.o
LOAD src/ASF/sam0/drivers/system/clock/clock_samd20/clock.o
LOAD src/ASF/sam0/drivers/system/clock/clock_samd20/gclk.o
LOAD src/ASF/sam0/drivers/system/interrupt/system_interrupt.o
LOAD src/ASF/sam0/drivers/system/pinmux/pinmux.o
LOAD src/ASF/sam0/drivers/system/system.o
LOAD src/ASF/sam0/utils/cmsis/samd20/source/gcc/startup_samd20.o
LOAD src/ASF/sam0/utils/cmsis/samd20/source/system_samd20.o
LOAD src/ASF/sam0/utils/syscalls/gcc/syscalls.o
LOAD src/main.o
START GROUP
LOAD ../src/ASF/thirdparty/CMSIS/Lib/GCC\libarm_cortexM0l_math.a
LOAD c:/program files (x86)/atmel/studio/7.0/toolchain/arm/arm-gnu-toolchain/bin/../lib/gcc/arm-none-eabi/6.3.1/../../../../arm-none-eabi/lib/thumb/v6-m\libm.a
END GROUP
START GROUP
LOAD c:/program files (x86)/atmel/studio/7.0/toolchain/arm/arm-gnu-toolchain/bin/../lib/gcc/arm-none-eabi/6.3.1/thumb/v6-m\libgcc.a
LOAD c:/program files (x86)/atmel/studio/7.0/toolchain/arm/arm-gnu-toolchain/bin/../lib/gcc/arm-none-eabi/6.3.1/../../../../arm-none-eabi/lib/thumb/v6-m\libc_nano.a
END GROUP
START GROUP
LOAD c:/program files (x86)/atmel/studio/7.0/toolchain/arm/arm-gnu-toolchain/bin/../lib/gcc/arm-none-eabi/6.3.1/thumb/v6-m\libgcc.a
LOAD c:/program files (x86)/atmel/studio/7.0/toolchain/arm/arm-gnu-toolchain/bin/../lib/gcc/arm-none-eabi/6.3.1/../../../../arm-none-eabi/lib/thumb/v6-m\libc_nano.a
END GROUP
LOAD c:/program files (x86)/atmel/studio/7.0/toolchain/arm/arm-gnu-toolchain/bin/../lib/gcc/arm-none-eabi/6.3.1/thumb/v6-m/crtend.o
LOAD c:/program files (x86)/atmel/studio/7.0/toolchain/arm/arm-gnu-toolchain/bin/../lib/gcc/arm-none-eabi/6.3.1/thumb/v6-m/crtn.o
                0x00002000                STACK_SIZE = DEFINED (STACK_SIZE)?STACK_SIZE:DEFINED (__stack_size__)?__stack_size__:0x2000

.text           0x00000000     0x2bdc
                0x00000000                . = ALIGN (0x4)
                0x00000000                _sfixed = .
 *(.vectors .vectors.*)
 .vectors       0x00000000       0xa4 src/ASF/sam0/utils/cmsis/samd20/source/gcc/startup_samd20.o
                0x00000000                exception_table
 *(.text .text.* .gnu.linkonce.t.*)
 .text          0x000000a4       0x60 c:/program files (x86)/atmel/studio/7.0/toolchain/arm/arm-gnu-toolchain/bin/../lib/gcc/arm-none-eabi/6.3.1/thumb/v6-m/crtbegin.o
 .text.extint_register_callback
                0x00000104       0x2c src/ASF/sam0/drivers/extint/extint_callback.o
                0x00000104                extint_register_callback
 .text.extint_chan_enable_callback
                0x00000130       0x20 src/ASF/sam0/drivers/extint/extint_callback.o
                0x00000130                extint_chan_enable_callback
 .text.EIC_Handler
                0x00000150       0x54 src/ASF/sam0/drivers/extint/extint_callback.o
                0x00000150                EIC_Handler
 .text._extint_enable
                0x000001a4       0x18 src/ASF/sam0/drivers/extint/extint_sam_d_r_h/extint.o
 .text._system_extint_init
                0x000001bc       0x6c src/ASF/sam0/drivers/extint/extint_sam_d_r_h/extint.o
                0x000001bc                _system_extint_init
 .text.extint_chan_get_config_defaults
                0x00000228       0x14 src/ASF/sam0/drivers/extint/extint_sam_d_r_h/extint.o
                0x00000228                extint_chan_get_config_defaults
 .text.extint_chan_set_config
                0x0000023c       0x78 src/ASF/sam0/drivers/extint/extint_sam_d_r_h/extint.o
                0x0000023c                extint_chan_set_config
 .text._i2c_master_wait_for_sync
                0x000002b4        0xc src/ASF/sam0/drivers/sercom/i2c/i2c_samd20/i2c_master.o
 .text._i2c_master_address_response
                0x000002c0       0x30 src/ASF/sam0/drivers/sercom/i2c/i2c_samd20/i2c_master.o
 .text._i2c_master_wait_for_bus
                0x000002f0       0x2c src/ASF/sam0/drivers/sercom/i2c/i2c_samd20/i2c_master.o
 .text._i2c_master_read_packet
                0x0000031c      0x100 src/ASF/sam0/drivers/sercom/i2c/i2c_samd20/i2c_master.o
 .text._i2c_master_write_packet
                0x0000041c       0xb4 src/ASF/sam0/drivers/sercom/i2c/i2c_samd20/i2c_master.o
 .text.i2c_master_init
                0x000004d0      0x194 src/ASF/sam0/drivers/sercom/i2c/i2c_samd20/i2c_master.o
                0x000004d0                i2c_master_init
 .text.i2c_master_read_packet_wait
                0x00000664       0x24 src/ASF/sam0/drivers/sercom/i2c/i2c_samd20/i2c_master.o
                0x00000664                i2c_master_read_packet_wait
 .text.i2c_master_write_packet_wait
                0x00000688       0x24 src/ASF/sam0/drivers/sercom/i2c/i2c_samd20/i2c_master.o
                0x00000688                i2c_master_write_packet_wait
 .text._i2c_master_wait_for_sync
                0x000006ac        0xc src/ASF/sam0/drivers/sercom/i2c/i2c_samd20/i2c_master_interrupt.o
 .text._i2c_master_read
                0x000006b8       0x7c src/ASF/sam0/drivers/sercom/i2c/i2c_samd20/i2c_master_interrupt.o
 .text._i2c_master_write
                0x00000734       0x38 src/ASF/sam0/drivers/sercom/i2c/i2c_samd20/i2c_master_interrupt.o
 .text.i2c_master_register_callback
                0x0000076c       0x16 src/ASF/sam0/drivers/sercom/i2c/i2c_samd20/i2c_master_interrupt.o
                0x0000076c                i2c_master_register_callback
 .text.i2c_master_read_packet_job
                0x00000782       0x3e src/ASF/sam0/drivers/sercom/i2c/i2c_samd20/i2c_master_interrupt.o
                0x00000782                i2c_master_read_packet_job
 .text._i2c_master_interrupt_handler
                0x000007c0      0x1d0 src/ASF/sam0/drivers/sercom/i2c/i2c_samd20/i2c_master_interrupt.o
                0x000007c0                _i2c_master_interrupt_handler
 .text.long_division
                0x00000990       0xba src/ASF/sam0/drivers/sercom/sercom.o
 .text._sercom_get_sync_baud_val
                0x00000a4a       0x28 src/ASF/sam0/drivers/sercom/sercom.o
                0x00000a4a                _sercom_get_sync_baud_val
 *fill*         0x00000a72        0x2 
 .text._sercom_get_async_baud_val
                0x00000a74       0x94 src/ASF/sam0/drivers/sercom/sercom.o
                0x00000a74                _sercom_get_async_baud_val
 .text.sercom_set_gclk_generator
                0x00000b08       0x4c src/ASF/sam0/drivers/sercom/sercom.o
                0x00000b08                sercom_set_gclk_generator
 .text._sercom_get_default_pad
                0x00000b54      0x178 src/ASF/sam0/drivers/sercom/sercom.o
                0x00000b54                _sercom_get_default_pad
 .text._sercom_get_sercom_inst_index
                0x00000ccc       0x38 src/ASF/sam0/drivers/sercom/sercom.o
                0x00000ccc                _sercom_get_sercom_inst_index
 .text.usart_init
                0x00000d04      0x254 src/ASF/sam0/drivers/sercom/usart/usart.o
                0x00000d04                usart_init
 .text.usart_write_wait
                0x00000f58       0x2e src/ASF/sam0/drivers/sercom/usart/usart.o
                0x00000f58                usart_write_wait
 *fill*         0x00000f86        0x2 
 .text.usart_write_buffer_wait
                0x00000f88       0xc4 src/ASF/sam0/drivers/sercom/usart/usart.o
                0x00000f88                usart_write_buffer_wait
 .text._usart_write_buffer
                0x0000104c       0x3c src/ASF/sam0/drivers/sercom/usart/usart_interrupt.o
                0x0000104c                _usart_write_buffer
 .text.usart_register_callback
                0x00001088       0x16 src/ASF/sam0/drivers/sercom/usart/usart_interrupt.o
                0x00001088                usart_register_callback
 *fill*         0x0000109e        0x2 
 .text.usart_write_buffer_job
                0x000010a0       0x20 src/ASF/sam0/drivers/sercom/usart/usart_interrupt.o
                0x000010a0                usart_write_buffer_job
 .text._usart_interrupt_handler
                0x000010c0      0x124 src/ASF/sam0/drivers/sercom/usart/usart_interrupt.o
                0x000010c0                _usart_interrupt_handler
 .text._sercom_default_handler
                0x000011e4        0x2 src/ASF/sam0/drivers/sercom/sercom_interrupt.o
 *fill*         0x000011e6        0x2 
 .text._sercom_set_handler
                0x000011e8       0x3c src/ASF/sam0/drivers/sercom/sercom_interrupt.o
                0x000011e8                _sercom_set_handler
 .text._sercom_get_interrupt_vector
                0x00001224       0x30 src/ASF/sam0/drivers/sercom/sercom_interrupt.o
                0x00001224                _sercom_get_interrupt_vector
 .text.SERCOM0_Handler
                0x00001254       0x10 src/ASF/sam0/drivers/sercom/sercom_interrupt.o
                0x00001254                SERCOM0_Handler
 .text.SERCOM1_Handler
                0x00001264       0x10 src/ASF/sam0/drivers/sercom/sercom_interrupt.o
                0x00001264                SERCOM1_Handler
 .text.SERCOM2_Handler
                0x00001274       0x10 src/ASF/sam0/drivers/sercom/sercom_interrupt.o
                0x00001274                SERCOM2_Handler
 .text.SERCOM3_Handler
                0x00001284       0x10 src/ASF/sam0/drivers/sercom/sercom_interrupt.o
                0x00001284                SERCOM3_Handler
 .text.SERCOM4_Handler
                0x00001294       0x10 src/ASF/sam0/drivers/sercom/sercom_interrupt.o
                0x00001294                SERCOM4_Handler
 .text.SERCOM5_Handler
                0x000012a4       0x10 src/ASF/sam0/drivers/sercom/sercom_interrupt.o
                0x000012a4                SERCOM5_Handler
 .text.usart_write_callback
                0x000012b4       0x28 src/DC_SERCOM.o
                0x000012b4                usart_write_callback
 .text.usart_read_callback
                0x000012dc       0x40 src/DC_SERCOM.o
                0x000012dc                usart_read_callback
 .text.i2c_write_complete_callback
                0x0000131c       0x18 src/DC_SERCOM.o
                0x0000131c                i2c_write_complete_callback
 .text.configure_usart
                0x00001334       0x98 src/DC_SERCOM.o
                0x00001334                configure_usart
 .text.configure_usart_callbacks
                0x000013cc       0x34 src/DC_SERCOM.o
                0x000013cc                configure_usart_callbacks
 .text.usart_Hello
                0x00001400       0x30 src/DC_SERCOM.o
                0x00001400                usart_Hello
 .text.configure_i2c_master
                0x00001430       0x9c src/DC_SERCOM.o
                0x00001430                configure_i2c_master
 .text.configure_i2c_callbacks
                0x000014cc       0x24 src/DC_SERCOM.o
                0x000014cc                configure_i2c_callbacks
 .text.i2c_Write
                0x000014f0       0x78 src/DC_SERCOM.o
                0x000014f0                i2c_Write
 .text.i2c_Read
                0x00001568       0x84 src/DC_SERCOM.o
                0x00001568                i2c_Read
 .text.delay_init
                0x000015ec       0x40 src/ASF/common2/services/delay/sam0/systick_counter.o
                0x000015ec                delay_init
 .text.delay_cycles_ms
                0x0000162c       0x2c src/ASF/common2/services/delay/sam0/systick_counter.o
                0x0000162c                delay_cycles_ms
 .text.port_pin_set_config
                0x00001658       0x24 src/ASF/sam0/drivers/port/port.o
                0x00001658                port_pin_set_config
 .text.extint_detection_callback
                0x0000167c       0x20 src/DC_peripherals.o
                0x0000167c                extint_detection_callback
 .text.extint_detection_callback_pwr
                0x0000169c       0x20 src/DC_peripherals.o
                0x0000169c                extint_detection_callback_pwr
 .text.extint_detection_callback_meas
                0x000016bc       0x24 src/DC_peripherals.o
                0x000016bc                extint_detection_callback_meas
 .text.extint_detection_callback_estop
                0x000016e0       0x28 src/DC_peripherals.o
                0x000016e0                extint_detection_callback_estop
 .text.config_led
                0x00001708       0x2c src/DC_peripherals.o
                0x00001708                config_led
 .text.config_IO_LEDS
                0x00001734       0x54 src/DC_peripherals.o
                0x00001734                config_IO_LEDS
 .text.configure_extint_channel0
                0x00001788       0x30 src/DC_peripherals.o
                0x00001788                configure_extint_channel0
 .text.configure_extint_Power
                0x000017b8       0x30 src/DC_peripherals.o
                0x000017b8                configure_extint_Power
 .text.configure_extint_Measure
                0x000017e8       0x30 src/DC_peripherals.o
                0x000017e8                configure_extint_Measure
 .text.configure_extint_EStop
                0x00001818       0x30 src/DC_peripherals.o
                0x00001818                configure_extint_EStop
 .text.configure_extint_callbacks
                0x00001848       0x58 src/DC_peripherals.o
                0x00001848                configure_extint_callbacks
 .text.config_board
                0x000018a0       0xb0 src/DC_peripherals.o
                0x000018a0                config_board
 .text.system_board_init
                0x00001950        0x2 src/ASF/common2/boards/user_board/init.o
                0x00001950                board_init
                0x00001950                system_board_init
 *fill*         0x00001952        0x2 
 .text.cpu_irq_enter_critical
                0x00001954       0x40 src/ASF/common/utils/interrupt/interrupt_sam_nvic.o
                0x00001954                cpu_irq_enter_critical
 .text.cpu_irq_leave_critical
                0x00001994       0x30 src/ASF/common/utils/interrupt/interrupt_sam_nvic.o
                0x00001994                cpu_irq_leave_critical
 .text.system_clock_source_get_hz
                0x000019c4       0x7c src/ASF/sam0/drivers/system/clock/clock_samd20/clock.o
                0x000019c4                system_clock_source_get_hz
 .text.system_clock_source_osc8m_set_config
                0x00001a40       0x3c src/ASF/sam0/drivers/system/clock/clock_samd20/clock.o
                0x00001a40                system_clock_source_osc8m_set_config
 .text.system_clock_source_enable
                0x00001a7c       0x90 src/ASF/sam0/drivers/system/clock/clock_samd20/clock.o
                0x00001a7c                system_clock_source_enable
 .text.system_clock_init
                0x00001b0c       0x98 src/ASF/sam0/drivers/system/clock/clock_samd20/clock.o
                0x00001b0c                system_clock_init
 .text.system_gclk_init
                0x00001ba4       0x24 src/ASF/sam0/drivers/system/clock/clock_samd20/gclk.o
                0x00001ba4                system_gclk_init
 .text.system_gclk_gen_set_config
                0x00001bc8       0xb8 src/ASF/sam0/drivers/system/clock/clock_samd20/gclk.o
                0x00001bc8                system_gclk_gen_set_config
 .text.system_gclk_gen_enable
                0x00001c80       0x44 src/ASF/sam0/drivers/system/clock/clock_samd20/gclk.o
                0x00001c80                system_gclk_gen_enable
 .text.system_gclk_gen_get_hz
                0x00001cc4       0x8c src/ASF/sam0/drivers/system/clock/clock_samd20/gclk.o
                0x00001cc4                system_gclk_gen_get_hz
 .text.system_gclk_chan_enable
                0x00001d50       0x30 src/ASF/sam0/drivers/system/clock/clock_samd20/gclk.o
                0x00001d50                system_gclk_chan_enable
 .text.system_gclk_chan_disable
                0x00001d80       0x5c src/ASF/sam0/drivers/system/clock/clock_samd20/gclk.o
                0x00001d80                system_gclk_chan_disable
 .text.system_gclk_chan_set_config
                0x00001ddc       0x1c src/ASF/sam0/drivers/system/clock/clock_samd20/gclk.o
                0x00001ddc                system_gclk_chan_set_config
 .text.system_gclk_chan_get_hz
                0x00001df8       0x34 src/ASF/sam0/drivers/system/clock/clock_samd20/gclk.o
                0x00001df8                system_gclk_chan_get_hz
 .text._system_pinmux_config
                0x00001e2c       0xa8 src/ASF/sam0/drivers/system/pinmux/pinmux.o
 .text.system_pinmux_pin_set_config
                0x00001ed4       0x30 src/ASF/sam0/drivers/system/pinmux/pinmux.o
                0x00001ed4                system_pinmux_pin_set_config
 .text._system_dummy_init
                0x00001f04        0x2 src/ASF/sam0/drivers/system/system.o
                0x00001f04                _system_events_init
                0x00001f04                _system_dummy_init
                0x00001f04                _system_divas_init
 *fill*         0x00001f06        0x2 
 .text.system_init
                0x00001f08       0x2c src/ASF/sam0/drivers/system/system.o
                0x00001f08                system_init
 .text.Dummy_Handler
                0x00001f34        0x2 src/ASF/sam0/utils/cmsis/samd20/source/gcc/startup_samd20.o
                0x00001f34                HardFault_Handler
                0x00001f34                TC2_Handler
                0x00001f34                AC_Handler
                0x00001f34                PendSV_Handler
                0x00001f34                NMI_Handler
                0x00001f34                TC7_Handler
                0x00001f34                ADC_Handler
                0x00001f34                RTC_Handler
                0x00001f34                TC6_Handler
                0x00001f34                WDT_Handler
                0x00001f34                TC4_Handler
                0x00001f34                TC1_Handler
                0x00001f34                TC3_Handler
                0x00001f34                Dummy_Handler
                0x00001f34                PM_Handler
                0x00001f34                SVC_Handler
                0x00001f34                EVSYS_Handler
                0x00001f34                NVMCTRL_Handler
                0x00001f34                DAC_Handler
                0x00001f34                PTC_Handler
                0x00001f34                TC0_Handler
                0x00001f34                TC5_Handler
                0x00001f34                SYSCTRL_Handler
 *fill*         0x00001f36        0x2 
 .text.Reset_Handler
                0x00001f38       0x98 src/ASF/sam0/utils/cmsis/samd20/source/gcc/startup_samd20.o
                0x00001f38                Reset_Handler
 .text._sbrk    0x00001fd0       0x24 src/ASF/sam0/utils/syscalls/gcc/syscalls.o
                0x00001fd0                _sbrk
 .text.SysTick_Handler
                0x00001ff4        0x2 src/main.o
                0x00001ff4                SysTick_Handler
 *fill*         0x00001ff6        0x2 
 .text.sensorRead
                0x00001ff8       0x14 src/main.o
                0x00001ff8                sensorRead
 .text.writeBufferOut
                0x0000200c       0x94 src/main.o
                0x0000200c                writeBufferOut
 .text.main     0x000020a0       0x60 src/main.o
                0x000020a0                main
 .text          0x00002100      0x114 c:/program files (x86)/atmel/studio/7.0/toolchain/arm/arm-gnu-toolchain/bin/../lib/gcc/arm-none-eabi/6.3.1/thumb/v6-m\libgcc.a(_udivsi3.o)
                0x00002100                __aeabi_uidiv
                0x00002100                __udivsi3
                0x0000220c                __aeabi_uidivmod
 .text          0x00002214        0x4 c:/program files (x86)/atmel/studio/7.0/toolchain/arm/arm-gnu-toolchain/bin/../lib/gcc/arm-none-eabi/6.3.1/thumb/v6-m\libgcc.a(_dvmd_tls.o)
                0x00002214                __aeabi_idiv0
                0x00002214                __aeabi_ldiv0
 .text          0x00002218       0x54 c:/program files (x86)/atmel/studio/7.0/toolchain/arm/arm-gnu-toolchain/bin/../lib/gcc/arm-none-eabi/6.3.1/thumb/v6-m\libgcc.a(_muldi3.o)
                0x00002218                __muldi3
                0x00002218                __aeabi_lmul
 .text.__libc_init_array
                0x0000226c       0x48 c:/program files (x86)/atmel/studio/7.0/toolchain/arm/arm-gnu-toolchain/bin/../lib/gcc/arm-none-eabi/6.3.1/../../../../arm-none-eabi/lib/thumb/v6-m\libc_nano.a(lib_a-init.o)
                0x0000226c                __libc_init_array
 .text.memset   0x000022b4       0x10 c:/program files (x86)/atmel/studio/7.0/toolchain/arm/arm-gnu-toolchain/bin/../lib/gcc/arm-none-eabi/6.3.1/../../../../arm-none-eabi/lib/thumb/v6-m\libc_nano.a(lib_a-memset.o)
                0x000022b4                memset
 .text.sprintf  0x000022c4       0x44 c:/program files (x86)/atmel/studio/7.0/toolchain/arm/arm-gnu-toolchain/bin/../lib/gcc/arm-none-eabi/6.3.1/../../../../arm-none-eabi/lib/thumb/v6-m\libc_nano.a(lib_a-sprintf.o)
                0x000022c4                siprintf
                0x000022c4                sprintf
 .text.__ssputs_r
                0x00002308       0xc4 c:/program files (x86)/atmel/studio/7.0/toolchain/arm/arm-gnu-toolchain/bin/../lib/gcc/arm-none-eabi/6.3.1/../../../../arm-none-eabi/lib/thumb/v6-m\libc_nano.a(lib_a-nano-svfprintf.o)
                0x00002308                __ssputs_r
 .text._svfprintf_r
                0x000023cc      0x208 c:/program files (x86)/atmel/studio/7.0/toolchain/arm/arm-gnu-toolchain/bin/../lib/gcc/arm-none-eabi/6.3.1/../../../../arm-none-eabi/lib/thumb/v6-m\libc_nano.a(lib_a-nano-svfprintf.o)
                0x000023cc                _svfiprintf_r
                0x000023cc                _svfprintf_r
 .text._printf_common
                0x000025d4       0xda c:/program files (x86)/atmel/studio/7.0/toolchain/arm/arm-gnu-toolchain/bin/../lib/gcc/arm-none-eabi/6.3.1/../../../../arm-none-eabi/lib/thumb/v6-m\libc_nano.a(lib_a-nano-vfprintf_i.o)
                0x000025d4                _printf_common
 *fill*         0x000026ae        0x2 
 .text._printf_i
                0x000026b0      0x234 c:/program files (x86)/atmel/studio/7.0/toolchain/arm/arm-gnu-toolchain/bin/../lib/gcc/arm-none-eabi/6.3.1/../../../../arm-none-eabi/lib/thumb/v6-m\libc_nano.a(lib_a-nano-vfprintf_i.o)
                0x000026b0                _printf_i
 .text.memchr   0x000028e4       0x16 c:/program files (x86)/atmel/studio/7.0/toolchain/arm/arm-gnu-toolchain/bin/../lib/gcc/arm-none-eabi/6.3.1/../../../../arm-none-eabi/lib/thumb/v6-m\libc_nano.a(lib_a-memchr-stub.o)
                0x000028e4                memchr
 .text.memcpy   0x000028fa       0x12 c:/program files (x86)/atmel/studio/7.0/toolchain/arm/arm-gnu-toolchain/bin/../lib/gcc/arm-none-eabi/6.3.1/../../../../arm-none-eabi/lib/thumb/v6-m\libc_nano.a(lib_a-memcpy-stub.o)
                0x000028fa                memcpy
 .text.memmove  0x0000290c       0x24 c:/program files (x86)/atmel/studio/7.0/toolchain/arm/arm-gnu-toolchain/bin/../lib/gcc/arm-none-eabi/6.3.1/../../../../arm-none-eabi/lib/thumb/v6-m\libc_nano.a(lib_a-memmove.o)
                0x0000290c                memmove
 .text._free_r  0x00002930       0x94 c:/program files (x86)/atmel/studio/7.0/toolchain/arm/arm-gnu-toolchain/bin/../lib/gcc/arm-none-eabi/6.3.1/../../../../arm-none-eabi/lib/thumb/v6-m\libc_nano.a(lib_a-nano-freer.o)
                0x00002930                _free_r
 .text._malloc_r
                0x000029c4       0xbc c:/program files (x86)/atmel/studio/7.0/toolchain/arm/arm-gnu-toolchain/bin/../lib/gcc/arm-none-eabi/6.3.1/../../../../arm-none-eabi/lib/thumb/v6-m\libc_nano.a(lib_a-nano-mallocr.o)
                0x000029c4                _malloc_r
 .text._realloc_r
                0x00002a80       0x4c c:/program files (x86)/atmel/studio/7.0/toolchain/arm/arm-gnu-toolchain/bin/../lib/gcc/arm-none-eabi/6.3.1/../../../../arm-none-eabi/lib/thumb/v6-m\libc_nano.a(lib_a-nano-reallocr.o)
                0x00002a80                _realloc_r
 .text._sbrk_r  0x00002acc       0x24 c:/program files (x86)/atmel/studio/7.0/toolchain/arm/arm-gnu-toolchain/bin/../lib/gcc/arm-none-eabi/6.3.1/../../../../arm-none-eabi/lib/thumb/v6-m\libc_nano.a(lib_a-sbrkr.o)
                0x00002acc                _sbrk_r
 .text.__malloc_lock
                0x00002af0        0x2 c:/program files (x86)/atmel/studio/7.0/toolchain/arm/arm-gnu-toolchain/bin/../lib/gcc/arm-none-eabi/6.3.1/../../../../arm-none-eabi/lib/thumb/v6-m\libc_nano.a(lib_a-mlock.o)
                0x00002af0                __malloc_lock
 .text.__malloc_unlock
                0x00002af2        0x2 c:/program files (x86)/atmel/studio/7.0/toolchain/arm/arm-gnu-toolchain/bin/../lib/gcc/arm-none-eabi/6.3.1/../../../../arm-none-eabi/lib/thumb/v6-m\libc_nano.a(lib_a-mlock.o)
                0x00002af2                __malloc_unlock
 .text._malloc_usable_size_r
                0x00002af4       0x10 c:/program files (x86)/atmel/studio/7.0/toolchain/arm/arm-gnu-toolchain/bin/../lib/gcc/arm-none-eabi/6.3.1/../../../../arm-none-eabi/lib/thumb/v6-m\libc_nano.a(lib_a-nano-msizer.o)
                0x00002af4                _malloc_usable_size_r
 *(.glue_7t)
 .glue_7t       0x00002b04        0x0 linker stubs
 *(.glue_7)
 .glue_7        0x00002b04        0x0 linker stubs
 *(.rodata .rodata* .gnu.linkonce.r.*)
 .rodata        0x00002b04       0x18 src/ASF/sam0/drivers/sercom/sercom.o
 .rodata.usart_Hello.str1.4
                0x00002b1c        0xf src/DC_SERCOM.o
 *fill*         0x00002b2b        0x1 
 .rodata.usart_read_callback.str1.4
                0x00002b2c        0x9 src/DC_SERCOM.o
 *fill*         0x00002b35        0x3 
 .rodata.system_clock_source_get_hz
                0x00002b38       0x20 src/ASF/sam0/drivers/system/clock/clock_samd20/clock.o
 .rodata.system_clock_source_enable
                0x00002b58       0x20 src/ASF/sam0/drivers/system/clock/clock_samd20/clock.o
 .rodata.writeBufferOut.str1.4
                0x00002b78       0x10 src/main.o
                                 0x13 (size before relaxing)
 .rodata._svfprintf_r.str1.1
                0x00002b88       0x11 c:/program files (x86)/atmel/studio/7.0/toolchain/arm/arm-gnu-toolchain/bin/../lib/gcc/arm-none-eabi/6.3.1/../../../../arm-none-eabi/lib/thumb/v6-m\libc_nano.a(lib_a-nano-svfprintf.o)
 .rodata._printf_i.str1.1
                0x00002b99       0x22 c:/program files (x86)/atmel/studio/7.0/toolchain/arm/arm-gnu-toolchain/bin/../lib/gcc/arm-none-eabi/6.3.1/../../../../arm-none-eabi/lib/thumb/v6-m\libc_nano.a(lib_a-nano-vfprintf_i.o)
 *(.ARM.extab* .gnu.linkonce.armextab.*)
                0x00002bbc                . = ALIGN (0x4)
 *fill*         0x00002bbb        0x1 
 *(.init)
 .init          0x00002bbc        0x4 c:/program files (x86)/atmel/studio/7.0/toolchain/arm/arm-gnu-toolchain/bin/../lib/gcc/arm-none-eabi/6.3.1/thumb/v6-m/crti.o
                0x00002bbc                _init
 .init          0x00002bc0        0x8 c:/program files (x86)/atmel/studio/7.0/toolchain/arm/arm-gnu-toolchain/bin/../lib/gcc/arm-none-eabi/6.3.1/thumb/v6-m/crtn.o
                0x00002bc8                . = ALIGN (0x4)
                0x00002bc8                __preinit_array_start = .
 *(.preinit_array)
                0x00002bc8                __preinit_array_end = .
                0x00002bc8                . = ALIGN (0x4)
                0x00002bc8                __init_array_start = .
 *(SORT(.init_array.*))
 *(.init_array)
 .init_array    0x00002bc8        0x4 c:/program files (x86)/atmel/studio/7.0/toolchain/arm/arm-gnu-toolchain/bin/../lib/gcc/arm-none-eabi/6.3.1/thumb/v6-m/crtbegin.o
                0x00002bcc                __init_array_end = .
                0x00002bcc                . = ALIGN (0x4)
 *crtbegin.o(.ctors)
 *(EXCLUDE_FILE(*crtend.o) .ctors)
 *(SORT(.ctors.*))
 *crtend.o(.ctors)
                0x00002bcc                . = ALIGN (0x4)
 *(.fini)
 .fini          0x00002bcc        0x4 c:/program files (x86)/atmel/studio/7.0/toolchain/arm/arm-gnu-toolchain/bin/../lib/gcc/arm-none-eabi/6.3.1/thumb/v6-m/crti.o
                0x00002bcc                _fini
 .fini          0x00002bd0        0x8 c:/program files (x86)/atmel/studio/7.0/toolchain/arm/arm-gnu-toolchain/bin/../lib/gcc/arm-none-eabi/6.3.1/thumb/v6-m/crtn.o
                0x00002bd8                . = ALIGN (0x4)
                0x00002bd8                __fini_array_start = .
 *(.fini_array)
 .fini_array    0x00002bd8        0x4 c:/program files (x86)/atmel/studio/7.0/toolchain/arm/arm-gnu-toolchain/bin/../lib/gcc/arm-none-eabi/6.3.1/thumb/v6-m/crtbegin.o
 *(SORT(.fini_array.*))
                0x00002bdc                __fini_array_end = .
 *crtbegin.o(.dtors)
 *(EXCLUDE_FILE(*crtend.o) .dtors)
 *(SORT(.dtors.*))
 *crtend.o(.dtors)
                0x00002bdc                . = ALIGN (0x4)
                0x00002bdc                _efixed = .
                [!provide]                PROVIDE (__exidx_start, .)

.vfp11_veneer   0x00002bdc        0x0
 .vfp11_veneer  0x00002bdc        0x0 linker stubs

.v4_bx          0x00002bdc        0x0
 .v4_bx         0x00002bdc        0x0 linker stubs

.iplt           0x00002bdc        0x0
 .iplt          0x00002bdc        0x0 c:/program files (x86)/atmel/studio/7.0/toolchain/arm/arm-gnu-toolchain/bin/../lib/gcc/arm-none-eabi/6.3.1/thumb/v6-m/crtbegin.o

.eh_frame       0x00002bdc        0x0
 .eh_frame      0x00002bdc        0x0 c:/program files (x86)/atmel/studio/7.0/toolchain/arm/arm-gnu-toolchain/bin/../lib/gcc/arm-none-eabi/6.3.1/thumb/v6-m/crtbegin.o

.rel.dyn        0x00002bdc        0x0
 .rel.iplt      0x00002bdc        0x0 c:/program files (x86)/atmel/studio/7.0/toolchain/arm/arm-gnu-toolchain/bin/../lib/gcc/arm-none-eabi/6.3.1/thumb/v6-m/crtbegin.o

.jcr            0x00002bdc        0x0
 .jcr           0x00002bdc        0x0 c:/program files (x86)/atmel/studio/7.0/toolchain/arm/arm-gnu-toolchain/bin/../lib/gcc/arm-none-eabi/6.3.1/thumb/v6-m/crtbegin.o

.igot.plt       0x00002bdc        0x0
 .igot.plt      0x00002bdc        0x0 c:/program files (x86)/atmel/studio/7.0/toolchain/arm/arm-gnu-toolchain/bin/../lib/gcc/arm-none-eabi/6.3.1/thumb/v6-m/crtbegin.o

.ARM.exidx
 *(.ARM.exidx* .gnu.linkonce.armexidx.*)
                [!provide]                PROVIDE (__exidx_end, .)
                0x00002bdc                . = ALIGN (0x4)
                0x00002bdc                _etext = .

.relocate       0x20000000       0x74 load address 0x00002bdc
                0x20000000                . = ALIGN (0x4)
                0x20000000                _srelocate = .
 *(.ramfunc .ramfunc.*)
 *(.data .data.*)
 .data.newLine  0x20000000        0x3 src/DC_SERCOM.o
                0x20000000                newLine
 *fill*         0x20000003        0x1 
 .data.cycles_per_ms
                0x20000004        0x4 src/ASF/common2/services/delay/sam0/systick_counter.o
 .data.cycles_per_us
                0x20000008        0x4 src/ASF/common2/services/delay/sam0/systick_counter.o
 .data.g_interrupt_enabled
                0x2000000c        0x1 src/ASF/common/utils/interrupt/interrupt_sam_nvic.o
                0x2000000c                g_interrupt_enabled
 *fill*         0x2000000d        0x3 
 .data._impure_ptr
                0x20000010        0x4 c:/program files (x86)/atmel/studio/7.0/toolchain/arm/arm-gnu-toolchain/bin/../lib/gcc/arm-none-eabi/6.3.1/../../../../arm-none-eabi/lib/thumb/v6-m\libc_nano.a(lib_a-impure.o)
                0x20000010                _impure_ptr
 .data.impure_data
                0x20000014       0x60 c:/program files (x86)/atmel/studio/7.0/toolchain/arm/arm-gnu-toolchain/bin/../lib/gcc/arm-none-eabi/6.3.1/../../../../arm-none-eabi/lib/thumb/v6-m\libc_nano.a(lib_a-impure.o)
                0x20000074                . = ALIGN (0x4)
                0x20000074                _erelocate = .

.bss            0x20000074      0x158 load address 0x00002c50
                0x20000074                . = ALIGN (0x4)
                0x20000074                _sbss = .
                0x20000074                _szero = .
 *(.bss .bss.*)
 .bss           0x20000074       0x1c c:/program files (x86)/atmel/studio/7.0/toolchain/arm/arm-gnu-toolchain/bin/../lib/gcc/arm-none-eabi/6.3.1/thumb/v6-m/crtbegin.o
 .bss._sercom_config
                0x20000090        0x2 src/ASF/sam0/drivers/sercom/sercom.o
 .bss._handler_table_initialized
                0x20000092        0x1 src/ASF/sam0/drivers/sercom/sercom_interrupt.o
 *fill*         0x20000093        0x1 
 .bss._sercom_interrupt_handlers
                0x20000094       0x18 src/ASF/sam0/drivers/sercom/sercom_interrupt.o
 .bss.timeout   0x200000ac        0x2 src/DC_SERCOM.o
                0x200000ac                timeout
 *fill*         0x200000ae        0x2 
 .bss.cpu_irq_critical_section_counter
                0x200000b0        0x4 src/ASF/common/utils/interrupt/interrupt_sam_nvic.o
 .bss.cpu_irq_prev_interrupt_state
                0x200000b4        0x1 src/ASF/common/utils/interrupt/interrupt_sam_nvic.o
 *fill*         0x200000b5        0x3 
 .bss._system_clock_inst
                0x200000b8       0x14 src/ASF/sam0/drivers/system/clock/clock_samd20/clock.o
 .bss.heap.5296
                0x200000cc        0x4 src/ASF/sam0/utils/syscalls/gcc/syscalls.o
 .bss.__malloc_free_list
                0x200000d0        0x4 c:/program files (x86)/atmel/studio/7.0/toolchain/arm/arm-gnu-toolchain/bin/../lib/gcc/arm-none-eabi/6.3.1/../../../../arm-none-eabi/lib/thumb/v6-m\libc_nano.a(lib_a-nano-mallocr.o)
                0x200000d0                __malloc_free_list
 .bss.__malloc_sbrk_start
                0x200000d4        0x4 c:/program files (x86)/atmel/studio/7.0/toolchain/arm/arm-gnu-toolchain/bin/../lib/gcc/arm-none-eabi/6.3.1/../../../../arm-none-eabi/lib/thumb/v6-m\libc_nano.a(lib_a-nano-mallocr.o)
                0x200000d4                __malloc_sbrk_start
 *(COMMON)
 COMMON         0x200000d8        0x1 src/ASF/sam0/drivers/extint/extint_callback.o
                0x200000d8                _current_channel
 *fill*         0x200000d9        0x3 
 COMMON         0x200000dc       0x40 src/ASF/sam0/drivers/extint/extint_sam_d_r_h/extint.o
                0x200000dc                _extint_dev
 COMMON         0x2000011c       0x18 src/ASF/sam0/drivers/sercom/sercom_interrupt.o
                0x2000011c                _sercom_instances
 COMMON         0x20000134       0x94 src/DC_SERCOM.o
                0x20000134                write_packet
                0x20000140                usart_instance
                0x20000164                read_packet
                0x20000170                rx_buffer
                0x20000178                i2c_master_instance
                0x200001a0                config_i2c_master
 COMMON         0x200001c8        0x4 c:/program files (x86)/atmel/studio/7.0/toolchain/arm/arm-gnu-toolchain/bin/../lib/gcc/arm-none-eabi/6.3.1/../../../../arm-none-eabi/lib/thumb/v6-m\libc_nano.a(lib_a-reent.o)
                0x200001c8                errno
                0x200001cc                . = ALIGN (0x4)
                0x200001cc                _ebss = .
                0x200001cc                _ezero = .

.stack          0x200001cc     0x2004 load address 0x00002da8
                0x200001d0                . = ALIGN (0x8)
 *fill*         0x200001cc        0x4 
                0x200001d0                _sstack = .
                0x200021d0                . = (. + STACK_SIZE)
 *fill*         0x200001d0     0x2000 
                0x200021d0                . = ALIGN (0x8)
                0x200021d0                _estack = .
                0x200021d0                . = ALIGN (0x4)
                0x200021d0                _end = .
OUTPUT(SAMD20_SystemDev.elf elf32-littlearm)

.ARM.attributes
                0x00000000       0x28
 .ARM.attributes
                0x00000000       0x1e c:/program files (x86)/atmel/studio/7.0/toolchain/arm/arm-gnu-toolchain/bin/../lib/gcc/arm-none-eabi/6.3.1/thumb/v6-m/crti.o
 .ARM.attributes
                0x0000001e       0x2c c:/program files (x86)/atmel/studio/7.0/toolchain/arm/arm-gnu-toolchain/bin/../lib/gcc/arm-none-eabi/6.3.1/thumb/v6-m/crtbegin.o
 .ARM.attributes
                0x0000004a       0x32 src/ASF/sam0/drivers/extint/extint_callback.o
 .ARM.attributes
                0x0000007c       0x32 src/ASF/sam0/drivers/extint/extint_sam_d_r_h/extint.o
 .ARM.attributes
                0x000000ae       0x32 src/ASF/sam0/drivers/sercom/i2c/i2c_samd20/i2c_master.o
 .ARM.attributes
                0x000000e0       0x32 src/ASF/sam0/drivers/sercom/i2c/i2c_samd20/i2c_master_interrupt.o
 .ARM.attributes
                0x00000112       0x32 src/ASF/sam0/drivers/sercom/sercom.o
 .ARM.attributes
                0x00000144       0x32 src/ASF/sam0/drivers/sercom/usart/usart.o
 .ARM.attributes
                0x00000176       0x32 src/ASF/sam0/drivers/sercom/usart/usart_interrupt.o
 .ARM.attributes
                0x000001a8       0x32 src/ASF/sam0/drivers/sercom/sercom_interrupt.o
 .ARM.attributes
                0x000001da       0x32 src/DC_SERCOM.o
 .ARM.attributes
                0x0000020c       0x32 src/ASF/common2/services/delay/sam0/systick_counter.o
 .ARM.attributes
                0x0000023e       0x32 src/ASF/sam0/drivers/port/port.o
 .ARM.attributes
                0x00000270       0x32 src/DC_peripherals.o
 .ARM.attributes
                0x000002a2       0x32 src/ASF/common2/boards/user_board/init.o
 .ARM.attributes
                0x000002d4       0x32 src/ASF/common/utils/interrupt/interrupt_sam_nvic.o
 .ARM.attributes
                0x00000306       0x32 src/ASF/sam0/drivers/system/clock/clock_samd20/clock.o
 .ARM.attributes
                0x00000338       0x32 src/ASF/sam0/drivers/system/clock/clock_samd20/gclk.o
 .ARM.attributes
                0x0000036a       0x32 src/ASF/sam0/drivers/system/pinmux/pinmux.o
 .ARM.attributes
                0x0000039c       0x32 src/ASF/sam0/drivers/system/system.o
 .ARM.attributes
                0x000003ce       0x32 src/ASF/sam0/utils/cmsis/samd20/source/gcc/startup_samd20.o
 .ARM.attributes
                0x00000400       0x32 src/ASF/sam0/utils/syscalls/gcc/syscalls.o
 .ARM.attributes
                0x00000432       0x32 src/main.o
 .ARM.attributes
                0x00000464       0x1e c:/program files (x86)/atmel/studio/7.0/toolchain/arm/arm-gnu-toolchain/bin/../lib/gcc/arm-none-eabi/6.3.1/thumb/v6-m\libgcc.a(_udivsi3.o)
 .ARM.attributes
                0x00000482       0x1e c:/program files (x86)/atmel/studio/7.0/toolchain/arm/arm-gnu-toolchain/bin/../lib/gcc/arm-none-eabi/6.3.1/thumb/v6-m\libgcc.a(_dvmd_tls.o)
 .ARM.attributes
                0x000004a0       0x2c c:/program files (x86)/atmel/studio/7.0/toolchain/arm/arm-gnu-toolchain/bin/../lib/gcc/arm-none-eabi/6.3.1/thumb/v6-m\libgcc.a(_muldi3.o)
 .ARM.attributes
                0x000004cc       0x2c c:/program files (x86)/atmel/studio/7.0/toolchain/arm/arm-gnu-toolchain/bin/../lib/gcc/arm-none-eabi/6.3.1/../../../../arm-none-eabi/lib/thumb/v6-m\libc_nano.a(lib_a-impure.o)
 .ARM.attributes
                0x000004f8       0x2c c:/program files (x86)/atmel/studio/7.0/toolchain/arm/arm-gnu-toolchain/bin/../lib/gcc/arm-none-eabi/6.3.1/../../../../arm-none-eabi/lib/thumb/v6-m\libc_nano.a(lib_a-init.o)
 .ARM.attributes
                0x00000524       0x2c c:/program files (x86)/atmel/studio/7.0/toolchain/arm/arm-gnu-toolchain/bin/../lib/gcc/arm-none-eabi/6.3.1/../../../../arm-none-eabi/lib/thumb/v6-m\libc_nano.a(lib_a-memset.o)
 .ARM.attributes
                0x00000550       0x2c c:/program files (x86)/atmel/studio/7.0/toolchain/arm/arm-gnu-toolchain/bin/../lib/gcc/arm-none-eabi/6.3.1/../../../../arm-none-eabi/lib/thumb/v6-m\libc_nano.a(lib_a-sprintf.o)
 .ARM.attributes
                0x0000057c       0x2c c:/program files (x86)/atmel/studio/7.0/toolchain/arm/arm-gnu-toolchain/bin/../lib/gcc/arm-none-eabi/6.3.1/../../../../arm-none-eabi/lib/thumb/v6-m\libc_nano.a(lib_a-nano-svfprintf.o)
 .ARM.attributes
                0x000005a8       0x2c c:/program files (x86)/atmel/studio/7.0/toolchain/arm/arm-gnu-toolchain/bin/../lib/gcc/arm-none-eabi/6.3.1/../../../../arm-none-eabi/lib/thumb/v6-m\libc_nano.a(lib_a-nano-vfprintf_i.o)
 .ARM.attributes
                0x000005d4       0x2c c:/program files (x86)/atmel/studio/7.0/toolchain/arm/arm-gnu-toolchain/bin/../lib/gcc/arm-none-eabi/6.3.1/../../../../arm-none-eabi/lib/thumb/v6-m\libc_nano.a(lib_a-memchr-stub.o)
 .ARM.attributes
                0x00000600       0x2c c:/program files (x86)/atmel/studio/7.0/toolchain/arm/arm-gnu-toolchain/bin/../lib/gcc/arm-none-eabi/6.3.1/../../../../arm-none-eabi/lib/thumb/v6-m\libc_nano.a(lib_a-memcpy-stub.o)
 .ARM.attributes
                0x0000062c       0x2c c:/program files (x86)/atmel/studio/7.0/toolchain/arm/arm-gnu-toolchain/bin/../lib/gcc/arm-none-eabi/6.3.1/../../../../arm-none-eabi/lib/thumb/v6-m\libc_nano.a(lib_a-memmove.o)
 .ARM.attributes
                0x00000658       0x2c c:/program files (x86)/atmel/studio/7.0/toolchain/arm/arm-gnu-toolchain/bin/../lib/gcc/arm-none-eabi/6.3.1/../../../../arm-none-eabi/lib/thumb/v6-m\libc_nano.a(lib_a-nano-freer.o)
 .ARM.attributes
                0x00000684       0x2c c:/program files (x86)/atmel/studio/7.0/toolchain/arm/arm-gnu-toolchain/bin/../lib/gcc/arm-none-eabi/6.3.1/../../../../arm-none-eabi/lib/thumb/v6-m\libc_nano.a(lib_a-nano-mallocr.o)
 .ARM.attributes
                0x000006b0       0x2c c:/program files (x86)/atmel/studio/7.0/toolchain/arm/arm-gnu-toolchain/bin/../lib/gcc/arm-none-eabi/6.3.1/../../../../arm-none-eabi/lib/thumb/v6-m\libc_nano.a(lib_a-nano-reallocr.o)
 .ARM.attributes
                0x000006dc       0x2c c:/program files (x86)/atmel/studio/7.0/toolchain/arm/arm-gnu-toolchain/bin/../lib/gcc/arm-none-eabi/6.3.1/../../../../arm-none-eabi/lib/thumb/v6-m\libc_nano.a(lib_a-sbrkr.o)
 .ARM.attributes
                0x00000708       0x2c c:/program files (x86)/atmel/studio/7.0/toolchain/arm/arm-gnu-toolchain/bin/../lib/gcc/arm-none-eabi/6.3.1/../../../../arm-none-eabi/lib/thumb/v6-m\libc_nano.a(lib_a-mlock.o)
 .ARM.attributes
                0x00000734       0x2c c:/program files (x86)/atmel/studio/7.0/toolchain/arm/arm-gnu-toolchain/bin/../lib/gcc/arm-none-eabi/6.3.1/../../../../arm-none-eabi/lib/thumb/v6-m\libc_nano.a(lib_a-nano-msizer.o)
 .ARM.attributes
                0x00000760       0x2c c:/program files (x86)/atmel/studio/7.0/toolchain/arm/arm-gnu-toolchain/bin/../lib/gcc/arm-none-eabi/6.3.1/../../../../arm-none-eabi/lib/thumb/v6-m\libc_nano.a(lib_a-reent.o)
 .ARM.attributes
                0x0000078c       0x1e c:/program files (x86)/atmel/studio/7.0/toolchain/arm/arm-gnu-toolchain/bin/../lib/gcc/arm-none-eabi/6.3.1/thumb/v6-m/crtn.o

.comment        0x00000000       0x59
 .comment       0x00000000       0x59 src/ASF/sam0/drivers/extint/extint_callback.o
                                 0x5a (size before relaxing)
 .comment       0x00000059       0x5a src/ASF/sam0/drivers/extint/extint_sam_d_r_h/extint.o
 .comment       0x00000059       0x5a src/ASF/sam0/drivers/sercom/i2c/i2c_samd20/i2c_master.o
 .comment       0x00000059       0x5a src/ASF/sam0/drivers/sercom/i2c/i2c_samd20/i2c_master_interrupt.o
 .comment       0x00000059       0x5a src/ASF/sam0/drivers/sercom/sercom.o
 .comment       0x00000059       0x5a src/ASF/sam0/drivers/sercom/usart/usart.o
 .comment       0x00000059       0x5a src/ASF/sam0/drivers/sercom/usart/usart_interrupt.o
 .comment       0x00000059       0x5a src/ASF/sam0/drivers/sercom/sercom_interrupt.o
 .comment       0x00000059       0x5a src/DC_SERCOM.o
 .comment       0x00000059       0x5a src/ASF/common2/services/delay/sam0/systick_counter.o
 .comment       0x00000059       0x5a src/ASF/sam0/drivers/port/port.o
 .comment       0x00000059       0x5a src/DC_peripherals.o
 .comment       0x00000059       0x5a src/ASF/common2/boards/user_board/init.o
 .comment       0x00000059       0x5a src/ASF/common/utils/interrupt/interrupt_sam_nvic.o
 .comment       0x00000059       0x5a src/ASF/sam0/drivers/system/clock/clock_samd20/clock.o
 .comment       0x00000059       0x5a src/ASF/sam0/drivers/system/clock/clock_samd20/gclk.o
 .comment       0x00000059       0x5a src/ASF/sam0/drivers/system/pinmux/pinmux.o
 .comment       0x00000059       0x5a src/ASF/sam0/drivers/system/system.o
 .comment       0x00000059       0x5a src/ASF/sam0/utils/cmsis/samd20/source/gcc/startup_samd20.o
 .comment       0x00000059       0x5a src/ASF/sam0/utils/syscalls/gcc/syscalls.o
 .comment       0x00000059       0x5a src/main.o

.debug_info     0x00000000    0x2d64b
 .debug_info    0x00000000     0x19a7 src/ASF/sam0/drivers/extint/extint_callback.o
 .debug_info    0x000019a7     0x2a12 src/ASF/sam0/drivers/extint/extint_sam_d_r_h/extint.o
 .debug_info    0x000043b9     0x467e src/ASF/sam0/drivers/sercom/i2c/i2c_samd20/i2c_master.o
 .debug_info    0x00008a37     0x29c6 src/ASF/sam0/drivers/sercom/i2c/i2c_samd20/i2c_master_interrupt.o
 .debug_info    0x0000b3fd     0x2660 src/ASF/sam0/drivers/sercom/sercom.o
 .debug_info    0x0000da5d     0x42cf src/ASF/sam0/drivers/sercom/usart/usart.o
 .debug_info    0x00011d2c     0x2881 src/ASF/sam0/drivers/sercom/usart/usart_interrupt.o
 .debug_info    0x000145ad     0x2456 src/ASF/sam0/drivers/sercom/sercom_interrupt.o
 .debug_info    0x00016a03     0x3af6 src/DC_SERCOM.o
 .debug_info    0x0001a4f9      0xb8d src/ASF/common2/services/delay/sam0/systick_counter.o
 .debug_info    0x0001b086     0x12b6 src/ASF/sam0/drivers/port/port.o
 .debug_info    0x0001c33c     0x3add src/DC_peripherals.o
 .debug_info    0x0001fe19      0xa5c src/ASF/common2/boards/user_board/init.o
 .debug_info    0x00020875      0xb07 src/ASF/common/utils/interrupt/interrupt_sam_nvic.o
 .debug_info    0x0002137c     0x3d15 src/ASF/sam0/drivers/system/clock/clock_samd20/clock.o
 .debug_info    0x00025091     0x1de7 src/ASF/sam0/drivers/system/clock/clock_samd20/gclk.o
 .debug_info    0x00026e78     0x1374 src/ASF/sam0/drivers/system/pinmux/pinmux.o
 .debug_info    0x000281ec      0xa73 src/ASF/sam0/drivers/system/system.o
 .debug_info    0x00028c5f      0x9c9 src/ASF/sam0/utils/cmsis/samd20/source/gcc/startup_samd20.o
 .debug_info    0x00029628      0xd98 src/ASF/sam0/utils/syscalls/gcc/syscalls.o
 .debug_info    0x0002a3c0     0x328b src/main.o

.debug_abbrev   0x00000000     0x467e
 .debug_abbrev  0x00000000      0x333 src/ASF/sam0/drivers/extint/extint_callback.o
 .debug_abbrev  0x00000333      0x4b4 src/ASF/sam0/drivers/extint/extint_sam_d_r_h/extint.o
 .debug_abbrev  0x000007e7      0x521 src/ASF/sam0/drivers/sercom/i2c/i2c_samd20/i2c_master.o
 .debug_abbrev  0x00000d08      0x3fa src/ASF/sam0/drivers/sercom/i2c/i2c_samd20/i2c_master_interrupt.o
 .debug_abbrev  0x00001102      0x378 src/ASF/sam0/drivers/sercom/sercom.o
 .debug_abbrev  0x0000147a      0x491 src/ASF/sam0/drivers/sercom/usart/usart.o
 .debug_abbrev  0x0000190b      0x416 src/ASF/sam0/drivers/sercom/usart/usart_interrupt.o
 .debug_abbrev  0x00001d21      0x2d8 src/ASF/sam0/drivers/sercom/sercom_interrupt.o
 .debug_abbrev  0x00001ff9      0x448 src/DC_SERCOM.o
 .debug_abbrev  0x00002441      0x24b src/ASF/common2/services/delay/sam0/systick_counter.o
 .debug_abbrev  0x0000268c      0x298 src/ASF/sam0/drivers/port/port.o
 .debug_abbrev  0x00002924      0x3bd src/DC_peripherals.o
 .debug_abbrev  0x00002ce1      0x1be src/ASF/common2/boards/user_board/init.o
 .debug_abbrev  0x00002e9f      0x22c src/ASF/common/utils/interrupt/interrupt_sam_nvic.o
 .debug_abbrev  0x000030cb      0x4a1 src/ASF/sam0/drivers/system/clock/clock_samd20/clock.o
 .debug_abbrev  0x0000356c      0x40d src/ASF/sam0/drivers/system/clock/clock_samd20/gclk.o
 .debug_abbrev  0x00003979      0x332 src/ASF/sam0/drivers/system/pinmux/pinmux.o
 .debug_abbrev  0x00003cab      0x1e1 src/ASF/sam0/drivers/system/system.o
 .debug_abbrev  0x00003e8c      0x1e4 src/ASF/sam0/utils/cmsis/samd20/source/gcc/startup_samd20.o
 .debug_abbrev  0x00004070      0x257 src/ASF/sam0/utils/syscalls/gcc/syscalls.o
 .debug_abbrev  0x000042c7      0x3b7 src/main.o

.debug_loc      0x00000000     0x5de6
 .debug_loc     0x00000000      0x2ac src/ASF/sam0/drivers/extint/extint_callback.o
 .debug_loc     0x000002ac      0x43d src/ASF/sam0/drivers/extint/extint_sam_d_r_h/extint.o
 .debug_loc     0x000006e9      0xcad src/ASF/sam0/drivers/sercom/i2c/i2c_samd20/i2c_master.o
 .debug_loc     0x00001396      0x64e src/ASF/sam0/drivers/sercom/i2c/i2c_samd20/i2c_master_interrupt.o
 .debug_loc     0x000019e4      0x9d5 src/ASF/sam0/drivers/sercom/sercom.o
 .debug_loc     0x000023b9      0xc56 src/ASF/sam0/drivers/sercom/usart/usart.o
 .debug_loc     0x0000300f      0x6b6 src/ASF/sam0/drivers/sercom/usart/usart_interrupt.o
 .debug_loc     0x000036c5      0x161 src/ASF/sam0/drivers/sercom/sercom_interrupt.o
 .debug_loc     0x00003826      0x520 src/DC_SERCOM.o
 .debug_loc     0x00003d46       0xe4 src/ASF/common2/services/delay/sam0/systick_counter.o
 .debug_loc     0x00003e2a      0x13d src/ASF/sam0/drivers/port/port.o
 .debug_loc     0x00003f67      0x54a src/DC_peripherals.o
 .debug_loc     0x000044b1      0xe1c src/ASF/sam0/drivers/system/clock/clock_samd20/clock.o
 .debug_loc     0x000052cd      0x504 src/ASF/sam0/drivers/system/clock/clock_samd20/gclk.o
 .debug_loc     0x000057d1      0x322 src/ASF/sam0/drivers/system/pinmux/pinmux.o
 .debug_loc     0x00005af3       0x20 src/ASF/sam0/drivers/system/system.o
 .debug_loc     0x00005b13       0x40 src/ASF/sam0/utils/cmsis/samd20/source/gcc/startup_samd20.o
 .debug_loc     0x00005b53       0xef src/ASF/sam0/utils/syscalls/gcc/syscalls.o
 .debug_loc     0x00005c42      0x1a4 src/main.o

.debug_aranges  0x00000000      0x6a8
 .debug_aranges
                0x00000000       0x48 src/ASF/sam0/drivers/extint/extint_callback.o
 .debug_aranges
                0x00000048       0x50 src/ASF/sam0/drivers/extint/extint_sam_d_r_h/extint.o
 .debug_aranges
                0x00000098       0x98 src/ASF/sam0/drivers/sercom/i2c/i2c_samd20/i2c_master.o
 .debug_aranges
                0x00000130       0x80 src/ASF/sam0/drivers/sercom/i2c/i2c_samd20/i2c_master_interrupt.o
 .debug_aranges
                0x000001b0       0x48 src/ASF/sam0/drivers/sercom/sercom.o
 .debug_aranges
                0x000001f8       0x40 src/ASF/sam0/drivers/sercom/usart/usart.o
 .debug_aranges
                0x00000238       0x70 src/ASF/sam0/drivers/sercom/usart/usart_interrupt.o
 .debug_aranges
                0x000002a8       0x60 src/ASF/sam0/drivers/sercom/sercom_interrupt.o
 .debug_aranges
                0x00000308       0x70 src/DC_SERCOM.o
 .debug_aranges
                0x00000378       0x30 src/ASF/common2/services/delay/sam0/systick_counter.o
 .debug_aranges
                0x000003a8       0x28 src/ASF/sam0/drivers/port/port.o
 .debug_aranges
                0x000003d0       0x78 src/DC_peripherals.o
 .debug_aranges
                0x00000448       0x20 src/ASF/common2/boards/user_board/init.o
 .debug_aranges
                0x00000468       0x28 src/ASF/common/utils/interrupt/interrupt_sam_nvic.o
 .debug_aranges
                0x00000490       0x70 src/ASF/sam0/drivers/system/clock/clock_samd20/clock.o
 .debug_aranges
                0x00000500       0x80 src/ASF/sam0/drivers/system/clock/clock_samd20/gclk.o
 .debug_aranges
                0x00000580       0x38 src/ASF/sam0/drivers/system/pinmux/pinmux.o
 .debug_aranges
                0x000005b8       0x28 src/ASF/sam0/drivers/system/system.o
 .debug_aranges
                0x000005e0       0x28 src/ASF/sam0/utils/cmsis/samd20/source/gcc/startup_samd20.o
 .debug_aranges
                0x00000608       0x60 src/ASF/sam0/utils/syscalls/gcc/syscalls.o
 .debug_aranges
                0x00000668       0x40 src/main.o

.debug_ranges   0x00000000      0x758
 .debug_ranges  0x00000000       0x90 src/ASF/sam0/drivers/extint/extint_callback.o
 .debug_ranges  0x00000090       0x40 src/ASF/sam0/drivers/extint/extint_sam_d_r_h/extint.o
 .debug_ranges  0x000000d0       0xa0 src/ASF/sam0/drivers/sercom/i2c/i2c_samd20/i2c_master.o
 .debug_ranges  0x00000170       0x70 src/ASF/sam0/drivers/sercom/i2c/i2c_samd20/i2c_master_interrupt.o
 .debug_ranges  0x000001e0       0x50 src/ASF/sam0/drivers/sercom/sercom.o
 .debug_ranges  0x00000230      0x100 src/ASF/sam0/drivers/sercom/usart/usart.o
 .debug_ranges  0x00000330       0x60 src/ASF/sam0/drivers/sercom/usart/usart_interrupt.o
 .debug_ranges  0x00000390       0x50 src/ASF/sam0/drivers/sercom/sercom_interrupt.o
 .debug_ranges  0x000003e0       0x60 src/DC_SERCOM.o
 .debug_ranges  0x00000440       0x50 src/ASF/common2/services/delay/sam0/systick_counter.o
 .debug_ranges  0x00000490       0x18 src/ASF/sam0/drivers/port/port.o
 .debug_ranges  0x000004a8       0xc8 src/DC_peripherals.o
 .debug_ranges  0x00000570       0x10 src/ASF/common2/boards/user_board/init.o
 .debug_ranges  0x00000580       0x18 src/ASF/common/utils/interrupt/interrupt_sam_nvic.o
 .debug_ranges  0x00000598       0x60 src/ASF/sam0/drivers/system/clock/clock_samd20/clock.o
 .debug_ranges  0x000005f8       0x88 src/ASF/sam0/drivers/system/clock/clock_samd20/gclk.o
 .debug_ranges  0x00000680       0x28 src/ASF/sam0/drivers/system/pinmux/pinmux.o
 .debug_ranges  0x000006a8       0x18 src/ASF/sam0/drivers/system/system.o
 .debug_ranges  0x000006c0       0x18 src/ASF/sam0/utils/cmsis/samd20/source/gcc/startup_samd20.o
 .debug_ranges  0x000006d8       0x50 src/ASF/sam0/utils/syscalls/gcc/syscalls.o
 .debug_ranges  0x00000728       0x30 src/main.o

.debug_macro    0x00000000    0x14f73
 .debug_macro   0x00000000      0x4c9 src/ASF/sam0/drivers/extint/extint_callback.o
 .debug_macro   0x000004c9      0x8c2 src/ASF/sam0/drivers/extint/extint_callback.o
 .debug_macro   0x00000d8b      0x16d src/ASF/sam0/drivers/extint/extint_callback.o
 .debug_macro   0x00000ef8      0x6d7 src/ASF/sam0/drivers/extint/extint_callback.o
 .debug_macro   0x000015cf       0x22 src/ASF/sam0/drivers/extint/extint_callback.o
 .debug_macro   0x000015f1       0x87 src/ASF/sam0/drivers/extint/extint_callback.o
 .debug_macro   0x00001678       0x51 src/ASF/sam0/drivers/extint/extint_callback.o
 .debug_macro   0x000016c9       0xef src/ASF/sam0/drivers/extint/extint_callback.o
 .debug_macro   0x000017b8       0x6a src/ASF/sam0/drivers/extint/extint_callback.o
 .debug_macro   0x00001822      0x1df src/ASF/sam0/drivers/extint/extint_callback.o
 .debug_macro   0x00001a01       0x10 src/ASF/sam0/drivers/extint/extint_callback.o
 .debug_macro   0x00001a11       0x76 src/ASF/sam0/drivers/extint/extint_callback.o
 .debug_macro   0x00001a87       0x16 src/ASF/sam0/drivers/extint/extint_callback.o
 .debug_macro   0x00001a9d      0x6db src/ASF/sam0/drivers/extint/extint_callback.o
 .debug_macro   0x00002178      0xdd8 src/ASF/sam0/drivers/extint/extint_callback.o
 .debug_macro   0x00002f50       0x22 src/ASF/sam0/drivers/extint/extint_callback.o
 .debug_macro   0x00002f72       0x40 src/ASF/sam0/drivers/extint/extint_callback.o
 .debug_macro   0x00002fb2       0x3a src/ASF/sam0/drivers/extint/extint_callback.o
 .debug_macro   0x00002fec       0x1f src/ASF/sam0/drivers/extint/extint_callback.o
 .debug_macro   0x0000300b      0x250 src/ASF/sam0/drivers/extint/extint_callback.o
 .debug_macro   0x0000325b      0x682 src/ASF/sam0/drivers/extint/extint_callback.o
 .debug_macro   0x000038dd      0x8b8 src/ASF/sam0/drivers/extint/extint_callback.o
 .debug_macro   0x00004195      0x224 src/ASF/sam0/drivers/extint/extint_callback.o
 .debug_macro   0x000043b9      0x61a src/ASF/sam0/drivers/extint/extint_callback.o
 .debug_macro   0x000049d3      0x9f8 src/ASF/sam0/drivers/extint/extint_callback.o
 .debug_macro   0x000053cb      0x5ca src/ASF/sam0/drivers/extint/extint_callback.o
 .debug_macro   0x00005995      0x4ac src/ASF/sam0/drivers/extint/extint_callback.o
 .debug_macro   0x00005e41      0x743 src/ASF/sam0/drivers/extint/extint_callback.o
 .debug_macro   0x00006584       0x5e src/ASF/sam0/drivers/extint/extint_callback.o
 .debug_macro   0x000065e2      0x5e0 src/ASF/sam0/drivers/extint/extint_callback.o
 .debug_macro   0x00006bc2      0x3b6 src/ASF/sam0/drivers/extint/extint_callback.o
 .debug_macro   0x00006f78      0xc7d src/ASF/sam0/drivers/extint/extint_callback.o
 .debug_macro   0x00007bf5      0xd29 src/ASF/sam0/drivers/extint/extint_callback.o
 .debug_macro   0x0000891e      0x7b3 src/ASF/sam0/drivers/extint/extint_callback.o
 .debug_macro   0x000090d1      0x6ba src/ASF/sam0/drivers/extint/extint_callback.o
 .debug_macro   0x0000978b      0x347 src/ASF/sam0/drivers/extint/extint_callback.o
 .debug_macro   0x00009ad2       0x7c src/ASF/sam0/drivers/extint/extint_callback.o
 .debug_macro   0x00009b4e       0x9a src/ASF/sam0/drivers/extint/extint_callback.o
 .debug_macro   0x00009be8       0x46 src/ASF/sam0/drivers/extint/extint_callback.o
 .debug_macro   0x00009c2e       0xb2 src/ASF/sam0/drivers/extint/extint_callback.o
 .debug_macro   0x00009ce0       0x6a src/ASF/sam0/drivers/extint/extint_callback.o
 .debug_macro   0x00009d4a      0x27d src/ASF/sam0/drivers/extint/extint_callback.o
 .debug_macro   0x00009fc7       0x7c src/ASF/sam0/drivers/extint/extint_callback.o
 .debug_macro   0x0000a043       0xc4 src/ASF/sam0/drivers/extint/extint_callback.o
 .debug_macro   0x0000a107       0x1c src/ASF/sam0/drivers/extint/extint_callback.o
 .debug_macro   0x0000a123       0x1c src/ASF/sam0/drivers/extint/extint_callback.o
 .debug_macro   0x0000a13f       0x1c src/ASF/sam0/drivers/extint/extint_callback.o
 .debug_macro   0x0000a15b       0x82 src/ASF/sam0/drivers/extint/extint_callback.o
 .debug_macro   0x0000a1dd      0x15a src/ASF/sam0/drivers/extint/extint_callback.o
 .debug_macro   0x0000a337       0xdc src/ASF/sam0/drivers/extint/extint_callback.o
 .debug_macro   0x0000a413      0x100 src/ASF/sam0/drivers/extint/extint_callback.o
 .debug_macro   0x0000a513      0x100 src/ASF/sam0/drivers/extint/extint_callback.o
 .debug_macro   0x0000a613      0x100 src/ASF/sam0/drivers/extint/extint_callback.o
 .debug_macro   0x0000a713      0x100 src/ASF/sam0/drivers/extint/extint_callback.o
 .debug_macro   0x0000a813      0x100 src/ASF/sam0/drivers/extint/extint_callback.o
 .debug_macro   0x0000a913      0x100 src/ASF/sam0/drivers/extint/extint_callback.o
 .debug_macro   0x0000aa13       0xfa src/ASF/sam0/drivers/extint/extint_callback.o
 .debug_macro   0x0000ab0d       0xbe src/ASF/sam0/drivers/extint/extint_callback.o
 .debug_macro   0x0000abcb       0xbe src/ASF/sam0/drivers/extint/extint_callback.o
 .debug_macro   0x0000ac89       0xbe src/ASF/sam0/drivers/extint/extint_callback.o
 .debug_macro   0x0000ad47       0xbe src/ASF/sam0/drivers/extint/extint_callback.o
 .debug_macro   0x0000ae05       0xbe src/ASF/sam0/drivers/extint/extint_callback.o
 .debug_macro   0x0000aec3       0xbe src/ASF/sam0/drivers/extint/extint_callback.o
 .debug_macro   0x0000af81       0xbe src/ASF/sam0/drivers/extint/extint_callback.o
 .debug_macro   0x0000b03f       0xbe src/ASF/sam0/drivers/extint/extint_callback.o
 .debug_macro   0x0000b0fd       0x40 src/ASF/sam0/drivers/extint/extint_callback.o
 .debug_macro   0x0000b13d      0x2e3 src/ASF/sam0/drivers/extint/extint_callback.o
 .debug_macro   0x0000b420     0x19ba src/ASF/sam0/drivers/extint/extint_callback.o
 .debug_macro   0x0000cdda       0x4a src/ASF/sam0/drivers/extint/extint_callback.o
 .debug_macro   0x0000ce24       0x58 src/ASF/sam0/drivers/extint/extint_callback.o
 .debug_macro   0x0000ce7c       0x35 src/ASF/sam0/drivers/extint/extint_callback.o
 .debug_macro   0x0000ceb1       0x9c src/ASF/sam0/drivers/extint/extint_callback.o
 .debug_macro   0x0000cf4d       0x16 src/ASF/sam0/drivers/extint/extint_callback.o
 .debug_macro   0x0000cf63       0x35 src/ASF/sam0/drivers/extint/extint_callback.o
 .debug_macro   0x0000cf98      0x353 src/ASF/sam0/drivers/extint/extint_callback.o
 .debug_macro   0x0000d2eb       0x10 src/ASF/sam0/drivers/extint/extint_callback.o
 .debug_macro   0x0000d2fb       0x58 src/ASF/sam0/drivers/extint/extint_callback.o
 .debug_macro   0x0000d353       0x1f src/ASF/sam0/drivers/extint/extint_callback.o
 .debug_macro   0x0000d372       0x43 src/ASF/sam0/drivers/extint/extint_callback.o
 .debug_macro   0x0000d3b5       0x20 src/ASF/sam0/drivers/extint/extint_callback.o
 .debug_macro   0x0000d3d5      0x187 src/ASF/sam0/drivers/extint/extint_callback.o
 .debug_macro   0x0000d55c       0x10 src/ASF/sam0/drivers/extint/extint_callback.o
 .debug_macro   0x0000d56c       0x1c src/ASF/sam0/drivers/extint/extint_callback.o
 .debug_macro   0x0000d588       0x52 src/ASF/sam0/drivers/extint/extint_callback.o
 .debug_macro   0x0000d5da       0x40 src/ASF/sam0/drivers/extint/extint_callback.o
 .debug_macro   0x0000d61a       0x10 src/ASF/sam0/drivers/extint/extint_callback.o
 .debug_macro   0x0000d62a       0x40 src/ASF/sam0/drivers/extint/extint_callback.o
 .debug_macro   0x0000d66a       0xd7 src/ASF/sam0/drivers/extint/extint_callback.o
 .debug_macro   0x0000d741       0x16 src/ASF/sam0/drivers/extint/extint_callback.o
 .debug_macro   0x0000d757      0x18b src/ASF/sam0/drivers/extint/extint_callback.o
 .debug_macro   0x0000d8e2       0x16 src/ASF/sam0/drivers/extint/extint_callback.o
 .debug_macro   0x0000d8f8       0x16 src/ASF/sam0/drivers/extint/extint_callback.o
 .debug_macro   0x0000d90e       0x29 src/ASF/sam0/drivers/extint/extint_callback.o
 .debug_macro   0x0000d937       0x51 src/ASF/sam0/drivers/extint/extint_callback.o
 .debug_macro   0x0000d988       0x3e src/ASF/sam0/drivers/extint/extint_callback.o
 .debug_macro   0x0000d9c6      0x3df src/ASF/sam0/drivers/extint/extint_callback.o
 .debug_macro   0x0000dda5       0x11 src/ASF/sam0/drivers/extint/extint_callback.o
 .debug_macro   0x0000ddb6       0x12 src/ASF/sam0/drivers/extint/extint_callback.o
 .debug_macro   0x0000ddc8      0x524 src/ASF/sam0/drivers/extint/extint_sam_d_r_h/extint.o
 .debug_macro   0x0000e2ec       0x16 src/ASF/sam0/drivers/extint/extint_sam_d_r_h/extint.o
 .debug_macro   0x0000e302       0x2e src/ASF/sam0/drivers/extint/extint_sam_d_r_h/extint.o
 .debug_macro   0x0000e330       0x18 src/ASF/sam0/drivers/extint/extint_sam_d_r_h/extint.o
 .debug_macro   0x0000e348       0x16 src/ASF/sam0/drivers/extint/extint_sam_d_r_h/extint.o
 .debug_macro   0x0000e35e      0x54f src/ASF/sam0/drivers/sercom/i2c/i2c_samd20/i2c_master.o
 .debug_macro   0x0000e8ad       0xb2 src/ASF/sam0/drivers/sercom/i2c/i2c_samd20/i2c_master.o
 .debug_macro   0x0000e95f       0x10 src/ASF/sam0/drivers/sercom/i2c/i2c_samd20/i2c_master.o
 .debug_macro   0x0000e96f      0x54b src/ASF/sam0/drivers/sercom/i2c/i2c_samd20/i2c_master_interrupt.o
 .debug_macro   0x0000eeba      0x532 src/ASF/sam0/drivers/sercom/sercom.o
 .debug_macro   0x0000f3ec      0x543 src/ASF/sam0/drivers/sercom/usart/usart.o
 .debug_macro   0x0000f92f       0x19 src/ASF/sam0/drivers/sercom/usart/usart.o
 .debug_macro   0x0000f948      0x543 src/ASF/sam0/drivers/sercom/usart/usart_interrupt.o
 .debug_macro   0x0000fe8b      0x52f src/ASF/sam0/drivers/sercom/sercom_interrupt.o
 .debug_macro   0x000103ba      0x63b src/DC_SERCOM.o
 .debug_macro   0x000109f5       0xb8 src/DC_SERCOM.o
 .debug_macro   0x00010aad       0x16 src/DC_SERCOM.o
 .debug_macro   0x00010ac3       0x16 src/DC_SERCOM.o
 .debug_macro   0x00010ad9      0x2c3 src/DC_SERCOM.o
 .debug_macro   0x00010d9c       0x18 src/DC_SERCOM.o
 .debug_macro   0x00010db4       0x18 src/DC_SERCOM.o
 .debug_macro   0x00010dcc       0x52 src/DC_SERCOM.o
 .debug_macro   0x00010e1e       0xe8 src/DC_SERCOM.o
 .debug_macro   0x00010f06       0x16 src/DC_SERCOM.o
 .debug_macro   0x00010f1c       0x1c src/DC_SERCOM.o
 .debug_macro   0x00010f38      0x4e0 src/ASF/common2/services/delay/sam0/systick_counter.o
 .debug_macro   0x00011418      0x4be src/ASF/sam0/drivers/port/port.o
 .debug_macro   0x000118d6       0x12 src/ASF/sam0/drivers/port/port.o
 .debug_macro   0x000118e8      0x63b src/DC_peripherals.o
 .debug_macro   0x00011f23      0x5dc src/ASF/common2/boards/user_board/init.o
 .debug_macro   0x000124ff      0x4a4 src/ASF/common/utils/interrupt/interrupt_sam_nvic.o
 .debug_macro   0x000129a3      0x5b9 src/ASF/sam0/drivers/system/clock/clock_samd20/clock.o
 .debug_macro   0x00012f5c      0x213 src/ASF/sam0/drivers/system/clock/clock_samd20/clock.o
 .debug_macro   0x0001316f      0x4db src/ASF/sam0/drivers/system/clock/clock_samd20/gclk.o
 .debug_macro   0x0001364a      0x4b6 src/ASF/sam0/drivers/system/pinmux/pinmux.o
 .debug_macro   0x00013b00      0x4e8 src/ASF/sam0/drivers/system/system.o
 .debug_macro   0x00013fe8      0x28b src/ASF/sam0/utils/cmsis/samd20/source/gcc/startup_samd20.o
 .debug_macro   0x00014273       0x3a src/ASF/sam0/utils/cmsis/samd20/source/gcc/startup_samd20.o
 .debug_macro   0x000142ad      0x1d6 src/ASF/sam0/utils/syscalls/gcc/syscalls.o
 .debug_macro   0x00014483       0x52 src/ASF/sam0/utils/syscalls/gcc/syscalls.o
 .debug_macro   0x000144d5       0x8d src/ASF/sam0/utils/syscalls/gcc/syscalls.o
 .debug_macro   0x00014562       0x57 src/ASF/sam0/utils/syscalls/gcc/syscalls.o
 .debug_macro   0x000145b9       0x97 src/ASF/sam0/utils/syscalls/gcc/syscalls.o
 .debug_macro   0x00014650       0xf6 src/ASF/sam0/utils/syscalls/gcc/syscalls.o
 .debug_macro   0x00014746       0x4c src/ASF/sam0/utils/syscalls/gcc/syscalls.o
 .debug_macro   0x00014792       0x16 src/ASF/sam0/utils/syscalls/gcc/syscalls.o
 .debug_macro   0x000147a8       0x10 src/ASF/sam0/utils/syscalls/gcc/syscalls.o
 .debug_macro   0x000147b8       0x10 src/ASF/sam0/utils/syscalls/gcc/syscalls.o
 .debug_macro   0x000147c8       0x35 src/ASF/sam0/utils/syscalls/gcc/syscalls.o
 .debug_macro   0x000147fd      0x122 src/ASF/sam0/utils/syscalls/gcc/syscalls.o
 .debug_macro   0x0001491f      0x632 src/main.o
 .debug_macro   0x00014f51       0x22 src/main.o

.debug_line     0x00000000     0xe310
 .debug_line    0x00000000      0x966 src/ASF/sam0/drivers/extint/extint_callback.o
 .debug_line    0x00000966      0xbbb src/ASF/sam0/drivers/extint/extint_sam_d_r_h/extint.o
 .debug_line    0x00001521      0xd6b src/ASF/sam0/drivers/sercom/i2c/i2c_samd20/i2c_master.o
 .debug_line    0x0000228c      0xd08 src/ASF/sam0/drivers/sercom/i2c/i2c_samd20/i2c_master_interrupt.o
 .debug_line    0x00002f94      0xb5e src/ASF/sam0/drivers/sercom/sercom.o
 .debug_line    0x00003af2      0xc7e src/ASF/sam0/drivers/sercom/usart/usart.o
 .debug_line    0x00004770      0xc35 src/ASF/sam0/drivers/sercom/usart/usart_interrupt.o
 .debug_line    0x000053a5      0xb02 src/ASF/sam0/drivers/sercom/sercom_interrupt.o
 .debug_line    0x00005ea7      0xe3b src/DC_SERCOM.o
 .debug_line    0x00006ce2      0x94f src/ASF/common2/services/delay/sam0/systick_counter.o
 .debug_line    0x00007631      0x890 src/ASF/sam0/drivers/port/port.o
 .debug_line    0x00007ec1      0xe79 src/DC_peripherals.o
 .debug_line    0x00008d3a      0xc50 src/ASF/common2/boards/user_board/init.o
 .debug_line    0x0000998a      0x863 src/ASF/common/utils/interrupt/interrupt_sam_nvic.o
 .debug_line    0x0000a1ed      0xba5 src/ASF/sam0/drivers/system/clock/clock_samd20/clock.o
 .debug_line    0x0000ad92      0xc01 src/ASF/sam0/drivers/system/clock/clock_samd20/gclk.o
 .debug_line    0x0000b993      0x8c0 src/ASF/sam0/drivers/system/pinmux/pinmux.o
 .debug_line    0x0000c253      0x97c src/ASF/sam0/drivers/system/system.o
 .debug_line    0x0000cbcf      0x5dc src/ASF/sam0/utils/cmsis/samd20/source/gcc/startup_samd20.o
 .debug_line    0x0000d1ab      0x409 src/ASF/sam0/utils/syscalls/gcc/syscalls.o
 .debug_line    0x0000d5b4      0xd5c src/main.o

.debug_str      0x00000000    0x611a0
 .debug_str     0x00000000    0x58d8a src/ASF/sam0/drivers/extint/extint_callback.o
                              0x59314 (size before relaxing)
 .debug_str     0x00058d8a     0x1023 src/ASF/sam0/drivers/extint/extint_sam_d_r_h/extint.o
                              0x5a269 (size before relaxing)
 .debug_str     0x00059dad     0x1423 src/ASF/sam0/drivers/sercom/i2c/i2c_samd20/i2c_master.o
                              0x5adb4 (size before relaxing)
 .debug_str     0x0005b1d0      0x258 src/ASF/sam0/drivers/sercom/i2c/i2c_samd20/i2c_master_interrupt.o
                              0x59e93 (size before relaxing)
 .debug_str     0x0005b428      0x358 src/ASF/sam0/drivers/sercom/sercom.o
                              0x5a03c (size before relaxing)
 .debug_str     0x0005b780      0x5cc src/ASF/sam0/drivers/sercom/usart/usart.o
                              0x5aa3c (size before relaxing)
 .debug_str     0x0005bd4c      0x18a src/ASF/sam0/drivers/sercom/usart/usart_interrupt.o
                              0x59eda (size before relaxing)
 .debug_str     0x0005bed6      0x158 src/ASF/sam0/drivers/sercom/sercom_interrupt.o
                              0x59e75 (size before relaxing)
 .debug_str     0x0005c02e     0x1784 src/DC_SERCOM.o
                              0x5c37a (size before relaxing)
 .debug_str     0x0005d7b2       0xbc src/ASF/common2/services/delay/sam0/systick_counter.o
                              0x58d08 (size before relaxing)
 .debug_str     0x0005d86e      0x118 src/ASF/sam0/drivers/port/port.o
                              0x58f19 (size before relaxing)
 .debug_str     0x0005d986      0x276 src/DC_peripherals.o
                              0x5bf48 (size before relaxing)
 .debug_str     0x0005dbfc       0x3e src/ASF/common2/boards/user_board/init.o
                              0x5a09b (size before relaxing)
 .debug_str     0x0005dc3a       0x53 src/ASF/common/utils/interrupt/interrupt_sam_nvic.o
                              0x58b13 (size before relaxing)
 .debug_str     0x0005dc8d     0x26c5 src/ASF/sam0/drivers/system/clock/clock_samd20/clock.o
                              0x5bd4f (size before relaxing)
 .debug_str     0x00060352      0x1b7 src/ASF/sam0/drivers/system/clock/clock_samd20/gclk.o
                              0x59746 (size before relaxing)
 .debug_str     0x00060509       0xf4 src/ASF/sam0/drivers/system/pinmux/pinmux.o
                              0x58f0a (size before relaxing)
 .debug_str     0x000605fd       0x47 src/ASF/sam0/drivers/system/system.o
                              0x58baf (size before relaxing)
 .debug_str     0x00060644      0x362 src/ASF/sam0/utils/cmsis/samd20/source/gcc/startup_samd20.o
                              0x4335c (size before relaxing)
 .debug_str     0x000609a6      0x75b src/ASF/sam0/utils/syscalls/gcc/syscalls.o
                               0x73e9 (size before relaxing)
 .debug_str     0x00061101       0x9f src/main.o
                              0x5ba7a (size before relaxing)

.debug_frame    0x00000000     0x1308
 .debug_frame   0x00000000       0x7c src/ASF/sam0/drivers/extint/extint_callback.o
 .debug_frame   0x0000007c       0xb8 src/ASF/sam0/drivers/extint/extint_sam_d_r_h/extint.o
 .debug_frame   0x00000134      0x1d4 src/ASF/sam0/drivers/sercom/i2c/i2c_samd20/i2c_master.o
 .debug_frame   0x00000308      0x134 src/ASF/sam0/drivers/sercom/i2c/i2c_samd20/i2c_master_interrupt.o
 .debug_frame   0x0000043c       0xbc src/ASF/sam0/drivers/sercom/sercom.o
 .debug_frame   0x000004f8       0xac src/ASF/sam0/drivers/sercom/usart/usart.o
 .debug_frame   0x000005a4      0x110 src/ASF/sam0/drivers/sercom/usart/usart_interrupt.o
 .debug_frame   0x000006b4       0xe8 src/ASF/sam0/drivers/sercom/sercom_interrupt.o
 .debug_frame   0x0000079c      0x140 src/DC_SERCOM.o
 .debug_frame   0x000008dc       0x64 src/ASF/common2/services/delay/sam0/systick_counter.o
 .debug_frame   0x00000940       0x44 src/ASF/sam0/drivers/port/port.o
 .debug_frame   0x00000984      0x12c src/DC_peripherals.o
 .debug_frame   0x00000ab0       0x20 src/ASF/common2/boards/user_board/init.o
 .debug_frame   0x00000ad0       0x30 src/ASF/common/utils/interrupt/interrupt_sam_nvic.o
 .debug_frame   0x00000b00      0x12c src/ASF/sam0/drivers/system/clock/clock_samd20/clock.o
 .debug_frame   0x00000c2c      0x148 src/ASF/sam0/drivers/system/clock/clock_samd20/gclk.o
 .debug_frame   0x00000d74       0x74 src/ASF/sam0/drivers/system/pinmux/pinmux.o
 .debug_frame   0x00000de8       0x38 src/ASF/sam0/drivers/system/system.o
 .debug_frame   0x00000e20       0x38 src/ASF/sam0/utils/cmsis/samd20/source/gcc/startup_samd20.o
 .debug_frame   0x00000e58       0xa0 src/ASF/sam0/utils/syscalls/gcc/syscalls.o
 .debug_frame   0x00000ef8       0x9c src/main.o
 .debug_frame   0x00000f94       0x20 c:/program files (x86)/atmel/studio/7.0/toolchain/arm/arm-gnu-toolchain/bin/../lib/gcc/arm-none-eabi/6.3.1/thumb/v6-m\libgcc.a(_udivsi3.o)
 .debug_frame   0x00000fb4       0x34 c:/program files (x86)/atmel/studio/7.0/toolchain/arm/arm-gnu-toolchain/bin/../lib/gcc/arm-none-eabi/6.3.1/thumb/v6-m\libgcc.a(_muldi3.o)
 .debug_frame   0x00000fe8       0x2c c:/program files (x86)/atmel/studio/7.0/toolchain/arm/arm-gnu-toolchain/bin/../lib/gcc/arm-none-eabi/6.3.1/../../../../arm-none-eabi/lib/thumb/v6-m\libc_nano.a(lib_a-init.o)
 .debug_frame   0x00001014       0x20 c:/program files (x86)/atmel/studio/7.0/toolchain/arm/arm-gnu-toolchain/bin/../lib/gcc/arm-none-eabi/6.3.1/../../../../arm-none-eabi/lib/thumb/v6-m\libc_nano.a(lib_a-memset.o)
 .debug_frame   0x00001034       0x50 c:/program files (x86)/atmel/studio/7.0/toolchain/arm/arm-gnu-toolchain/bin/../lib/gcc/arm-none-eabi/6.3.1/../../../../arm-none-eabi/lib/thumb/v6-m\libc_nano.a(lib_a-sprintf.o)
 .debug_frame   0x00001084       0x74 c:/program files (x86)/atmel/studio/7.0/toolchain/arm/arm-gnu-toolchain/bin/../lib/gcc/arm-none-eabi/6.3.1/../../../../arm-none-eabi/lib/thumb/v6-m\libc_nano.a(lib_a-nano-svfprintf.o)
 .debug_frame   0x000010f8       0x54 c:/program files (x86)/atmel/studio/7.0/toolchain/arm/arm-gnu-toolchain/bin/../lib/gcc/arm-none-eabi/6.3.1/../../../../arm-none-eabi/lib/thumb/v6-m\libc_nano.a(lib_a-nano-vfprintf_i.o)
 .debug_frame   0x0000114c       0x20 c:/program files (x86)/atmel/studio/7.0/toolchain/arm/arm-gnu-toolchain/bin/../lib/gcc/arm-none-eabi/6.3.1/../../../../arm-none-eabi/lib/thumb/v6-m\libc_nano.a(lib_a-memchr-stub.o)
 .debug_frame   0x0000116c       0x28 c:/program files (x86)/atmel/studio/7.0/toolchain/arm/arm-gnu-toolchain/bin/../lib/gcc/arm-none-eabi/6.3.1/../../../../arm-none-eabi/lib/thumb/v6-m\libc_nano.a(lib_a-memcpy-stub.o)
 .debug_frame   0x00001194       0x28 c:/program files (x86)/atmel/studio/7.0/toolchain/arm/arm-gnu-toolchain/bin/../lib/gcc/arm-none-eabi/6.3.1/../../../../arm-none-eabi/lib/thumb/v6-m\libc_nano.a(lib_a-memmove.o)
 .debug_frame   0x000011bc       0x2c c:/program files (x86)/atmel/studio/7.0/toolchain/arm/arm-gnu-toolchain/bin/../lib/gcc/arm-none-eabi/6.3.1/../../../../arm-none-eabi/lib/thumb/v6-m\libc_nano.a(lib_a-nano-freer.o)
 .debug_frame   0x000011e8       0x2c c:/program files (x86)/atmel/studio/7.0/toolchain/arm/arm-gnu-toolchain/bin/../lib/gcc/arm-none-eabi/6.3.1/../../../../arm-none-eabi/lib/thumb/v6-m\libc_nano.a(lib_a-nano-mallocr.o)
 .debug_frame   0x00001214       0x30 c:/program files (x86)/atmel/studio/7.0/toolchain/arm/arm-gnu-toolchain/bin/../lib/gcc/arm-none-eabi/6.3.1/../../../../arm-none-eabi/lib/thumb/v6-m\libc_nano.a(lib_a-nano-reallocr.o)
 .debug_frame   0x00001244       0x2c c:/program files (x86)/atmel/studio/7.0/toolchain/arm/arm-gnu-toolchain/bin/../lib/gcc/arm-none-eabi/6.3.1/../../../../arm-none-eabi/lib/thumb/v6-m\libc_nano.a(lib_a-sbrkr.o)
 .debug_frame   0x00001270       0x30 c:/program files (x86)/atmel/studio/7.0/toolchain/arm/arm-gnu-toolchain/bin/../lib/gcc/arm-none-eabi/6.3.1/../../../../arm-none-eabi/lib/thumb/v6-m\libc_nano.a(lib_a-mlock.o)
 .debug_frame   0x000012a0       0x20 c:/program files (x86)/atmel/studio/7.0/toolchain/arm/arm-gnu-toolchain/bin/../lib/gcc/arm-none-eabi/6.3.1/../../../../arm-none-eabi/lib/thumb/v6-m\libc_nano.a(lib_a-nano-msizer.o)
 .debug_frame   0x000012c0       0x48 c:/program files (x86)/atmel/studio/7.0/toolchain/arm/arm-gnu-toolchain/bin/../lib/gcc/arm-none-eabi/6.3.1/../../../../arm-none-eabi/lib/thumb/v6-m\libc_nano.a(lib_a-reent.o)

Cross Reference Table

Symbol                                            File
AC_Handler                                        src/ASF/sam0/utils/cmsis/samd20/source/gcc/startup_samd20.o
ADC_Handler                                       src/ASF/sam0/utils/cmsis/samd20/source/gcc/startup_samd20.o
DAC_Handler                                       src/ASF/sam0/utils/cmsis/samd20/source/gcc/startup_samd20.o
Dummy_Handler                                     src/ASF/sam0/utils/cmsis/samd20/source/gcc/startup_samd20.o
EIC_Handler                                       src/ASF/sam0/drivers/extint/extint_callback.o
EVSYS_Handler                                     src/ASF/sam0/utils/cmsis/samd20/source/gcc/startup_samd20.o
HardFault_Handler                                 src/ASF/sam0/utils/cmsis/samd20/source/gcc/startup_samd20.o
NMI_Handler                                       src/ASF/sam0/utils/cmsis/samd20/source/gcc/startup_samd20.o
NVMCTRL_Handler                                   src/ASF/sam0/utils/cmsis/samd20/source/gcc/startup_samd20.o
PM_Handler                                        src/ASF/sam0/utils/cmsis/samd20/source/gcc/startup_samd20.o
PTC_Handler                                       src/ASF/sam0/utils/cmsis/samd20/source/gcc/startup_samd20.o
PendSV_Handler                                    src/ASF/sam0/utils/cmsis/samd20/source/gcc/startup_samd20.o
RTC_Handler                                       src/ASF/sam0/utils/cmsis/samd20/source/gcc/startup_samd20.o
Reset_Handler                                     src/ASF/sam0/utils/cmsis/samd20/source/gcc/startup_samd20.o
SERCOM0_Handler                                   src/ASF/sam0/drivers/sercom/sercom_interrupt.o
SERCOM1_Handler                                   src/ASF/sam0/drivers/sercom/sercom_interrupt.o
SERCOM2_Handler                                   src/ASF/sam0/drivers/sercom/sercom_interrupt.o
SERCOM3_Handler                                   src/ASF/sam0/drivers/sercom/sercom_interrupt.o
SERCOM4_Handler                                   src/ASF/sam0/drivers/sercom/sercom_interrupt.o
SERCOM5_Handler                                   src/ASF/sam0/drivers/sercom/sercom_interrupt.o
SVC_Handler                                       src/ASF/sam0/utils/cmsis/samd20/source/gcc/startup_samd20.o
SYSCTRL_Handler                                   src/ASF/sam0/utils/cmsis/samd20/source/gcc/startup_samd20.o
SysTick_Handler                                   src/main.o
                                                  src/ASF/sam0/utils/cmsis/samd20/source/gcc/startup_samd20.o
SystemCoreClock                                   src/ASF/sam0/utils/cmsis/samd20/source/system_samd20.o
SystemCoreClockUpdate                             src/ASF/sam0/utils/cmsis/samd20/source/system_samd20.o
SystemInit                                        src/ASF/sam0/utils/cmsis/samd20/source/system_samd20.o
TC0_Handler                                       src/ASF/sam0/utils/cmsis/samd20/source/gcc/startup_samd20.o
TC1_Handler                                       src/ASF/sam0/utils/cmsis/samd20/source/gcc/startup_samd20.o
TC2_Handler                                       src/ASF/sam0/utils/cmsis/samd20/source/gcc/startup_samd20.o
TC3_Handler                                       src/ASF/sam0/utils/cmsis/samd20/source/gcc/startup_samd20.o
TC4_Handler                                       src/ASF/sam0/utils/cmsis/samd20/source/gcc/startup_samd20.o
TC5_Handler                                       src/ASF/sam0/utils/cmsis/samd20/source/gcc/startup_samd20.o
TC6_Handler                                       src/ASF/sam0/utils/cmsis/samd20/source/gcc/startup_samd20.o
TC7_Handler                                       src/ASF/sam0/utils/cmsis/samd20/source/gcc/startup_samd20.o
WDT_Handler                                       src/ASF/sam0/utils/cmsis/samd20/source/gcc/startup_samd20.o
_Jv_RegisterClasses                               c:/program files (x86)/atmel/studio/7.0/toolchain/arm/arm-gnu-toolchain/bin/../lib/gcc/arm-none-eabi/6.3.1/thumb/v6-m/crtbegin.o
__aeabi_idiv0                                     c:/program files (x86)/atmel/studio/7.0/toolchain/arm/arm-gnu-toolchain/bin/../lib/gcc/arm-none-eabi/6.3.1/thumb/v6-m\libgcc.a(_dvmd_tls.o)
                                                  c:/program files (x86)/atmel/studio/7.0/toolchain/arm/arm-gnu-toolchain/bin/../lib/gcc/arm-none-eabi/6.3.1/thumb/v6-m\libgcc.a(_udivsi3.o)
__aeabi_ldiv0                                     c:/program files (x86)/atmel/studio/7.0/toolchain/arm/arm-gnu-toolchain/bin/../lib/gcc/arm-none-eabi/6.3.1/thumb/v6-m\libgcc.a(_dvmd_tls.o)
__aeabi_lmul                                      c:/program files (x86)/atmel/studio/7.0/toolchain/arm/arm-gnu-toolchain/bin/../lib/gcc/arm-none-eabi/6.3.1/thumb/v6-m\libgcc.a(_muldi3.o)
                                                  src/ASF/sam0/drivers/sercom/sercom.o
__aeabi_uidiv                                     c:/program files (x86)/atmel/studio/7.0/toolchain/arm/arm-gnu-toolchain/bin/../lib/gcc/arm-none-eabi/6.3.1/thumb/v6-m\libgcc.a(_udivsi3.o)
                                                  c:/program files (x86)/atmel/studio/7.0/toolchain/arm/arm-gnu-toolchain/bin/../lib/gcc/arm-none-eabi/6.3.1/../../../../arm-none-eabi/lib/thumb/v6-m\libc_nano.a(lib_a-nano-vfprintf_i.o)
                                                  src/ASF/sam0/drivers/system/clock/clock_samd20/gclk.o
                                                  src/ASF/common2/services/delay/sam0/systick_counter.o
                                                  src/ASF/sam0/drivers/sercom/i2c/i2c_samd20/i2c_master.o
__aeabi_uidivmod                                  c:/program files (x86)/atmel/studio/7.0/toolchain/arm/arm-gnu-toolchain/bin/../lib/gcc/arm-none-eabi/6.3.1/thumb/v6-m\libgcc.a(_udivsi3.o)
                                                  c:/program files (x86)/atmel/studio/7.0/toolchain/arm/arm-gnu-toolchain/bin/../lib/gcc/arm-none-eabi/6.3.1/../../../../arm-none-eabi/lib/thumb/v6-m\libc_nano.a(lib_a-nano-vfprintf_i.o)
__bss_end__                                       c:/program files (x86)/atmel/studio/7.0/toolchain/arm/arm-gnu-toolchain/bin/../lib/gcc/arm-none-eabi/6.3.1/../../../../arm-none-eabi/lib/thumb/v6-m/crt0.o
__bss_start__                                     c:/program files (x86)/atmel/studio/7.0/toolchain/arm/arm-gnu-toolchain/bin/../lib/gcc/arm-none-eabi/6.3.1/../../../../arm-none-eabi/lib/thumb/v6-m/crt0.o
__call_exitprocs                                  c:/program files (x86)/atmel/studio/7.0/toolchain/arm/arm-gnu-toolchain/bin/../lib/gcc/arm-none-eabi/6.3.1/../../../../arm-none-eabi/lib/thumb/v6-m\libc_nano.a(lib_a-exit.o)
__deregister_frame_info                           c:/program files (x86)/atmel/studio/7.0/toolchain/arm/arm-gnu-toolchain/bin/../lib/gcc/arm-none-eabi/6.3.1/thumb/v6-m/crtbegin.o
__dso_handle                                      c:/program files (x86)/atmel/studio/7.0/toolchain/arm/arm-gnu-toolchain/bin/../lib/gcc/arm-none-eabi/6.3.1/thumb/v6-m/crtbegin.o
__init_array_end                                  c:/program files (x86)/atmel/studio/7.0/toolchain/arm/arm-gnu-toolchain/bin/../lib/gcc/arm-none-eabi/6.3.1/../../../../arm-none-eabi/lib/thumb/v6-m\libc_nano.a(lib_a-init.o)
__init_array_start                                c:/program files (x86)/atmel/studio/7.0/toolchain/arm/arm-gnu-toolchain/bin/../lib/gcc/arm-none-eabi/6.3.1/../../../../arm-none-eabi/lib/thumb/v6-m\libc_nano.a(lib_a-init.o)
__libc_fini_array                                 c:/program files (x86)/atmel/studio/7.0/toolchain/arm/arm-gnu-toolchain/bin/../lib/gcc/arm-none-eabi/6.3.1/../../../../arm-none-eabi/lib/thumb/v6-m/crt0.o
__libc_init_array                                 c:/program files (x86)/atmel/studio/7.0/toolchain/arm/arm-gnu-toolchain/bin/../lib/gcc/arm-none-eabi/6.3.1/../../../../arm-none-eabi/lib/thumb/v6-m\libc_nano.a(lib_a-init.o)
                                                  src/ASF/sam0/utils/cmsis/samd20/source/gcc/startup_samd20.o
                                                  c:/program files (x86)/atmel/studio/7.0/toolchain/arm/arm-gnu-toolchain/bin/../lib/gcc/arm-none-eabi/6.3.1/../../../../arm-none-eabi/lib/thumb/v6-m/crt0.o
__malloc_free_list                                c:/program files (x86)/atmel/studio/7.0/toolchain/arm/arm-gnu-toolchain/bin/../lib/gcc/arm-none-eabi/6.3.1/../../../../arm-none-eabi/lib/thumb/v6-m\libc_nano.a(lib_a-nano-mallocr.o)
                                                  c:/program files (x86)/atmel/studio/7.0/toolchain/arm/arm-gnu-toolchain/bin/../lib/gcc/arm-none-eabi/6.3.1/../../../../arm-none-eabi/lib/thumb/v6-m\libc_nano.a(lib_a-nano-freer.o)
__malloc_lock                                     c:/program files (x86)/atmel/studio/7.0/toolchain/arm/arm-gnu-toolchain/bin/../lib/gcc/arm-none-eabi/6.3.1/../../../../arm-none-eabi/lib/thumb/v6-m\libc_nano.a(lib_a-mlock.o)
                                                  c:/program files (x86)/atmel/studio/7.0/toolchain/arm/arm-gnu-toolchain/bin/../lib/gcc/arm-none-eabi/6.3.1/../../../../arm-none-eabi/lib/thumb/v6-m\libc_nano.a(lib_a-nano-mallocr.o)
                                                  c:/program files (x86)/atmel/studio/7.0/toolchain/arm/arm-gnu-toolchain/bin/../lib/gcc/arm-none-eabi/6.3.1/../../../../arm-none-eabi/lib/thumb/v6-m\libc_nano.a(lib_a-nano-freer.o)
__malloc_sbrk_start                               c:/program files (x86)/atmel/studio/7.0/toolchain/arm/arm-gnu-toolchain/bin/../lib/gcc/arm-none-eabi/6.3.1/../../../../arm-none-eabi/lib/thumb/v6-m\libc_nano.a(lib_a-nano-mallocr.o)
__malloc_unlock                                   c:/program files (x86)/atmel/studio/7.0/toolchain/arm/arm-gnu-toolchain/bin/../lib/gcc/arm-none-eabi/6.3.1/../../../../arm-none-eabi/lib/thumb/v6-m\libc_nano.a(lib_a-mlock.o)
                                                  c:/program files (x86)/atmel/studio/7.0/toolchain/arm/arm-gnu-toolchain/bin/../lib/gcc/arm-none-eabi/6.3.1/../../../../arm-none-eabi/lib/thumb/v6-m\libc_nano.a(lib_a-nano-mallocr.o)
                                                  c:/program files (x86)/atmel/studio/7.0/toolchain/arm/arm-gnu-toolchain/bin/../lib/gcc/arm-none-eabi/6.3.1/../../../../arm-none-eabi/lib/thumb/v6-m\libc_nano.a(lib_a-nano-freer.o)
__muldi3                                          c:/program files (x86)/atmel/studio/7.0/toolchain/arm/arm-gnu-toolchain/bin/../lib/gcc/arm-none-eabi/6.3.1/thumb/v6-m\libgcc.a(_muldi3.o)
__preinit_array_end                               c:/program files (x86)/atmel/studio/7.0/toolchain/arm/arm-gnu-toolchain/bin/../lib/gcc/arm-none-eabi/6.3.1/../../../../arm-none-eabi/lib/thumb/v6-m\libc_nano.a(lib_a-init.o)
__preinit_array_start                             c:/program files (x86)/atmel/studio/7.0/toolchain/arm/arm-gnu-toolchain/bin/../lib/gcc/arm-none-eabi/6.3.1/../../../../arm-none-eabi/lib/thumb/v6-m\libc_nano.a(lib_a-init.o)
__register_frame_info                             c:/program files (x86)/atmel/studio/7.0/toolchain/arm/arm-gnu-toolchain/bin/../lib/gcc/arm-none-eabi/6.3.1/thumb/v6-m/crtbegin.o
__sf_fake_stderr                                  c:/program files (x86)/atmel/studio/7.0/toolchain/arm/arm-gnu-toolchain/bin/../lib/gcc/arm-none-eabi/6.3.1/../../../../arm-none-eabi/lib/thumb/v6-m\libc_nano.a(lib_a-impure.o)
__sf_fake_stdin                                   c:/program files (x86)/atmel/studio/7.0/toolchain/arm/arm-gnu-toolchain/bin/../lib/gcc/arm-none-eabi/6.3.1/../../../../arm-none-eabi/lib/thumb/v6-m\libc_nano.a(lib_a-impure.o)
__sf_fake_stdout                                  c:/program files (x86)/atmel/studio/7.0/toolchain/arm/arm-gnu-toolchain/bin/../lib/gcc/arm-none-eabi/6.3.1/../../../../arm-none-eabi/lib/thumb/v6-m\libc_nano.a(lib_a-impure.o)
__ssprint_r                                       c:/program files (x86)/atmel/studio/7.0/toolchain/arm/arm-gnu-toolchain/bin/../lib/gcc/arm-none-eabi/6.3.1/../../../../arm-none-eabi/lib/thumb/v6-m\libc_nano.a(lib_a-nano-svfprintf.o)
__ssputs_r                                        c:/program files (x86)/atmel/studio/7.0/toolchain/arm/arm-gnu-toolchain/bin/../lib/gcc/arm-none-eabi/6.3.1/../../../../arm-none-eabi/lib/thumb/v6-m\libc_nano.a(lib_a-nano-svfprintf.o)
__stack                                           c:/program files (x86)/atmel/studio/7.0/toolchain/arm/arm-gnu-toolchain/bin/../lib/gcc/arm-none-eabi/6.3.1/../../../../arm-none-eabi/lib/thumb/v6-m/crt0.o
__udivsi3                                         c:/program files (x86)/atmel/studio/7.0/toolchain/arm/arm-gnu-toolchain/bin/../lib/gcc/arm-none-eabi/6.3.1/thumb/v6-m\libgcc.a(_udivsi3.o)
_close                                            src/ASF/sam0/utils/syscalls/gcc/syscalls.o
_current_channel                                  src/ASF/sam0/drivers/extint/extint_callback.o
_end                                              src/ASF/sam0/utils/syscalls/gcc/syscalls.o
_erelocate                                        src/ASF/sam0/utils/cmsis/samd20/source/gcc/startup_samd20.o
_estack                                           src/ASF/sam0/utils/cmsis/samd20/source/gcc/startup_samd20.o
_etext                                            src/ASF/sam0/utils/cmsis/samd20/source/gcc/startup_samd20.o
_exit                                             src/ASF/sam0/utils/syscalls/gcc/syscalls.o
                                                  c:/program files (x86)/atmel/studio/7.0/toolchain/arm/arm-gnu-toolchain/bin/../lib/gcc/arm-none-eabi/6.3.1/../../../../arm-none-eabi/lib/thumb/v6-m\libc_nano.a(lib_a-exit.o)
_extint_dev                                       src/ASF/sam0/drivers/extint/extint_sam_d_r_h/extint.o
                                                  src/ASF/sam0/drivers/extint/extint_callback.o
_ezero                                            src/ASF/sam0/utils/cmsis/samd20/source/gcc/startup_samd20.o
_fini                                             c:/program files (x86)/atmel/studio/7.0/toolchain/arm/arm-gnu-toolchain/bin/../lib/gcc/arm-none-eabi/6.3.1/thumb/v6-m/crti.o
_free_r                                           c:/program files (x86)/atmel/studio/7.0/toolchain/arm/arm-gnu-toolchain/bin/../lib/gcc/arm-none-eabi/6.3.1/../../../../arm-none-eabi/lib/thumb/v6-m\libc_nano.a(lib_a-nano-freer.o)
                                                  c:/program files (x86)/atmel/studio/7.0/toolchain/arm/arm-gnu-toolchain/bin/../lib/gcc/arm-none-eabi/6.3.1/../../../../arm-none-eabi/lib/thumb/v6-m\libc_nano.a(lib_a-reent.o)
                                                  c:/program files (x86)/atmel/studio/7.0/toolchain/arm/arm-gnu-toolchain/bin/../lib/gcc/arm-none-eabi/6.3.1/../../../../arm-none-eabi/lib/thumb/v6-m\libc_nano.a(lib_a-nano-reallocr.o)
                                                  c:/program files (x86)/atmel/studio/7.0/toolchain/arm/arm-gnu-toolchain/bin/../lib/gcc/arm-none-eabi/6.3.1/../../../../arm-none-eabi/lib/thumb/v6-m\libc_nano.a(lib_a-nano-svfprintf.o)
_fstat                                            src/ASF/sam0/utils/syscalls/gcc/syscalls.o
_getpid                                           src/ASF/sam0/utils/syscalls/gcc/syscalls.o
_global_impure_ptr                                c:/program files (x86)/atmel/studio/7.0/toolchain/arm/arm-gnu-toolchain/bin/../lib/gcc/arm-none-eabi/6.3.1/../../../../arm-none-eabi/lib/thumb/v6-m\libc_nano.a(lib_a-impure.o)
                                                  c:/program files (x86)/atmel/studio/7.0/toolchain/arm/arm-gnu-toolchain/bin/../lib/gcc/arm-none-eabi/6.3.1/../../../../arm-none-eabi/lib/thumb/v6-m\libc_nano.a(lib_a-exit.o)
_i2c_master_interrupt_handler                     src/ASF/sam0/drivers/sercom/i2c/i2c_samd20/i2c_master_interrupt.o
                                                  src/ASF/sam0/drivers/sercom/i2c/i2c_samd20/i2c_master.o
_impure_ptr                                       c:/program files (x86)/atmel/studio/7.0/toolchain/arm/arm-gnu-toolchain/bin/../lib/gcc/arm-none-eabi/6.3.1/../../../../arm-none-eabi/lib/thumb/v6-m\libc_nano.a(lib_a-impure.o)
                                                  c:/program files (x86)/atmel/studio/7.0/toolchain/arm/arm-gnu-toolchain/bin/../lib/gcc/arm-none-eabi/6.3.1/../../../../arm-none-eabi/lib/thumb/v6-m\libc_nano.a(lib_a-reent.o)
                                                  c:/program files (x86)/atmel/studio/7.0/toolchain/arm/arm-gnu-toolchain/bin/../lib/gcc/arm-none-eabi/6.3.1/../../../../arm-none-eabi/lib/thumb/v6-m\libc_nano.a(lib_a-sprintf.o)
_init                                             c:/program files (x86)/atmel/studio/7.0/toolchain/arm/arm-gnu-toolchain/bin/../lib/gcc/arm-none-eabi/6.3.1/thumb/v6-m/crti.o
                                                  c:/program files (x86)/atmel/studio/7.0/toolchain/arm/arm-gnu-toolchain/bin/../lib/gcc/arm-none-eabi/6.3.1/../../../../arm-none-eabi/lib/thumb/v6-m\libc_nano.a(lib_a-init.o)
_isatty                                           src/ASF/sam0/utils/syscalls/gcc/syscalls.o
_kill                                             src/ASF/sam0/utils/syscalls/gcc/syscalls.o
_lseek                                            src/ASF/sam0/utils/syscalls/gcc/syscalls.o
_mainCRTStartup                                   c:/program files (x86)/atmel/studio/7.0/toolchain/arm/arm-gnu-toolchain/bin/../lib/gcc/arm-none-eabi/6.3.1/../../../../arm-none-eabi/lib/thumb/v6-m/crt0.o