Archive member included to satisfy reference by file (symbol)

c:/program files (x86)/atmel/studio/7.0/toolchain/arm/arm-gnu-toolchain/bin/../lib/gcc/arm-none-eabi/6.3.1/thumb/v6-m\libgcc.a(_udivsi3.o)
                              src/ASF/common2/services/delay/sam0/systick_counter.o (__aeabi_uidiv)
c:/program files (x86)/atmel/studio/7.0/toolchain/arm/arm-gnu-toolchain/bin/../lib/gcc/arm-none-eabi/6.3.1/thumb/v6-m\libgcc.a(_dvmd_tls.o)
                              c:/program files (x86)/atmel/studio/7.0/toolchain/arm/arm-gnu-toolchain/bin/../lib/gcc/arm-none-eabi/6.3.1/thumb/v6-m\libgcc.a(_udivsi3.o) (__aeabi_idiv0)
c:/program files (x86)/atmel/studio/7.0/toolchain/arm/arm-gnu-toolchain/bin/../lib/gcc/arm-none-eabi/6.3.1/thumb/v6-m\libgcc.a(_muldi3.o)
                              src/ASF/sam0/drivers/sercom/sercom.o (__aeabi_lmul)
c:/program files (x86)/atmel/studio/7.0/toolchain/arm/arm-gnu-toolchain/bin/../lib/gcc/arm-none-eabi/6.3.1/../../../../arm-none-eabi/lib/thumb/v6-m\libc_nano.a(lib_a-exit.o)
                              c:/program files (x86)/atmel/studio/7.0/toolchain/arm/arm-gnu-toolchain/bin/../lib/gcc/arm-none-eabi/6.3.1/../../../../arm-none-eabi/lib/thumb/v6-m/crt0.o (exit)
c:/program files (x86)/atmel/studio/7.0/toolchain/arm/arm-gnu-toolchain/bin/../lib/gcc/arm-none-eabi/6.3.1/../../../../arm-none-eabi/lib/thumb/v6-m\libc_nano.a(lib_a-impure.o)
                              c:/program files (x86)/atmel/studio/7.0/toolchain/arm/arm-gnu-toolchain/bin/../lib/gcc/arm-none-eabi/6.3.1/../../../../arm-none-eabi/lib/thumb/v6-m\libc_nano.a(lib_a-exit.o) (_global_impure_ptr)
c:/program files (x86)/atmel/studio/7.0/toolchain/arm/arm-gnu-toolchain/bin/../lib/gcc/arm-none-eabi/6.3.1/../../../../arm-none-eabi/lib/thumb/v6-m\libc_nano.a(lib_a-init.o)
                              c:/program files (x86)/atmel/studio/7.0/toolchain/arm/arm-gnu-toolchain/bin/../lib/gcc/arm-none-eabi/6.3.1/../../../../arm-none-eabi/lib/thumb/v6-m/crt0.o (__libc_init_array)
c:/program files (x86)/atmel/studio/7.0/toolchain/arm/arm-gnu-toolchain/bin/../lib/gcc/arm-none-eabi/6.3.1/../../../../arm-none-eabi/lib/thumb/v6-m\libc_nano.a(lib_a-memset.o)
                              c:/program files (x86)/atmel/studio/7.0/toolchain/arm/arm-gnu-toolchain/bin/../lib/gcc/arm-none-eabi/6.3.1/../../../../arm-none-eabi/lib/thumb/v6-m/crt0.o (memset)

Allocating common symbols
Common symbol       size              file

usart_instance      0x24              src/DC_SERCOM.o
rx_buffer           0x5               src/DC_SERCOM.o
_sercom_instances   0x18              src/ASF/sam0/drivers/sercom/sercom_interrupt.o

Discarded input sections

 .text          0x00000000        0x0 c:/program files (x86)/atmel/studio/7.0/toolchain/arm/arm-gnu-toolchain/bin/../lib/gcc/arm-none-eabi/6.3.1/thumb/v6-m/crti.o
 .data          0x00000000        0x0 c:/program files (x86)/atmel/studio/7.0/toolchain/arm/arm-gnu-toolchain/bin/../lib/gcc/arm-none-eabi/6.3.1/thumb/v6-m/crti.o
 .bss           0x00000000        0x0 c:/program files (x86)/atmel/studio/7.0/toolchain/arm/arm-gnu-toolchain/bin/../lib/gcc/arm-none-eabi/6.3.1/thumb/v6-m/crti.o
 .data          0x00000000        0x4 c:/program files (x86)/atmel/studio/7.0/toolchain/arm/arm-gnu-toolchain/bin/../lib/gcc/arm-none-eabi/6.3.1/thumb/v6-m/crtbegin.o
 .text          0x00000000       0x78 c:/program files (x86)/atmel/studio/7.0/toolchain/arm/arm-gnu-toolchain/bin/../lib/gcc/arm-none-eabi/6.3.1/../../../../arm-none-eabi/lib/thumb/v6-m/crt0.o
 .data          0x00000000        0x0 c:/program files (x86)/atmel/studio/7.0/toolchain/arm/arm-gnu-toolchain/bin/../lib/gcc/arm-none-eabi/6.3.1/../../../../arm-none-eabi/lib/thumb/v6-m/crt0.o
 .bss           0x00000000        0x0 c:/program files (x86)/atmel/studio/7.0/toolchain/arm/arm-gnu-toolchain/bin/../lib/gcc/arm-none-eabi/6.3.1/../../../../arm-none-eabi/lib/thumb/v6-m/crt0.o
 .ARM.extab     0x00000000        0x0 c:/program files (x86)/atmel/studio/7.0/toolchain/arm/arm-gnu-toolchain/bin/../lib/gcc/arm-none-eabi/6.3.1/../../../../arm-none-eabi/lib/thumb/v6-m/crt0.o
 .ARM.exidx     0x00000000        0x8 c:/program files (x86)/atmel/studio/7.0/toolchain/arm/arm-gnu-toolchain/bin/../lib/gcc/arm-none-eabi/6.3.1/../../../../arm-none-eabi/lib/thumb/v6-m/crt0.o
 .ARM.attributes
                0x00000000       0x1b c:/program files (x86)/atmel/studio/7.0/toolchain/arm/arm-gnu-toolchain/bin/../lib/gcc/arm-none-eabi/6.3.1/../../../../arm-none-eabi/lib/thumb/v6-m/crt0.o
 .group         0x00000000        0x8 src/ASF/sam0/drivers/sercom/sercom.o
 .group         0x00000000        0x8 src/ASF/sam0/drivers/sercom/sercom.o
 .group         0x00000000        0x8 src/ASF/sam0/drivers/sercom/sercom.o
 .group         0x00000000        0x8 src/ASF/sam0/drivers/sercom/sercom.o
 .group         0x00000000        0x8 src/ASF/sam0/drivers/sercom/sercom.o
 .group         0x00000000        0x8 src/ASF/sam0/drivers/sercom/sercom.o
[...]
Memory Configuration

Name             Origin             Length             Attributes
rom              0x00000000         0x00040000         xr
ram              0x20000000         0x00008000         xrw
*default*        0x00000000         0xffffffff

Linker script and memory map

LOAD c:/program files (x86)/atmel/studio/7.0/toolchain/arm/arm-gnu-toolchain/bin/../lib/gcc/arm-none-eabi/6.3.1/thumb/v6-m/crti.o
LOAD c:/program files (x86)/atmel/studio/7.0/toolchain/arm/arm-gnu-toolchain/bin/../lib/gcc/arm-none-eabi/6.3.1/thumb/v6-m/crtbegin.o
LOAD c:/program files (x86)/atmel/studio/7.0/toolchain/arm/arm-gnu-toolchain/bin/../lib/gcc/arm-none-eabi/6.3.1/../../../../arm-none-eabi/lib/thumb/v6-m/crt0.o
LOAD src/ASF/sam0/drivers/sercom/sercom.o
LOAD src/ASF/sam0/drivers/sercom/usart/usart.o
LOAD src/ASF/sam0/drivers/sercom/usart/usart_interrupt.o
LOAD src/ASF/sam0/drivers/sercom/sercom_interrupt.o
LOAD src/DC_SERCOM.o
LOAD src/ASF/common2/services/delay/sam0/systick_counter.o
LOAD src/ASF/sam0/drivers/port/port.o
LOAD src/DC_peripherals.o
LOAD src/ASF/common2/boards/user_board/init.o
LOAD src/ASF/common/utils/interrupt/interrupt_sam_nvic.o
LOAD src/ASF/sam0/drivers/system/clock/clock_samd20/clock.o
LOAD src/ASF/sam0/drivers/system/clock/clock_samd20/gclk.o
LOAD src/ASF/sam0/drivers/system/interrupt/system_interrupt.o
LOAD src/ASF/sam0/drivers/system/pinmux/pinmux.o
LOAD src/ASF/sam0/drivers/system/system.o
LOAD src/ASF/sam0/utils/cmsis/samd20/source/gcc/startup_samd20.o
LOAD src/ASF/sam0/utils/cmsis/samd20/source/system_samd20.o
LOAD src/ASF/sam0/utils/syscalls/gcc/syscalls.o
LOAD src/main.o
START GROUP
LOAD ../src/ASF/thirdparty/CMSIS/Lib/GCC\libarm_cortexM0l_math.a
LOAD c:/program files (x86)/atmel/studio/7.0/toolchain/arm/arm-gnu-toolchain/bin/../lib/gcc/arm-none-eabi/6.3.1/../../../../arm-none-eabi/lib/thumb/v6-m\libm.a
END GROUP
START GROUP
LOAD c:/program files (x86)/atmel/studio/7.0/toolchain/arm/arm-gnu-toolchain/bin/../lib/gcc/arm-none-eabi/6.3.1/thumb/v6-m\libgcc.a
LOAD c:/program files (x86)/atmel/studio/7.0/toolchain/arm/arm-gnu-toolchain/bin/../lib/gcc/arm-none-eabi/6.3.1/../../../../arm-none-eabi/lib/thumb/v6-m\libc_nano.a
END GROUP
START GROUP
LOAD c:/program files (x86)/atmel/studio/7.0/toolchain/arm/arm-gnu-toolchain/bin/../lib/gcc/arm-none-eabi/6.3.1/thumb/v6-m\libgcc.a
LOAD c:/program files (x86)/atmel/studio/7.0/toolchain/arm/arm-gnu-toolchain/bin/../lib/gcc/arm-none-eabi/6.3.1/../../../../arm-none-eabi/lib/thumb/v6-m\libc_nano.a
END GROUP
LOAD c:/program files (x86)/atmel/studio/7.0/toolchain/arm/arm-gnu-toolchain/bin/../lib/gcc/arm-none-eabi/6.3.1/thumb/v6-m/crtend.o
LOAD c:/program files (x86)/atmel/studio/7.0/toolchain/arm/arm-gnu-toolchain/bin/../lib/gcc/arm-none-eabi/6.3.1/thumb/v6-m/crtn.o
                0x00002000                STACK_SIZE = DEFINED (STACK_SIZE)?STACK_SIZE:DEFINED (__stack_size__)?__stack_size__:0x2000

.text           0x00000000     0x15b8
                0x00000000                . = ALIGN (0x4)
                0x00000000                _sfixed = .
 *(.vectors .vectors.*)
 .vectors       0x00000000       0xa4 src/ASF/sam0/utils/cmsis/samd20/source/gcc/startup_samd20.o
                0x00000000                exception_table
 *(.text .text.* .gnu.linkonce.t.*)
 .text          0x000000a4       0x60 c:/program files (x86)/atmel/studio/7.0/toolchain/arm/arm-gnu-toolchain/bin/../lib/gcc/arm-none-eabi/6.3.1/thumb/v6-m/crtbegin.o
 .text.long_division
                0x00000104       0xba src/ASF/sam0/drivers/sercom/sercom.o
 .text._sercom_get_sync_baud_val
                0x000001be       0x28 src/ASF/sam0/drivers/sercom/sercom.o
                0x000001be                _sercom_get_sync_baud_val
 *fill*         0x000001e6        0x2 
 .text._sercom_get_async_baud_val
                0x000001e8       0x94 src/ASF/sam0/drivers/sercom/sercom.o
                0x000001e8                _sercom_get_async_baud_val
 .text.sercom_set_gclk_generator
                0x0000027c       0x4c src/ASF/sam0/drivers/sercom/sercom.o
                0x0000027c                sercom_set_gclk_generator
 .text._sercom_get_default_pad
                0x000002c8      0x178 src/ASF/sam0/drivers/sercom/sercom.o
                0x000002c8                _sercom_get_default_pad
 .text._sercom_get_sercom_inst_index
                0x00000440       0x38 src/ASF/sam0/drivers/sercom/sercom.o
                0x00000440                _sercom_get_sercom_inst_index
 .text.usart_init
                0x00000478      0x254 src/ASF/sam0/drivers/sercom/usart/usart.o
                0x00000478                usart_init
 .text.usart_write_wait
                0x000006cc       0x2e src/ASF/sam0/drivers/sercom/usart/usart.o
                0x000006cc                usart_write_wait
 *fill*         0x000006fa        0x2 
 .text.usart_write_buffer_wait
                0x000006fc       0xc4 src/ASF/sam0/drivers/sercom/usart/usart.o
                0x000006fc                usart_write_buffer_wait
 .text._usart_write_buffer
                0x000007c0       0x3c src/ASF/sam0/drivers/sercom/usart/usart_interrupt.o
                0x000007c0                _usart_write_buffer
 .text._usart_read_buffer
                0x000007fc       0x3c src/ASF/sam0/drivers/sercom/usart/usart_interrupt.o
                0x000007fc                _usart_read_buffer
 .text.usart_register_callback
                0x00000838       0x16 src/ASF/sam0/drivers/sercom/usart/usart_interrupt.o
                0x00000838                usart_register_callback
 *fill*         0x0000084e        0x2 
 .text.usart_write_buffer_job
                0x00000850       0x20 src/ASF/sam0/drivers/sercom/usart/usart_interrupt.o
                0x00000850                usart_write_buffer_job
 .text.usart_read_buffer_job
                0x00000870       0x20 src/ASF/sam0/drivers/sercom/usart/usart_interrupt.o
                0x00000870                usart_read_buffer_job
 .text._usart_interrupt_handler
                0x00000890      0x124 src/ASF/sam0/drivers/sercom/usart/usart_interrupt.o
                0x00000890                _usart_interrupt_handler
 .text._sercom_default_handler
                0x000009b4        0x2 src/ASF/sam0/drivers/sercom/sercom_interrupt.o
 *fill*         0x000009b6        0x2 
 .text._sercom_set_handler
                0x000009b8       0x3c src/ASF/sam0/drivers/sercom/sercom_interrupt.o
                0x000009b8                _sercom_set_handler
 .text._sercom_get_interrupt_vector
                0x000009f4       0x30 src/ASF/sam0/drivers/sercom/sercom_interrupt.o
                0x000009f4                _sercom_get_interrupt_vector
 .text.SERCOM0_Handler
                0x00000a24       0x10 src/ASF/sam0/drivers/sercom/sercom_interrupt.o
                0x00000a24                SERCOM0_Handler
 .text.SERCOM1_Handler
                0x00000a34       0x10 src/ASF/sam0/drivers/sercom/sercom_interrupt.o
                0x00000a34                SERCOM1_Handler
 .text.SERCOM2_Handler
                0x00000a44       0x10 src/ASF/sam0/drivers/sercom/sercom_interrupt.o
                0x00000a44                SERCOM2_Handler
 .text.SERCOM3_Handler
                0x00000a54       0x10 src/ASF/sam0/drivers/sercom/sercom_interrupt.o
                0x00000a54                SERCOM3_Handler
 .text.SERCOM4_Handler
                0x00000a64       0x10 src/ASF/sam0/drivers/sercom/sercom_interrupt.o
                0x00000a64                SERCOM4_Handler
 .text.SERCOM5_Handler
                0x00000a74       0x10 src/ASF/sam0/drivers/sercom/sercom_interrupt.o
                0x00000a74                SERCOM5_Handler
 .text.usart_write_callback
                0x00000a84       0x28 src/DC_SERCOM.o
                0x00000a84                usart_write_callback
 .text.usart_read_callback
                0x00000aac       0x40 src/DC_SERCOM.o
                0x00000aac                usart_read_callback
 .text.configure_usart
                0x00000aec       0x98 src/DC_SERCOM.o
                0x00000aec                configure_usart
 .text.configure_usart_callbacks
                0x00000b84       0x34 src/DC_SERCOM.o
                0x00000b84                configure_usart_callbacks
 .text.usart_Hello
                0x00000bb8       0x30 src/DC_SERCOM.o
                0x00000bb8                usart_Hello
 .text.usart_Echo
                0x00000be8       0x1c src/DC_SERCOM.o
                0x00000be8                usart_Echo
 .text.delay_init
                0x00000c04       0x40 src/ASF/common2/services/delay/sam0/systick_counter.o
                0x00000c04                delay_init
 .text.port_pin_set_config
                0x00000c44       0x24 src/ASF/sam0/drivers/port/port.o
                0x00000c44                port_pin_set_config
 .text.config_led
                0x00000c68       0x2c src/DC_peripherals.o
                0x00000c68                config_led
 .text.config_board
                0x00000c94       0x34 src/DC_peripherals.o
                0x00000c94                config_board
 .text.system_board_init
                0x00000cc8        0x2 src/ASF/common2/boards/user_board/init.o
                0x00000cc8                board_init
                0x00000cc8                system_board_init
 *fill*         0x00000cca        0x2 
 .text.cpu_irq_enter_critical
                0x00000ccc       0x40 src/ASF/common/utils/interrupt/interrupt_sam_nvic.o
                0x00000ccc                cpu_irq_enter_critical
 .text.cpu_irq_leave_critical
                0x00000d0c       0x30 src/ASF/common/utils/interrupt/interrupt_sam_nvic.o
                0x00000d0c                cpu_irq_leave_critical
 .text.system_clock_source_get_hz
                0x00000d3c       0x7c src/ASF/sam0/drivers/system/clock/clock_samd20/clock.o
                0x00000d3c                system_clock_source_get_hz
 .text.system_clock_source_osc8m_set_config
                0x00000db8       0x3c src/ASF/sam0/drivers/system/clock/clock_samd20/clock.o
                0x00000db8                system_clock_source_osc8m_set_config
 .text.system_clock_source_enable
                0x00000df4       0x90 src/ASF/sam0/drivers/system/clock/clock_samd20/clock.o
                0x00000df4                system_clock_source_enable
 .text.system_clock_init
                0x00000e84       0x98 src/ASF/sam0/drivers/system/clock/clock_samd20/clock.o
                0x00000e84                system_clock_init
 .text.system_gclk_init
                0x00000f1c       0x24 src/ASF/sam0/drivers/system/clock/clock_samd20/gclk.o
                0x00000f1c                system_gclk_init
 .text.system_gclk_gen_set_config
                0x00000f40       0xb8 src/ASF/sam0/drivers/system/clock/clock_samd20/gclk.o
                0x00000f40                system_gclk_gen_set_config
 .text.system_gclk_gen_enable
                0x00000ff8       0x44 src/ASF/sam0/drivers/system/clock/clock_samd20/gclk.o
                0x00000ff8                system_gclk_gen_enable
 .text.system_gclk_gen_get_hz
                0x0000103c       0x8c src/ASF/sam0/drivers/system/clock/clock_samd20/gclk.o
                0x0000103c                system_gclk_gen_get_hz
 .text.system_gclk_chan_enable
                0x000010c8       0x30 src/ASF/sam0/drivers/system/clock/clock_samd20/gclk.o
                0x000010c8                system_gclk_chan_enable
 .text.system_gclk_chan_disable
                0x000010f8       0x5c src/ASF/sam0/drivers/system/clock/clock_samd20/gclk.o
                0x000010f8                system_gclk_chan_disable
 .text.system_gclk_chan_set_config
                0x00001154       0x1c src/ASF/sam0/drivers/system/clock/clock_samd20/gclk.o
                0x00001154                system_gclk_chan_set_config
 .text.system_gclk_chan_get_hz
                0x00001170       0x34 src/ASF/sam0/drivers/system/clock/clock_samd20/gclk.o
                0x00001170                system_gclk_chan_get_hz
 .text._system_pinmux_config
                0x000011a4       0xa8 src/ASF/sam0/drivers/system/pinmux/pinmux.o
 .text.system_pinmux_pin_set_config
                0x0000124c       0x30 src/ASF/sam0/drivers/system/pinmux/pinmux.o
                0x0000124c                system_pinmux_pin_set_config
 .text._system_dummy_init
                0x0000127c        0x2 src/ASF/sam0/drivers/system/system.o
                0x0000127c                _system_extint_init
                0x0000127c                _system_events_init
                0x0000127c                _system_dummy_init
                0x0000127c                _system_divas_init
 *fill*         0x0000127e        0x2 
 .text.system_init
                0x00001280       0x2c src/ASF/sam0/drivers/system/system.o
                0x00001280                system_init
 .text.Dummy_Handler
                0x000012ac        0x2 src/ASF/sam0/utils/cmsis/samd20/source/gcc/startup_samd20.o
                0x000012ac                HardFault_Handler
                0x000012ac                TC2_Handler
                0x000012ac                AC_Handler
                0x000012ac                PendSV_Handler
                0x000012ac                NMI_Handler
                0x000012ac                TC7_Handler
                0x000012ac                ADC_Handler
                0x000012ac                RTC_Handler
                0x000012ac                EIC_Handler
                0x000012ac                TC6_Handler
                0x000012ac                WDT_Handler
                0x000012ac                TC4_Handler
                0x000012ac                TC1_Handler
                0x000012ac                TC3_Handler
                0x000012ac                Dummy_Handler
                0x000012ac                PM_Handler
                0x000012ac                SVC_Handler
                0x000012ac                EVSYS_Handler
                0x000012ac                NVMCTRL_Handler
                0x000012ac                DAC_Handler
                0x000012ac                PTC_Handler
                0x000012ac                TC0_Handler
                0x000012ac                TC5_Handler
                0x000012ac                SYSCTRL_Handler
 *fill*         0x000012ae        0x2 
 .text.Reset_Handler
                0x000012b0       0x98 src/ASF/sam0/utils/cmsis/samd20/source/gcc/startup_samd20.o
                0x000012b0                Reset_Handler
 .text.SysTick_Handler
                0x00001348        0x2 src/main.o
                0x00001348                SysTick_Handler
 *fill*         0x0000134a        0x2 
 .text.main     0x0000134c       0x24 src/main.o
                0x0000134c                main
 .text          0x00001370      0x114 c:/program files (x86)/atmel/studio/7.0/toolchain/arm/arm-gnu-toolchain/bin/../lib/gcc/arm-none-eabi/6.3.1/thumb/v6-m\libgcc.a(_udivsi3.o)
                0x00001370                __aeabi_uidiv
                0x00001370                __udivsi3
                0x0000147c                __aeabi_uidivmod
 .text          0x00001484        0x4 c:/program files (x86)/atmel/studio/7.0/toolchain/arm/arm-gnu-toolchain/bin/../lib/gcc/arm-none-eabi/6.3.1/thumb/v6-m\libgcc.a(_dvmd_tls.o)
                0x00001484                __aeabi_idiv0
                0x00001484                __aeabi_ldiv0
 .text          0x00001488       0x54 c:/program files (x86)/atmel/studio/7.0/toolchain/arm/arm-gnu-toolchain/bin/../lib/gcc/arm-none-eabi/6.3.1/thumb/v6-m\libgcc.a(_muldi3.o)
                0x00001488                __muldi3
                0x00001488                __aeabi_lmul
 .text.__libc_init_array
                0x000014dc       0x48 c:/program files (x86)/atmel/studio/7.0/toolchain/arm/arm-gnu-toolchain/bin/../lib/gcc/arm-none-eabi/6.3.1/../../../../arm-none-eabi/lib/thumb/v6-m\libc_nano.a(lib_a-init.o)
                0x000014dc                __libc_init_array
 *(.glue_7t)
 .glue_7t       0x00001524        0x0 linker stubs
 *(.glue_7)
 .glue_7        0x00001524        0x0 linker stubs
 *(.rodata .rodata* .gnu.linkonce.r.*)
 .rodata        0x00001524       0x18 src/ASF/sam0/drivers/sercom/sercom.o
 .rodata.usart_Hello.str1.4
                0x0000153c        0xf src/DC_SERCOM.o
 *fill*         0x0000154b        0x1 
 .rodata.usart_read_callback.str1.4
                0x0000154c        0xc src/DC_SERCOM.o
                                  0x9 (size before relaxing)
 .rodata.system_clock_source_get_hz
                0x00001558       0x20 src/ASF/sam0/drivers/system/clock/clock_samd20/clock.o
 .rodata.system_clock_source_enable
                0x00001578       0x20 src/ASF/sam0/drivers/system/clock/clock_samd20/clock.o
 *(.ARM.extab* .gnu.linkonce.armextab.*)
                0x00001598                . = ALIGN (0x4)
 *(.init)
 .init          0x00001598        0x4 c:/program files (x86)/atmel/studio/7.0/toolchain/arm/arm-gnu-toolchain/bin/../lib/gcc/arm-none-eabi/6.3.1/thumb/v6-m/crti.o
                0x00001598                _init
 .init          0x0000159c        0x8 c:/program files (x86)/atmel/studio/7.0/toolchain/arm/arm-gnu-toolchain/bin/../lib/gcc/arm-none-eabi/6.3.1/thumb/v6-m/crtn.o
                0x000015a4                . = ALIGN (0x4)
                0x000015a4                __preinit_array_start = .
 *(.preinit_array)
                0x000015a4                __preinit_array_end = .
                0x000015a4                . = ALIGN (0x4)
                0x000015a4                __init_array_start = .
 *(SORT(.init_array.*))
 *(.init_array)
 .init_array    0x000015a4        0x4 c:/program files (x86)/atmel/studio/7.0/toolchain/arm/arm-gnu-toolchain/bin/../lib/gcc/arm-none-eabi/6.3.1/thumb/v6-m/crtbegin.o
                0x000015a8                __init_array_end = .
                0x000015a8                . = ALIGN (0x4)
 *crtbegin.o(.ctors)
 *(EXCLUDE_FILE(*crtend.o) .ctors)
 *(SORT(.ctors.*))
 *crtend.o(.ctors)
                0x000015a8                . = ALIGN (0x4)
 *(.fini)
 .fini          0x000015a8        0x4 c:/program files (x86)/atmel/studio/7.0/toolchain/arm/arm-gnu-toolchain/bin/../lib/gcc/arm-none-eabi/6.3.1/thumb/v6-m/crti.o
                0x000015a8                _fini
 .fini          0x000015ac        0x8 c:/program files (x86)/atmel/studio/7.0/toolchain/arm/arm-gnu-toolchain/bin/../lib/gcc/arm-none-eabi/6.3.1/thumb/v6-m/crtn.o
                0x000015b4                . = ALIGN (0x4)
                0x000015b4                __fini_array_start = .
 *(.fini_array)
 .fini_array    0x000015b4        0x4 c:/program files (x86)/atmel/studio/7.0/toolchain/arm/arm-gnu-toolchain/bin/../lib/gcc/arm-none-eabi/6.3.1/thumb/v6-m/crtbegin.o
 *(SORT(.fini_array.*))
                0x000015b8                __fini_array_end = .
 *crtbegin.o(.dtors)
 *(EXCLUDE_FILE(*crtend.o) .dtors)
 *(SORT(.dtors.*))
 *crtend.o(.dtors)
                0x000015b8                . = ALIGN (0x4)
                0x000015b8                _efixed = .
                [!provide]                PROVIDE (__exidx_start, .)

.vfp11_veneer   0x000015b8        0x0
 .vfp11_veneer  0x000015b8        0x0 linker stubs

.v4_bx          0x000015b8        0x0
 .v4_bx         0x000015b8        0x0 linker stubs

.iplt           0x000015b8        0x0
 .iplt          0x000015b8        0x0 c:/program files (x86)/atmel/studio/7.0/toolchain/arm/arm-gnu-toolchain/bin/../lib/gcc/arm-none-eabi/6.3.1/thumb/v6-m/crtbegin.o

.eh_frame       0x000015b8        0x0
 .eh_frame      0x000015b8        0x0 c:/program files (x86)/atmel/studio/7.0/toolchain/arm/arm-gnu-toolchain/bin/../lib/gcc/arm-none-eabi/6.3.1/thumb/v6-m/crtbegin.o

.rel.dyn        0x000015b8        0x0
 .rel.iplt      0x000015b8        0x0 c:/program files (x86)/atmel/studio/7.0/toolchain/arm/arm-gnu-toolchain/bin/../lib/gcc/arm-none-eabi/6.3.1/thumb/v6-m/crtbegin.o

.jcr            0x000015b8        0x0
 .jcr           0x000015b8        0x0 c:/program files (x86)/atmel/studio/7.0/toolchain/arm/arm-gnu-toolchain/bin/../lib/gcc/arm-none-eabi/6.3.1/thumb/v6-m/crtbegin.o

.igot.plt       0x000015b8        0x0
 .igot.plt      0x000015b8        0x0 c:/program files (x86)/atmel/studio/7.0/toolchain/arm/arm-gnu-toolchain/bin/../lib/gcc/arm-none-eabi/6.3.1/thumb/v6-m/crtbegin.o

.ARM.exidx
 *(.ARM.exidx* .gnu.linkonce.armexidx.*)
                [!provide]                PROVIDE (__exidx_end, .)
                0x000015b8                . = ALIGN (0x4)
                0x000015b8                _etext = .

.relocate       0x20000000       0x10 load address 0x000015b8
                0x20000000                . = ALIGN (0x4)
                0x20000000                _srelocate = .
 *(.ramfunc .ramfunc.*)
 *(.data .data.*)
 .data.newLine  0x20000000        0x3 src/DC_SERCOM.o
                0x20000000                newLine
 *fill*         0x20000003        0x1 
 .data.cycles_per_ms
                0x20000004        0x4 src/ASF/common2/services/delay/sam0/systick_counter.o
 .data.cycles_per_us
                0x20000008        0x4 src/ASF/common2/services/delay/sam0/systick_counter.o
 .data.g_interrupt_enabled
                0x2000000c        0x1 src/ASF/common/utils/interrupt/interrupt_sam_nvic.o
                0x2000000c                g_interrupt_enabled
                0x20000010                . = ALIGN (0x4)
 *fill*         0x2000000d        0x3 
                0x20000010                _erelocate = .

.bss            0x20000010       0x98 load address 0x000015c8
                0x20000010                . = ALIGN (0x4)
                0x20000010                _sbss = .
                0x20000010                _szero = .
 *(.bss .bss.*)
 .bss           0x20000010       0x1c c:/program files (x86)/atmel/studio/7.0/toolchain/arm/arm-gnu-toolchain/bin/../lib/gcc/arm-none-eabi/6.3.1/thumb/v6-m/crtbegin.o
 .bss._sercom_config
                0x2000002c        0x2 src/ASF/sam0/drivers/sercom/sercom.o
 .bss._handler_table_initialized
                0x2000002e        0x1 src/ASF/sam0/drivers/sercom/sercom_interrupt.o
 *fill*         0x2000002f        0x1 
 .bss._sercom_interrupt_handlers
                0x20000030       0x18 src/ASF/sam0/drivers/sercom/sercom_interrupt.o
 .bss.cpu_irq_critical_section_counter
                0x20000048        0x4 src/ASF/common/utils/interrupt/interrupt_sam_nvic.o
 .bss.cpu_irq_prev_interrupt_state
                0x2000004c        0x1 src/ASF/common/utils/interrupt/interrupt_sam_nvic.o
 *fill*         0x2000004d        0x3 
 .bss._system_clock_inst
                0x20000050       0x14 src/ASF/sam0/drivers/system/clock/clock_samd20/clock.o
 *(COMMON)
 COMMON         0x20000064       0x18 src/ASF/sam0/drivers/sercom/sercom_interrupt.o
                0x20000064                _sercom_instances
 COMMON         0x2000007c       0x29 src/DC_SERCOM.o
                0x2000007c                usart_instance
                0x200000a0                rx_buffer
                0x200000a8                . = ALIGN (0x4)
 *fill*         0x200000a5        0x3 
                0x200000a8                _ebss = .
                0x200000a8                _ezero = .

.stack          0x200000a8     0x2000 load address 0x00001660
                0x200000a8                . = ALIGN (0x8)
                0x200000a8                _sstack = .
                0x200020a8                . = (. + STACK_SIZE)
 *fill*         0x200000a8     0x2000 
                0x200020a8                . = ALIGN (0x8)
                0x200020a8                _estack = .
                0x200020a8                . = ALIGN (0x4)
                0x200020a8                _end = .
OUTPUT(SAMD20_SystemDev.elf elf32-littlearm)

.ARM.attributes
                0x00000000       0x28
 .ARM.attributes
                0x00000000       0x1e c:/program files (x86)/atmel/studio/7.0/toolchain/arm/arm-gnu-toolchain/bin/../lib/gcc/arm-none-eabi/6.3.1/thumb/v6-m/crti.o
 .ARM.attributes
                0x0000001e       0x2c c:/program files (x86)/atmel/studio/7.0/toolchain/arm/arm-gnu-toolchain/bin/../lib/gcc/arm-none-eabi/6.3.1/thumb/v6-m/crtbegin.o
 .ARM.attributes
                0x0000004a       0x32 src/ASF/sam0/drivers/sercom/sercom.o
 .ARM.attributes
                0x0000007c       0x32 src/ASF/sam0/drivers/sercom/usart/usart.o
 .ARM.attributes
                0x000000ae       0x32 src/ASF/sam0/drivers/sercom/usart/usart_interrupt.o
 .ARM.attributes
                0x000000e0       0x32 src/ASF/sam0/drivers/sercom/sercom_interrupt.o
 .ARM.attributes
                0x00000112       0x32 src/DC_SERCOM.o
 .ARM.attributes
                0x00000144       0x32 src/ASF/common2/services/delay/sam0/systick_counter.o
 .ARM.attributes
                0x00000176       0x32 src/ASF/sam0/drivers/port/port.o
 .ARM.attributes
                0x000001a8       0x32 src/DC_peripherals.o
 .ARM.attributes
                0x000001da       0x32 src/ASF/common2/boards/user_board/init.o
 .ARM.attributes
                0x0000020c       0x32 src/ASF/common/utils/interrupt/interrupt_sam_nvic.o
 .ARM.attributes
                0x0000023e       0x32 src/ASF/sam0/drivers/system/clock/clock_samd20/clock.o
 .ARM.attributes
                0x00000270       0x32 src/ASF/sam0/drivers/system/clock/clock_samd20/gclk.o
 .ARM.attributes
                0x000002a2       0x32 src/ASF/sam0/drivers/system/pinmux/pinmux.o
 .ARM.attributes
                0x000002d4       0x32 src/ASF/sam0/drivers/system/system.o
 .ARM.attributes
                0x00000306       0x32 src/ASF/sam0/utils/cmsis/samd20/source/gcc/startup_samd20.o
 .ARM.attributes
                0x00000338       0x32 src/main.o
 .ARM.attributes
                0x0000036a       0x1e c:/program files (x86)/atmel/studio/7.0/toolchain/arm/arm-gnu-toolchain/bin/../lib/gcc/arm-none-eabi/6.3.1/thumb/v6-m\libgcc.a(_udivsi3.o)
 .ARM.attributes
                0x00000388       0x1e c:/program files (x86)/atmel/studio/7.0/toolchain/arm/arm-gnu-toolchain/bin/../lib/gcc/arm-none-eabi/6.3.1/thumb/v6-m\libgcc.a(_dvmd_tls.o)
 .ARM.attributes
                0x000003a6       0x2c c:/program files (x86)/atmel/studio/7.0/toolchain/arm/arm-gnu-toolchain/bin/../lib/gcc/arm-none-eabi/6.3.1/thumb/v6-m\libgcc.a(_muldi3.o)
 .ARM.attributes
                0x000003d2       0x2c c:/program files (x86)/atmel/studio/7.0/toolchain/arm/arm-gnu-toolchain/bin/../lib/gcc/arm-none-eabi/6.3.1/../../../../arm-none-eabi/lib/thumb/v6-m\libc_nano.a(lib_a-init.o)
 .ARM.attributes
                0x000003fe       0x1e c:/program files (x86)/atmel/studio/7.0/toolchain/arm/arm-gnu-toolchain/bin/../lib/gcc/arm-none-eabi/6.3.1/thumb/v6-m/crtn.o

.comment        0x00000000       0x59
 .comment       0x00000000       0x59 src/ASF/sam0/drivers/sercom/sercom.o
                                 0x5a (size before relaxing)
 .comment       0x00000059       0x5a src/ASF/sam0/drivers/sercom/usart/usart.o
 .comment       0x00000059       0x5a src/ASF/sam0/drivers/sercom/usart/usart_interrupt.o
 .comment       0x00000059       0x5a src/ASF/sam0/drivers/sercom/sercom_interrupt.o
 .comment       0x00000059       0x5a src/DC_SERCOM.o
 .comment       0x00000059       0x5a src/ASF/common2/services/delay/sam0/systick_counter.o
 .comment       0x00000059       0x5a src/ASF/sam0/drivers/port/port.o
 .comment       0x00000059       0x5a src/DC_peripherals.o
 .comment       0x00000059       0x5a src/ASF/common2/boards/user_board/init.o
 .comment       0x00000059       0x5a src/ASF/common/utils/interrupt/interrupt_sam_nvic.o
 .comment       0x00000059       0x5a src/ASF/sam0/drivers/system/clock/clock_samd20/clock.o
 .comment       0x00000059       0x5a src/ASF/sam0/drivers/system/clock/clock_samd20/gclk.o
 .comment       0x00000059       0x5a src/ASF/sam0/drivers/system/pinmux/pinmux.o
 .comment       0x00000059       0x5a src/ASF/sam0/drivers/system/system.o
 .comment       0x00000059       0x5a src/ASF/sam0/utils/cmsis/samd20/source/gcc/startup_samd20.o
 .comment       0x00000059       0x5a src/main.o

.debug_info     0x00000000    0x1c0de
 .debug_info    0x00000000     0x2660 src/ASF/sam0/drivers/sercom/sercom.o
 .debug_info    0x00002660     0x42cf src/ASF/sam0/drivers/sercom/usart/usart.o
 .debug_info    0x0000692f     0x2881 src/ASF/sam0/drivers/sercom/usart/usart_interrupt.o
 .debug_info    0x000091b0     0x2456 src/ASF/sam0/drivers/sercom/sercom_interrupt.o
 .debug_info    0x0000b606     0x3369 src/DC_SERCOM.o
 .debug_info    0x0000e96f      0xb8d src/ASF/common2/services/delay/sam0/systick_counter.o
 .debug_info    0x0000f4fc     0x12b6 src/ASF/sam0/drivers/port/port.o
 .debug_info    0x000107b2     0x14cc src/DC_peripherals.o
 .debug_info    0x00011c7e      0xa5c src/ASF/common2/boards/user_board/init.o
 .debug_info    0x000126da      0xb07 src/ASF/common/utils/interrupt/interrupt_sam_nvic.o
 .debug_info    0x000131e1     0x3d15 src/ASF/sam0/drivers/system/clock/clock_samd20/clock.o
 .debug_info    0x00016ef6     0x1de7 src/ASF/sam0/drivers/system/clock/clock_samd20/gclk.o
 .debug_info    0x00018cdd     0x1374 src/ASF/sam0/drivers/system/pinmux/pinmux.o
 .debug_info    0x0001a051      0xa73 src/ASF/sam0/drivers/system/system.o
 .debug_info    0x0001aac4      0x9c9 src/ASF/sam0/utils/cmsis/samd20/source/gcc/startup_samd20.o
 .debug_info    0x0001b48d      0xc51 src/main.o

.debug_abbrev   0x00000000     0x3075
 .debug_abbrev  0x00000000      0x378 src/ASF/sam0/drivers/sercom/sercom.o
 .debug_abbrev  0x00000378      0x491 src/ASF/sam0/drivers/sercom/usart/usart.o
 .debug_abbrev  0x00000809      0x416 src/ASF/sam0/drivers/sercom/usart/usart_interrupt.o
 .debug_abbrev  0x00000c1f      0x2d8 src/ASF/sam0/drivers/sercom/sercom_interrupt.o
 .debug_abbrev  0x00000ef7      0x394 src/DC_SERCOM.o
 .debug_abbrev  0x0000128b      0x24b src/ASF/common2/services/delay/sam0/systick_counter.o
 .debug_abbrev  0x000014d6      0x298 src/ASF/sam0/drivers/port/port.o
 .debug_abbrev  0x0000176e      0x344 src/DC_peripherals.o
 .debug_abbrev  0x00001ab2      0x1be src/ASF/common2/boards/user_board/init.o
 .debug_abbrev  0x00001c70      0x22c src/ASF/common/utils/interrupt/interrupt_sam_nvic.o
 .debug_abbrev  0x00001e9c      0x4a1 src/ASF/sam0/drivers/system/clock/clock_samd20/clock.o
 .debug_abbrev  0x0000233d      0x40d src/ASF/sam0/drivers/system/clock/clock_samd20/gclk.o
 .debug_abbrev  0x0000274a      0x332 src/ASF/sam0/drivers/system/pinmux/pinmux.o
 .debug_abbrev  0x00002a7c      0x1e1 src/ASF/sam0/drivers/system/system.o
 .debug_abbrev  0x00002c5d      0x1e4 src/ASF/sam0/utils/cmsis/samd20/source/gcc/startup_samd20.o
 .debug_abbrev  0x00002e41      0x234 src/main.o

.debug_loc      0x00000000     0x39cc
 .debug_loc     0x00000000      0x9d5 src/ASF/sam0/drivers/sercom/sercom.o
 .debug_loc     0x000009d5      0xc56 src/ASF/sam0/drivers/sercom/usart/usart.o
 .debug_loc     0x0000162b      0x6b6 src/ASF/sam0/drivers/sercom/usart/usart_interrupt.o
 .debug_loc     0x00001ce1      0x161 src/ASF/sam0/drivers/sercom/sercom_interrupt.o
 .debug_loc     0x00001e42      0x1fd src/DC_SERCOM.o
 .debug_loc     0x0000203f       0xe4 src/ASF/common2/services/delay/sam0/systick_counter.o
 .debug_loc     0x00002123      0x13d src/ASF/sam0/drivers/port/port.o
 .debug_loc     0x00002260       0xaa src/DC_peripherals.o
 .debug_loc     0x0000230a      0xe1c src/ASF/sam0/drivers/system/clock/clock_samd20/clock.o
 .debug_loc     0x00003126      0x504 src/ASF/sam0/drivers/system/clock/clock_samd20/gclk.o
 .debug_loc     0x0000362a      0x322 src/ASF/sam0/drivers/system/pinmux/pinmux.o
 .debug_loc     0x0000394c       0x20 src/ASF/sam0/drivers/system/system.o
 .debug_loc     0x0000396c       0x40 src/ASF/sam0/utils/cmsis/samd20/source/gcc/startup_samd20.o
 .debug_loc     0x000039ac       0x20 src/main.o

.debug_aranges  0x00000000      0x408
 .debug_aranges
                0x00000000       0x48 src/ASF/sam0/drivers/sercom/sercom.o
 .debug_aranges
                0x00000048       0x40 src/ASF/sam0/drivers/sercom/usart/usart.o
 .debug_aranges
                0x00000088       0x70 src/ASF/sam0/drivers/sercom/usart/usart_interrupt.o
 .debug_aranges
                0x000000f8       0x60 src/ASF/sam0/drivers/sercom/sercom_interrupt.o
 .debug_aranges
                0x00000158       0x48 src/DC_SERCOM.o
 .debug_aranges
                0x000001a0       0x30 src/ASF/common2/services/delay/sam0/systick_counter.o
 .debug_aranges
                0x000001d0       0x28 src/ASF/sam0/drivers/port/port.o
 .debug_aranges
                0x000001f8       0x28 src/DC_peripherals.o
 .debug_aranges
                0x00000220       0x20 src/ASF/common2/boards/user_board/init.o
 .debug_aranges
                0x00000240       0x28 src/ASF/common/utils/interrupt/interrupt_sam_nvic.o
 .debug_aranges
                0x00000268       0x70 src/ASF/sam0/drivers/system/clock/clock_samd20/clock.o
 .debug_aranges
                0x000002d8       0x80 src/ASF/sam0/drivers/system/clock/clock_samd20/gclk.o
 .debug_aranges
                0x00000358       0x38 src/ASF/sam0/drivers/system/pinmux/pinmux.o
 .debug_aranges
                0x00000390       0x28 src/ASF/sam0/drivers/system/system.o
 .debug_aranges
                0x000003b8       0x28 src/ASF/sam0/utils/cmsis/samd20/source/gcc/startup_samd20.o
 .debug_aranges
                0x000003e0       0x28 src/main.o

.debug_ranges   0x00000000      0x438
 .debug_ranges  0x00000000       0x50 src/ASF/sam0/drivers/sercom/sercom.o
 .debug_ranges  0x00000050      0x100 src/ASF/sam0/drivers/sercom/usart/usart.o
 .debug_ranges  0x00000150       0x60 src/ASF/sam0/drivers/sercom/usart/usart_interrupt.o
 .debug_ranges  0x000001b0       0x50 src/ASF/sam0/drivers/sercom/sercom_interrupt.o
 .debug_ranges  0x00000200       0x38 src/DC_SERCOM.o
 .debug_ranges  0x00000238       0x50 src/ASF/common2/services/delay/sam0/systick_counter.o
 .debug_ranges  0x00000288       0x18 src/ASF/sam0/drivers/port/port.o
 .debug_ranges  0x000002a0       0x18 src/DC_peripherals.o
 .debug_ranges  0x000002b8       0x10 src/ASF/common2/boards/user_board/init.o
 .debug_ranges  0x000002c8       0x18 src/ASF/common/utils/interrupt/interrupt_sam_nvic.o
 .debug_ranges  0x000002e0       0x60 src/ASF/sam0/drivers/system/clock/clock_samd20/clock.o
 .debug_ranges  0x00000340       0x88 src/ASF/sam0/drivers/system/clock/clock_samd20/gclk.o
 .debug_ranges  0x000003c8       0x28 src/ASF/sam0/drivers/system/pinmux/pinmux.o
 .debug_ranges  0x000003f0       0x18 src/ASF/sam0/drivers/system/system.o
 .debug_ranges  0x00000408       0x18 src/ASF/sam0/utils/cmsis/samd20/source/gcc/startup_samd20.o
 .debug_ranges  0x00000420       0x18 src/main.o

.debug_macro    0x00000000    0x13161
 .debug_macro   0x00000000      0x532 src/ASF/sam0/drivers/sercom/sercom.o
 .debug_macro   0x00000532      0x8b6 src/ASF/sam0/drivers/sercom/sercom.o
 .debug_macro   0x00000de8      0x16d src/ASF/sam0/drivers/sercom/sercom.o
 .debug_macro   0x00000f55      0x6d7 src/ASF/sam0/drivers/sercom/sercom.o
 .debug_macro   0x0000162c       0x22 src/ASF/sam0/drivers/sercom/sercom.o
 .debug_macro   0x0000164e       0x87 src/ASF/sam0/drivers/sercom/sercom.o
 .debug_macro   0x000016d5       0x51 src/ASF/sam0/drivers/sercom/sercom.o
 .debug_macro   0x00001726       0xef src/ASF/sam0/drivers/sercom/sercom.o
 .debug_macro   0x00001815       0x6a src/ASF/sam0/drivers/sercom/sercom.o
 .debug_macro   0x0000187f      0x1df src/ASF/sam0/drivers/sercom/sercom.o
 .debug_macro   0x00001a5e       0x10 src/ASF/sam0/drivers/sercom/sercom.o
 .debug_macro   0x00001a6e       0x76 src/ASF/sam0/drivers/sercom/sercom.o
 .debug_macro   0x00001ae4       0x16 src/ASF/sam0/drivers/sercom/sercom.o
 .debug_macro   0x00001afa      0x6db src/ASF/sam0/drivers/sercom/sercom.o
 .debug_macro   0x000021d5      0xdd8 src/ASF/sam0/drivers/sercom/sercom.o
 .debug_macro   0x00002fad       0x22 src/ASF/sam0/drivers/sercom/sercom.o
 .debug_macro   0x00002fcf       0x40 src/ASF/sam0/drivers/sercom/sercom.o
 .debug_macro   0x0000300f       0x3a src/ASF/sam0/drivers/sercom/sercom.o
 .debug_macro   0x00003049       0x1f src/ASF/sam0/drivers/sercom/sercom.o
 .debug_macro   0x00003068      0x250 src/ASF/sam0/drivers/sercom/sercom.o
 .debug_macro   0x000032b8      0x682 src/ASF/sam0/drivers/sercom/sercom.o
 .debug_macro   0x0000393a      0x8b8 src/ASF/sam0/drivers/sercom/sercom.o
 .debug_macro   0x000041f2      0x224 src/ASF/sam0/drivers/sercom/sercom.o
 .debug_macro   0x00004416      0x61a src/ASF/sam0/drivers/sercom/sercom.o
 .debug_macro   0x00004a30      0x9f8 src/ASF/sam0/drivers/sercom/sercom.o
 .debug_macro   0x00005428      0x5ca src/ASF/sam0/drivers/sercom/sercom.o
 .debug_macro   0x000059f2      0x4ac src/ASF/sam0/drivers/sercom/sercom.o
 .debug_macro   0x00005e9e      0x743 src/ASF/sam0/drivers/sercom/sercom.o
 .debug_macro   0x000065e1       0x5e src/ASF/sam0/drivers/sercom/sercom.o
 .debug_macro   0x0000663f      0x5e0 src/ASF/sam0/drivers/sercom/sercom.o
 .debug_macro   0x00006c1f      0x3b6 src/ASF/sam0/drivers/sercom/sercom.o
 .debug_macro   0x00006fd5      0xc7d src/ASF/sam0/drivers/sercom/sercom.o
 .debug_macro   0x00007c52      0xd29 src/ASF/sam0/drivers/sercom/sercom.o
 .debug_macro   0x0000897b      0x7b3 src/ASF/sam0/drivers/sercom/sercom.o
 .debug_macro   0x0000912e      0x6ba src/ASF/sam0/drivers/sercom/sercom.o
 .debug_macro   0x000097e8      0x347 src/ASF/sam0/drivers/sercom/sercom.o
 .debug_macro   0x00009b2f       0x7c src/ASF/sam0/drivers/sercom/sercom.o
 .debug_macro   0x00009bab       0x9a src/ASF/sam0/drivers/sercom/sercom.o
 .debug_macro   0x00009c45       0x46 src/ASF/sam0/drivers/sercom/sercom.o
 .debug_macro   0x00009c8b       0xb2 src/ASF/sam0/drivers/sercom/sercom.o
 .debug_macro   0x00009d3d       0x6a src/ASF/sam0/drivers/sercom/sercom.o
 .debug_macro   0x00009da7      0x27d src/ASF/sam0/drivers/sercom/sercom.o
 .debug_macro   0x0000a024       0x7c src/ASF/sam0/drivers/sercom/sercom.o
 .debug_macro   0x0000a0a0       0xc4 src/ASF/sam0/drivers/sercom/sercom.o
 .debug_macro   0x0000a164       0x1c src/ASF/sam0/drivers/sercom/sercom.o
 .debug_macro   0x0000a180       0x1c src/ASF/sam0/drivers/sercom/sercom.o
 .debug_macro   0x0000a19c       0x1c src/ASF/sam0/drivers/sercom/sercom.o
 .debug_macro   0x0000a1b8       0x82 src/ASF/sam0/drivers/sercom/sercom.o
 .debug_macro   0x0000a23a      0x15a src/ASF/sam0/drivers/sercom/sercom.o
 .debug_macro   0x0000a394       0xdc src/ASF/sam0/drivers/sercom/sercom.o
 .debug_macro   0x0000a470      0x100 src/ASF/sam0/drivers/sercom/sercom.o
 .debug_macro   0x0000a570      0x100 src/ASF/sam0/drivers/sercom/sercom.o
 .debug_macro   0x0000a670      0x100 src/ASF/sam0/drivers/sercom/sercom.o
 .debug_macro   0x0000a770      0x100 src/ASF/sam0/drivers/sercom/sercom.o
 .debug_macro   0x0000a870      0x100 src/ASF/sam0/drivers/sercom/sercom.o
 .debug_macro   0x0000a970      0x100 src/ASF/sam0/drivers/sercom/sercom.o
 .debug_macro   0x0000aa70       0xfa src/ASF/sam0/drivers/sercom/sercom.o
 .debug_macro   0x0000ab6a       0xbe src/ASF/sam0/drivers/sercom/sercom.o
 .debug_macro   0x0000ac28       0xbe src/ASF/sam0/drivers/sercom/sercom.o
 .debug_macro   0x0000ace6       0xbe src/ASF/sam0/drivers/sercom/sercom.o
 .debug_macro   0x0000ada4       0xbe src/ASF/sam0/drivers/sercom/sercom.o
 .debug_macro   0x0000ae62       0xbe src/ASF/sam0/drivers/sercom/sercom.o
 .debug_macro   0x0000af20       0xbe src/ASF/sam0/drivers/sercom/sercom.o
 .debug_macro   0x0000afde       0xbe src/ASF/sam0/drivers/sercom/sercom.o
 .debug_macro   0x0000b09c       0xbe src/ASF/sam0/drivers/sercom/sercom.o
 .debug_macro   0x0000b15a       0x40 src/ASF/sam0/drivers/sercom/sercom.o
 .debug_macro   0x0000b19a      0x2e3 src/ASF/sam0/drivers/sercom/sercom.o
 .debug_macro   0x0000b47d     0x19ba src/ASF/sam0/drivers/sercom/sercom.o
 .debug_macro   0x0000ce37       0x4a src/ASF/sam0/drivers/sercom/sercom.o
 .debug_macro   0x0000ce81       0x58 src/ASF/sam0/drivers/sercom/sercom.o
 .debug_macro   0x0000ced9       0x35 src/ASF/sam0/drivers/sercom/sercom.o
 .debug_macro   0x0000cf0e       0x9c src/ASF/sam0/drivers/sercom/sercom.o
 .debug_macro   0x0000cfaa       0x16 src/ASF/sam0/drivers/sercom/sercom.o
 .debug_macro   0x0000cfc0       0x35 src/ASF/sam0/drivers/sercom/sercom.o
 .debug_macro   0x0000cff5      0x353 src/ASF/sam0/drivers/sercom/sercom.o
 .debug_macro   0x0000d348       0x10 src/ASF/sam0/drivers/sercom/sercom.o
 .debug_macro   0x0000d358       0x58 src/ASF/sam0/drivers/sercom/sercom.o
 .debug_macro   0x0000d3b0       0x1f src/ASF/sam0/drivers/sercom/sercom.o
 .debug_macro   0x0000d3cf       0x43 src/ASF/sam0/drivers/sercom/sercom.o
 .debug_macro   0x0000d412       0x20 src/ASF/sam0/drivers/sercom/sercom.o
 .debug_macro   0x0000d432      0x187 src/ASF/sam0/drivers/sercom/sercom.o
 .debug_macro   0x0000d5b9       0x10 src/ASF/sam0/drivers/sercom/sercom.o
 .debug_macro   0x0000d5c9       0x1c src/ASF/sam0/drivers/sercom/sercom.o
 .debug_macro   0x0000d5e5       0x52 src/ASF/sam0/drivers/sercom/sercom.o
 .debug_macro   0x0000d637       0x40 src/ASF/sam0/drivers/sercom/sercom.o
 .debug_macro   0x0000d677       0x10 src/ASF/sam0/drivers/sercom/sercom.o
 .debug_macro   0x0000d687       0x40 src/ASF/sam0/drivers/sercom/sercom.o
 .debug_macro   0x0000d6c7       0xd7 src/ASF/sam0/drivers/sercom/sercom.o
 .debug_macro   0x0000d79e       0x16 src/ASF/sam0/drivers/sercom/sercom.o
 .debug_macro   0x0000d7b4      0x18b src/ASF/sam0/drivers/sercom/sercom.o
 .debug_macro   0x0000d93f       0x16 src/ASF/sam0/drivers/sercom/sercom.o
 .debug_macro   0x0000d955       0x16 src/ASF/sam0/drivers/sercom/sercom.o
 .debug_macro   0x0000d96b       0x29 src/ASF/sam0/drivers/sercom/sercom.o
 .debug_macro   0x0000d994       0x51 src/ASF/sam0/drivers/sercom/sercom.o
 .debug_macro   0x0000d9e5       0x3e src/ASF/sam0/drivers/sercom/sercom.o
 .debug_macro   0x0000da23      0x3df src/ASF/sam0/drivers/sercom/sercom.o
 .debug_macro   0x0000de02       0x11 src/ASF/sam0/drivers/sercom/sercom.o
 .debug_macro   0x0000de13       0x16 src/ASF/sam0/drivers/sercom/sercom.o
 .debug_macro   0x0000de29       0x2e src/ASF/sam0/drivers/sercom/sercom.o
 .debug_macro   0x0000de57       0xb2 src/ASF/sam0/drivers/sercom/sercom.o
 .debug_macro   0x0000df09       0x10 src/ASF/sam0/drivers/sercom/sercom.o
 .debug_macro   0x0000df19      0x543 src/ASF/sam0/drivers/sercom/usart/usart.o
 .debug_macro   0x0000e45c       0x19 src/ASF/sam0/drivers/sercom/usart/usart.o
 .debug_macro   0x0000e475      0x543 src/ASF/sam0/drivers/sercom/usart/usart_interrupt.o
 .debug_macro   0x0000e9b8      0x52f src/ASF/sam0/drivers/sercom/sercom_interrupt.o
 .debug_macro   0x0000eee7      0x5cd src/DC_SERCOM.o
 .debug_macro   0x0000f4b4       0xb8 src/DC_SERCOM.o
 .debug_macro   0x0000f56c       0x16 src/DC_SERCOM.o
 .debug_macro   0x0000f582       0x16 src/DC_SERCOM.o
 .debug_macro   0x0000f598      0x2c3 src/DC_SERCOM.o
 .debug_macro   0x0000f85b       0x12 src/DC_SERCOM.o
 .debug_macro   0x0000f86d       0x1f src/DC_SERCOM.o
 .debug_macro   0x0000f88c       0x52 src/DC_SERCOM.o
 .debug_macro   0x0000f8de      0x4e0 src/ASF/common2/services/delay/sam0/systick_counter.o
 .debug_macro   0x0000fdbe      0x4be src/ASF/sam0/drivers/port/port.o
 .debug_macro   0x0001027c      0x5cd src/DC_peripherals.o
 .debug_macro   0x00010849      0x598 src/ASF/common2/boards/user_board/init.o
 .debug_macro   0x00010de1      0x4a4 src/ASF/common/utils/interrupt/interrupt_sam_nvic.o
 .debug_macro   0x00011285      0x5b9 src/ASF/sam0/drivers/system/clock/clock_samd20/clock.o
 .debug_macro   0x0001183e      0x213 src/ASF/sam0/drivers/system/clock/clock_samd20/clock.o
 .debug_macro   0x00011a51      0x4db src/ASF/sam0/drivers/system/clock/clock_samd20/gclk.o
 .debug_macro   0x00011f2c      0x4b6 src/ASF/sam0/drivers/system/pinmux/pinmux.o
 .debug_macro   0x000123e2      0x4e8 src/ASF/sam0/drivers/system/system.o
 .debug_macro   0x000128ca      0x28b src/ASF/sam0/utils/cmsis/samd20/source/gcc/startup_samd20.o
 .debug_macro   0x00012b55       0x3a src/ASF/sam0/utils/cmsis/samd20/source/gcc/startup_samd20.o
 .debug_macro   0x00012b8f      0x5c2 src/main.o
 .debug_macro   0x00013151       0x10 src/main.o

.debug_line     0x00000000     0xa9ba
 .debug_line    0x00000000      0xb5e src/ASF/sam0/drivers/sercom/sercom.o
 .debug_line    0x00000b5e      0xc7e src/ASF/sam0/drivers/sercom/usart/usart.o
 .debug_line    0x000017dc      0xc35 src/ASF/sam0/drivers/sercom/usart/usart_interrupt.o
 .debug_line    0x00002411      0xb02 src/ASF/sam0/drivers/sercom/sercom_interrupt.o
 .debug_line    0x00002f13      0xcab src/DC_SERCOM.o
 .debug_line    0x00003bbe      0x94f src/ASF/common2/services/delay/sam0/systick_counter.o
 .debug_line    0x0000450d      0x890 src/ASF/sam0/drivers/port/port.o
 .debug_line    0x00004d9d      0xc3f src/DC_peripherals.o
 .debug_line    0x000059dc      0xbb3 src/ASF/common2/boards/user_board/init.o
 .debug_line    0x0000658f      0x863 src/ASF/common/utils/interrupt/interrupt_sam_nvic.o
 .debug_line    0x00006df2      0xba5 src/ASF/sam0/drivers/system/clock/clock_samd20/clock.o
 .debug_line    0x00007997      0xc01 src/ASF/sam0/drivers/system/clock/clock_samd20/gclk.o
 .debug_line    0x00008598      0x8c0 src/ASF/sam0/drivers/system/pinmux/pinmux.o
 .debug_line    0x00008e58      0x97c src/ASF/sam0/drivers/system/system.o
 .debug_line    0x000097d4      0x5dc src/ASF/sam0/utils/cmsis/samd20/source/gcc/startup_samd20.o
 .debug_line    0x00009db0      0xc0a src/main.o

.debug_str      0x00000000    0x5f0fc
 .debug_str     0x00000000    0x59a8e src/ASF/sam0/drivers/sercom/sercom.o
                              0x5a004 (size before relaxing)
 .debug_str     0x00059a8e      0xd76 src/ASF/sam0/drivers/sercom/usart/usart.o
                              0x5aa04 (size before relaxing)
 .debug_str     0x0005a804      0x216 src/ASF/sam0/drivers/sercom/usart/usart_interrupt.o
                              0x59ea2 (size before relaxing)
 .debug_str     0x0005aa1a      0x4d5 src/ASF/sam0/drivers/sercom/sercom_interrupt.o
                              0x59e3d (size before relaxing)
 .debug_str     0x0005aeef     0x119c src/DC_SERCOM.o
                              0x5b791 (size before relaxing)
 .debug_str     0x0005c08b       0xbc src/ASF/common2/services/delay/sam0/systick_counter.o
                              0x58cd0 (size before relaxing)
 .debug_str     0x0005c147      0x118 src/ASF/sam0/drivers/port/port.o
                              0x58ee1 (size before relaxing)
 .debug_str     0x0005c25f       0x95 src/DC_peripherals.o
                              0x5a724 (size before relaxing)
 .debug_str     0x0005c2f4       0x3e src/ASF/common2/boards/user_board/init.o
                              0x59fbf (size before relaxing)
 .debug_str     0x0005c332       0x53 src/ASF/common/utils/interrupt/interrupt_sam_nvic.o
                              0x58adb (size before relaxing)
 .debug_str     0x0005c385     0x26c5 src/ASF/sam0/drivers/system/clock/clock_samd20/clock.o
                              0x5bd17 (size before relaxing)
 .debug_str     0x0005ea4a      0x1d8 src/ASF/sam0/drivers/system/clock/clock_samd20/gclk.o
                              0x5970e (size before relaxing)
 .debug_str     0x0005ec22       0xf4 src/ASF/sam0/drivers/system/pinmux/pinmux.o
                              0x58ed2 (size before relaxing)
 .debug_str     0x0005ed16       0x47 src/ASF/sam0/drivers/system/system.o
                              0x58b77 (size before relaxing)
 .debug_str     0x0005ed5d      0x391 src/ASF/sam0/utils/cmsis/samd20/source/gcc/startup_samd20.o
                              0x43324 (size before relaxing)
 .debug_str     0x0005f0ee        0xe src/main.o
                              0x5a3b0 (size before relaxing)

.debug_frame    0x00000000      0x958
 .debug_frame   0x00000000       0xbc src/ASF/sam0/drivers/sercom/sercom.o
 .debug_frame   0x000000bc       0xac src/ASF/sam0/drivers/sercom/usart/usart.o
 .debug_frame   0x00000168      0x110 src/ASF/sam0/drivers/sercom/usart/usart_interrupt.o
 .debug_frame   0x00000278       0xe8 src/ASF/sam0/drivers/sercom/sercom_interrupt.o
 .debug_frame   0x00000360       0xb0 src/DC_SERCOM.o
 .debug_frame   0x00000410       0x64 src/ASF/common2/services/delay/sam0/systick_counter.o
 .debug_frame   0x00000474       0x44 src/ASF/sam0/drivers/port/port.o
 .debug_frame   0x000004b8       0x40 src/DC_peripherals.o
 .debug_frame   0x000004f8       0x20 src/ASF/common2/boards/user_board/init.o
 .debug_frame   0x00000518       0x30 src/ASF/common/utils/interrupt/interrupt_sam_nvic.o
 .debug_frame   0x00000548      0x12c src/ASF/sam0/drivers/system/clock/clock_samd20/clock.o
 .debug_frame   0x00000674      0x148 src/ASF/sam0/drivers/system/clock/clock_samd20/gclk.o
 .debug_frame   0x000007bc       0x74 src/ASF/sam0/drivers/system/pinmux/pinmux.o
 .debug_frame   0x00000830       0x38 src/ASF/sam0/drivers/system/system.o
 .debug_frame   0x00000868       0x38 src/ASF/sam0/utils/cmsis/samd20/source/gcc/startup_samd20.o
 .debug_frame   0x000008a0       0x38 src/main.o
 .debug_frame   0x000008d8       0x20 c:/program files (x86)/atmel/studio/7.0/toolchain/arm/arm-gnu-toolchain/bin/../lib/gcc/arm-none-eabi/6.3.1/thumb/v6-m\libgcc.a(_udivsi3.o)
 .debug_frame   0x000008f8       0x34 c:/program files (x86)/atmel/studio/7.0/toolchain/arm/arm-gnu-toolchain/bin/../lib/gcc/arm-none-eabi/6.3.1/thumb/v6-m\libgcc.a(_muldi3.o)
 .debug_frame   0x0000092c       0x2c c:/program files (x86)/atmel/studio/7.0/toolchain/arm/arm-gnu-toolchain/bin/../lib/gcc/arm-none-eabi/6.3.1/../../../../arm-none-eabi/lib/thumb/v6-m\libc_nano.a(lib_a-init.o)

Cross Reference Table

Symbol                                            File
AC_Handler                                        src/ASF/sam0/utils/cmsis/samd20/source/gcc/startup_samd20.o
ADC_Handler                                       src/ASF/sam0/utils/cmsis/samd20/source/gcc/startup_samd20.o
DAC_Handler                                       src/ASF/sam0/utils/cmsis/samd20/source/gcc/startup_samd20.o
Dummy_Handler                                     src/ASF/sam0/utils/cmsis/samd20/source/gcc/startup_samd20.o
EIC_Handler                                       src/ASF/sam0/utils/cmsis/samd20/source/gcc/startup_samd20.o
EVSYS_Handler                                     src/ASF/sam0/utils/cmsis/samd20/source/gcc/startup_samd20.o
HardFault_Handler                                 src/ASF/sam0/utils/cmsis/samd20/source/gcc/startup_samd20.o
NMI_Handler                                       src/ASF/sam0/utils/cmsis/samd20/source/gcc/startup_samd20.o
NVMCTRL_Handler                                   src/ASF/sam0/utils/cmsis/samd20/source/gcc/startup_samd20.o
PM_Handler                                        src/ASF/sam0/utils/cmsis/samd20/source/gcc/startup_samd20.o
PTC_Handler                                       src/ASF/sam0/utils/cmsis/samd20/source/gcc/startup_samd20.o
PendSV_Handler                                    src/ASF/sam0/utils/cmsis/samd20/source/gcc/startup_samd20.o
RTC_Handler                                       src/ASF/sam0/utils/cmsis/samd20/source/gcc/startup_samd20.o
Reset_Handler                                     src/ASF/sam0/utils/cmsis/samd20/source/gcc/startup_samd20.o
SERCOM0_Handler                                   src/ASF/sam0/drivers/sercom/sercom_interrupt.o
SERCOM1_Handler                                   src/ASF/sam0/drivers/sercom/sercom_interrupt.o
SERCOM2_Handler                                   src/ASF/sam0/drivers/sercom/sercom_interrupt.o
SERCOM3_Handler                                   src/ASF/sam0/drivers/sercom/sercom_interrupt.o
SERCOM4_Handler                                   src/ASF/sam0/drivers/sercom/sercom_interrupt.o
SERCOM5_Handler                                   src/ASF/sam0/drivers/sercom/sercom_interrupt.o
SVC_Handler                                       src/ASF/sam0/utils/cmsis/samd20/source/gcc/startup_samd20.o
SYSCTRL_Handler                                   src/ASF/sam0/utils/cmsis/samd20/source/gcc/startup_samd20.o
SysTick_Handler                                   src/main.o
                                                  src/ASF/sam0/utils/cmsis/samd20/source/gcc/startup_samd20.o
SystemCoreClock                                   src/ASF/sam0/utils/cmsis/samd20/source/system_samd20.o
SystemCoreClockUpdate                             src/ASF/sam0/utils/cmsis/samd20/source/system_samd20.o
SystemInit                                        src/ASF/sam0/utils/cmsis/samd20/source/system_samd20.o
TC0_Handler                                       src/ASF/sam0/utils/cmsis/samd20/source/gcc/startup_samd20.o
TC1_Handler                                       src/ASF/sam0/utils/cmsis/samd20/source/gcc/startup_samd20.o
TC2_Handler                                       src/ASF/sam0/utils/cmsis/samd20/source/gcc/startup_samd20.o
TC3_Handler                                       src/ASF/sam0/utils/cmsis/samd20/source/gcc/startup_samd20.o
TC4_Handler                                       src/ASF/sam0/utils/cmsis/samd20/source/gcc/startup_samd20.o
TC5_Handler                                       src/ASF/sam0/utils/cmsis/samd20/source/gcc/startup_samd20.o
TC6_Handler                                       src/ASF/sam0/utils/cmsis/samd20/source/gcc/startup_samd20.o
TC7_Handler                                       src/ASF/sam0/utils/cmsis/samd20/source/gcc/startup_samd20.o
WDT_Handler                                       src/ASF/sam0/utils/cmsis/samd20/source/gcc/startup_samd20.o
_Jv_RegisterClasses                               c:/program files (x86)/atmel/studio/7.0/toolchain/arm/arm-gnu-toolchain/bin/../lib/gcc/arm-none-eabi/6.3.1/thumb/v6-m/crtbegin.o
__aeabi_idiv0                                     c:/program files (x86)/atmel/studio/7.0/toolchain/arm/arm-gnu-toolchain/bin/../lib/gcc/arm-none-eabi/6.3.1/thumb/v6-m\libgcc.a(_dvmd_tls.o)
                                                  c:/program files (x86)/atmel/studio/7.0/toolchain/arm/arm-gnu-toolchain/bin/../lib/gcc/arm-none-eabi/6.3.1/thumb/v6-m\libgcc.a(_udivsi3.o)
__aeabi_ldiv0                                     c:/program files (x86)/atmel/studio/7.0/toolchain/arm/arm-gnu-toolchain/bin/../lib/gcc/arm-none-eabi/6.3.1/thumb/v6-m\libgcc.a(_dvmd_tls.o)
__aeabi_lmul                                      c:/program files (x86)/atmel/studio/7.0/toolchain/arm/arm-gnu-toolchain/bin/../lib/gcc/arm-none-eabi/6.3.1/thumb/v6-m\libgcc.a(_muldi3.o)
                                                  src/ASF/sam0/drivers/sercom/sercom.o
__aeabi_uidiv                                     c:/program files (x86)/atmel/studio/7.0/toolchain/arm/arm-gnu-toolchain/bin/../lib/gcc/arm-none-eabi/6.3.1/thumb/v6-m\libgcc.a(_udivsi3.o)
                                                  src/ASF/sam0/drivers/system/clock/clock_samd20/gclk.o
                                                  src/ASF/common2/services/delay/sam0/systick_counter.o
__aeabi_uidivmod                                  c:/program files (x86)/atmel/studio/7.0/toolchain/arm/arm-gnu-toolchain/bin/../lib/gcc/arm-none-eabi/6.3.1/thumb/v6-m\libgcc.a(_udivsi3.o)
__bss_end__                                       c:/program files (x86)/atmel/studio/7.0/toolchain/arm/arm-gnu-toolchain/bin/../lib/gcc/arm-none-eabi/6.3.1/../../../../arm-none-eabi/lib/thumb/v6-m/crt0.o
__bss_start__                                     c:/program files (x86)/atmel/studio/7.0/toolchain/arm/arm-gnu-toolchain/bin/../lib/gcc/arm-none-eabi/6.3.1/../../../../arm-none-eabi/lib/thumb/v6-m/crt0.o
__call_exitprocs                                  c:/program files (x86)/atmel/studio/7.0/toolchain/arm/arm-gnu-toolchain/bin/../lib/gcc/arm-none-eabi/6.3.1/../../../../arm-none-eabi/lib/thumb/v6-m\libc_nano.a(lib_a-exit.o)
__deregister_frame_info                           c:/program files (x86)/atmel/studio/7.0/toolchain/arm/arm-gnu-toolchain/bin/../lib/gcc/arm-none-eabi/6.3.1/thumb/v6-m/crtbegin.o
__dso_handle                                      c:/program files (x86)/atmel/studio/7.0/toolchain/arm/arm-gnu-toolchain/bin/../lib/gcc/arm-none-eabi/6.3.1/thumb/v6-m/crtbegin.o
__init_array_end                                  c:/program files (x86)/atmel/studio/7.0/toolchain/arm/arm-gnu-toolchain/bin/../lib/gcc/arm-none-eabi/6.3.1/../../../../arm-none-eabi/lib/thumb/v6-m\libc_nano.a(lib_a-init.o)
__init_array_start                                c:/program files (x86)/atmel/studio/7.0/toolchain/arm/arm-gnu-toolchain/bin/../lib/gcc/arm-none-eabi/6.3.1/../../../../arm-none-eabi/lib/thumb/v6-m\libc_nano.a(lib_a-init.o)
__libc_fini_array                                 c:/program files (x86)/atmel/studio/7.0/toolchain/arm/arm-gnu-toolchain/bin/../lib/gcc/arm-none-eabi/6.3.1/../../../../arm-none-eabi/lib/thumb/v6-m/crt0.o
__libc_init_array                                 c:/program files (x86)/atmel/studio/7.0/toolchain/arm/arm-gnu-toolchain/bin/../lib/gcc/arm-none-eabi/6.3.1/../../../../arm-none-eabi/lib/thumb/v6-m\libc_nano.a(lib_a-init.o)
                                                  src/ASF/sam0/utils/cmsis/samd20/source/gcc/startup_samd20.o
                                                  c:/program files (x86)/atmel/studio/7.0/toolchain/arm/arm-gnu-toolchain/bin/../lib/gcc/arm-none-eabi/6.3.1/../../../../arm-none-eabi/lib/thumb/v6-m/crt0.o
__muldi3                                          c:/program files (x86)/atmel/studio/7.0/toolchain/arm/arm-gnu-toolchain/bin/../lib/gcc/arm-none-eabi/6.3.1/thumb/v6-m\libgcc.a(_muldi3.o)
__preinit_array_end                               c:/program files (x86)/atmel/studio/7.0/toolchain/arm/arm-gnu-toolchain/bin/../lib/gcc/arm-none-eabi/6.3.1/../../../../arm-none-eabi/lib/thumb/v6-m\libc_nano.a(lib_a-init.o)
__preinit_array_start                             c:/program files (x86)/atmel/studio/7.0/toolchain/arm/arm-gnu-toolchain/bin/../lib/gcc/arm-none-eabi/6.3.1/../../../../arm-none-eabi/lib/thumb/v6-m\libc_nano.a(lib_a-init.o)
__register_frame_info                             c:/program files (x86)/atmel/studio/7.0/toolchain/arm/arm-gnu-toolchain/bin/../lib/gcc/arm-none-eabi/6.3.1/thumb/v6-m/crtbegin.o
__sf_fake_stderr                                  c:/program files (x86)/atmel/studio/7.0/toolchain/arm/arm-gnu-toolchain/bin/../lib/gcc/arm-none-eabi/6.3.1/../../../../arm-none-eabi/lib/thumb/v6-m\libc_nano.a(lib_a-impure.o)
__sf_fake_stdin                                   c:/program files (x86)/atmel/studio/7.0/toolchain/arm/arm-gnu-toolchain/bin/../lib/gcc/arm-none-eabi/6.3.1/../../../../arm-none-eabi/lib/thumb/v6-m\libc_nano.a(lib_a-impure.o)
__sf_fake_stdout                                  c:/program files (x86)/atmel/studio/7.0/toolchain/arm/arm-gnu-toolchain/bin/../lib/gcc/arm-none-eabi/6.3.1/../../../../arm-none-eabi/lib/thumb/v6-m\libc_nano.a(lib_a-impure.o)
__stack                                           c:/program files (x86)/atmel/studio/7.0/toolchain/arm/arm-gnu-toolchain/bin/../lib/gcc/arm-none-eabi/6.3.1/../../../../arm-none-eabi/lib/thumb/v6-m/crt0.o
__udivsi3                                         c:/program files (x86)/atmel/studio/7.0/toolchain/arm/arm-gnu-toolchain/bin/../lib/gcc/arm-none-eabi/6.3.1/thumb/v6-m\libgcc.a(_udivsi3.o)
_close                                            src/ASF/sam0/utils/syscalls/gcc/syscalls.o
_end                                              src/ASF/sam0/utils/syscalls/gcc/syscalls.o
_erelocate                                        src/ASF/sam0/utils/cmsis/samd20/source/gcc/startup_samd20.o
_estack                                           src/ASF/sam0/utils/cmsis/samd20/source/gcc/startup_samd20.o
_etext                                            src/ASF/sam0/utils/cmsis/samd20/source/gcc/startup_samd20.o
_exit                                             src/ASF/sam0/utils/syscalls/gcc/syscalls.o
                                                  c:/program files (x86)/atmel/studio/7.0/toolchain/arm/arm-gnu-toolchain/bin/../lib/gcc/arm-none-eabi/6.3.1/../../../../arm-none-eabi/lib/thumb/v6-m\libc_nano.a(lib_a-exit.o)
_ezero                                            src/ASF/sam0/utils/cmsis/samd20/source/gcc/startup_samd20.o
_fini                                             c:/program files (x86)/atmel/studio/7.0/toolchain/arm/arm-gnu-toolchain/bin/../lib/gcc/arm-none-eabi/6.3.1/thumb/v6-m/crti.o
_fstat                                            src/ASF/sam0/utils/syscalls/gcc/syscalls.o
_getpid                                           src/ASF/sam0/utils/syscalls/gcc/syscalls.o
_global_impure_ptr                                c:/program files (x86)/atmel/studio/7.0/toolchain/arm/arm-gnu-toolchain/bin/../lib/gcc/arm-none-eabi/6.3.1/../../../../arm-none-eabi/lib/thumb/v6-m\libc_nano.a(lib_a-impure.o)
                                                  c:/program files (x86)/atmel/studio/7.0/toolchain/arm/arm-gnu-toolchain/bin/../lib/gcc/arm-none-eabi/6.3.1/../../../../arm-none-eabi/lib/thumb/v6-m\libc_nano.a(lib_a-exit.o)
_impure_ptr                                       c:/program files (x86)/atmel/studio/7.0/toolchain/arm/arm-gnu-toolchain/bin/../lib/gcc/arm-none-eabi/6.3.1/../../../../arm-none-eabi/lib/thumb/v6-m\libc_nano.a(lib_a-impure.o)
_init                                             c:/program files (x86)/atmel/studio/7.0/toolchain/arm/arm-gnu-toolchain/bin/../lib/gcc/arm-none-eabi/6.3.1/thumb/v6-m/crti.o
                                                  c:/program files (x86)/atmel/studio/7.0/toolchain/arm/arm-gnu-toolchain/bin/../lib/gcc/arm-none-eabi/6.3.1/../../../../arm-none-eabi/lib/thumb/v6-m\libc_nano.a(lib_a-init.o)
_isatty                                           src/ASF/sam0/utils/syscalls/gcc/syscalls.o
_kill                                             src/ASF/sam0/utils/syscalls/gcc/syscalls.o
_lseek                                            src/ASF/sam0/utils/syscalls/gcc/syscalls.o
_mainCRTStartup                                   c:/program files (x86)/atmel/studio/7.0/toolchain/arm/arm-gnu-toolchain/bin/../lib/gcc/arm-none-eabi/6.3.1/../../../../arm-none-eabi/lib/thumb/v6-m/crt0.o
_sbrk                                             src/ASF/sam0/utils/syscalls/gcc/syscalls.o
_sercom_get_async_baud_val                        src/ASF/sam0/drivers/sercom/sercom.o
                                                  src/ASF/sam0/drivers/sercom/usart/usart.o
_sercom_get_default_pad                           src/ASF/sam0/drivers/sercom/sercom.o
                                                  src/ASF/sam0/drivers/sercom/usart/usart.o
_sercom_get_interrupt_vector                      src/ASF/sam0/drivers/sercom/sercom_interrupt.o
                                                  src/DC_SERCOM.o
_sercom_get_sercom_inst_index                     src/ASF/sam0/drivers/sercom/sercom.o
                                                  src/ASF/sam0/drivers/sercom/sercom_interrupt.o
                                                  src/ASF/sam0/drivers/sercom/usart/usart.o
_sercom_get_sync_baud_val                         src/ASF/sam0/drivers/sercom/sercom.o
                                                  src/ASF/sam0/drivers/sercom/usart/usart.o
_sercom_instances                                 src/ASF/sam0/drivers/sercom/sercom_interrupt.o
                                                  src/ASF/sam0/drivers/sercom/usart/usart_interrupt.o
                                                  src/ASF/sam0/drivers/sercom/usart/usart.o
_sercom_set_handler                               src/ASF/sam0/drivers/sercom/sercom_interrupt.o
                                                  src/ASF/sam0/drivers/sercom/usart/usart.o
_sfixed                                           src/ASF/sam0/utils/cmsis/samd20/source/gcc/startup_samd20.o
_srelocate                                        src/ASF/sam0/utils/cmsis/samd20/source/gcc/startup_samd20.o
_start                                            c:/program files (x86)/atmel/studio/7.0/toolchain/arm/arm-gnu-toolchain/bin/../lib/gcc/arm-none-eabi/6.3.1/../../../../arm-none-eabi/lib/thumb/v6-m/crt0.o
_system_divas_init                                src/ASF/sam0/drivers/system/system.o
_system_dummy_init                                src/ASF/sam0/drivers/system/system.o
_system_events_init                               src/ASF/sam0/drivers/system/system.o
_system_extint_init                               src/ASF/sam0/drivers/system/system.o
_szero                                            src/ASF/sam0/utils/cmsis/samd20/source/gcc/startup_samd20.o
_usart_interrupt_handler                          src/ASF/sam0/drivers/sercom/usart/usart_interrupt.o
                                                  src/ASF/sam0/drivers/sercom/usart/usart.o
_usart_read_buffer                                src/ASF/sam0/drivers/sercom/usart/usart_interrupt.o
_usart_write_buffer                               src/ASF/sam0/drivers/sercom/usart/usart_interrupt.o
atexit                                            c:/program files (x86)/atmel/studio/7.0/toolchain/arm/arm-gnu-toolchain/bin/../lib/gcc/arm-none-eabi/6.3.1/../../../../arm-none-eabi/lib/thumb/v6-m/crt0.o
board_init                                        src/ASF/common2/boards/user_board/init.o
config_board                                      src/DC_peripherals.o
                                                  src/main.o
config_led                                        src/DC_peripherals.o
configure_usart                                   src/DC_SERCOM.o
                                                  src/DC_peripherals.o
configure_usart_callbacks                         src/DC_SERCOM.o
                                                  src/DC_peripherals.o
cpu_irq_enter_critical                            src/ASF/common/utils/interrupt/interrupt_sam_nvic.o
                                                  src/ASF/sam0/drivers/system/clock/clock_samd20/gclk.o
                                                  src/ASF/sam0/drivers/sercom/usart/usart_interrupt.o
cpu_irq_leave_critical                            src/ASF/common/utils/interrupt/interrupt_sam_nvic.o
                                                  src/ASF/sam0/drivers/system/clock/clock_samd20/gclk.o
                                                  src/ASF/sam0/drivers/sercom/usart/usart_interrupt.o
delay_cycles_ms                                   src/ASF/common2/services/delay/sam0/systick_counter.o
delay_cycles_us                                   src/ASF/common2/services/delay/sam0/systick_counter.o
delay_init                                        src/ASF/common2/services/delay/sam0/systick_counter.o
                                                  src/DC_peripherals.o
exception_table                                   src/ASF/sam0/utils/cmsis/samd20/source/gcc/startup_samd20.o
exit                                              c:/program files (x86)/atmel/studio/7.0/toolchain/arm/arm-gnu-toolchain/bin/../lib/gcc/arm-none-eabi/6.3.1/../../../../arm-none-eabi/lib/thumb/v6-m\libc_nano.a(lib_a-exit.o)
                                                  c:/program files (x86)/atmel/studio/7.0/toolchain/arm/arm-gnu-toolchain/bin/../lib/gcc/arm-none-eabi/6.3.1/../../../../arm-none-eabi/lib/thumb/v6-m/crt0.o
g_interrupt_enabled                               src/ASF/common/utils/interrupt/interrupt_sam_nvic.o
                                                  src/DC_peripherals.o
hardware_init_hook                                c:/program files (x86)/atmel/studio/7.0/toolchain/arm/arm-gnu-toolchain/bin/../lib/gcc/arm-none-eabi/6.3.1/../../../../arm-none-eabi/lib/thumb/v6-m/crt0.o
link                                              src/ASF/sam0/utils/syscalls/gcc/syscalls.o
main                                              src/main.o
                                                  src/ASF/sam0/utils/cmsis/samd20/source/gcc/startup_samd20.o
                                                  c:/program files (x86)/atmel/studio/7.0/toolchain/arm/arm-gnu-toolchain/bin/../lib/gcc/arm-none-eabi/6.3.1/../../../../arm-none-eabi/lib/thumb/v6-m/crt0.o
memset                                            c:/program files (x86)/atmel/studio/7.0/toolchain/arm/arm-gnu-toolchain/bin/../lib/gcc/arm-none-eabi/6.3.1/../../../../arm-none-eabi/lib/thumb/v6-m\libc_nano.a(lib_a-memset.o)
                                                  c:/program files (x86)/atmel/studio/7.0/toolchain/arm/arm-gnu-toolchain/bin/../lib/gcc/arm-none-eabi/6.3.1/../../../../arm-none-eabi/lib/thumb/v6-m/crt0.o
newLine                                           src/DC_SERCOM.o
port_group_set_config                             src/ASF/sam0/drivers/port/port.o
port_pin_set_config                               src/ASF/sam0/drivers/port/port.o
                                                  src/DC_peripherals.o
rx_buffer                                         src/main.o
                                                  src/DC_peripherals.o
                                                  src/DC_SERCOM.o
sercom_set_gclk_generator                         src/ASF/sam0/drivers/sercom/sercom.o
                                                  src/ASF/sam0/drivers/sercom/usart/usart.o
software_init_hook                                c:/program files (x86)/atmel/studio/7.0/toolchain/arm/arm-gnu-toolchain/bin/../lib/gcc/arm-none-eabi/6.3.1/../../../../arm-none-eabi/lib/thumb/v6-m/crt0.o
system_board_init                                 src/ASF/common2/boards/user_board/init.o
system_clock_init                                 src/ASF/sam0/drivers/system/clock/clock_samd20/clock.o
system_clock_source_dfll_set_config               src/ASF/sam0/drivers/system/clock/clock_samd20/clock.o
system_clock_source_disable                       src/ASF/sam0/drivers/system/clock/clock_samd20/clock.o
system_clock_source_enable                        src/ASF/sam0/drivers/system/clock/clock_samd20/clock.o
system_clock_source_get_hz                        src/ASF/sam0/drivers/system/clock/clock_samd20/clock.o
                                                  src/ASF/sam0/drivers/system/clock/clock_samd20/gclk.o
system_clock_source_is_ready                      src/ASF/sam0/drivers/system/clock/clock_samd20/clock.o
system_clock_source_osc32k_set_config             src/ASF/sam0/drivers/system/clock/clock_samd20/clock.o
system_clock_source_osc8m_set_config              src/ASF/sam0/drivers/system/clock/clock_samd20/clock.o
system_clock_source_write_calibration             src/ASF/sam0/drivers/system/clock/clock_samd20/clock.o
system_clock_source_xosc32k_set_config            src/ASF/sam0/drivers/system/clock/clock_samd20/clock.o
system_clock_source_xosc_set_config               src/ASF/sam0/drivers/system/clock/clock_samd20/clock.o
system_gclk_chan_disable                          src/ASF/sam0/drivers/system/clock/clock_samd20/gclk.o
system_gclk_chan_enable                           src/ASF/sam0/drivers/system/clock/clock_samd20/gclk.o
                                                  src/ASF/sam0/drivers/sercom/usart/usart.o
                                                  src/ASF/sam0/drivers/sercom/sercom.o
system_gclk_chan_get_hz                           src/ASF/sam0/drivers/system/clock/clock_samd20/gclk.o
                                                  src/ASF/sam0/drivers/system/clock/clock_samd20/clock.o
                                                  src/ASF/sam0/drivers/sercom/usart/usart.o
system_gclk_chan_is_enabled                       src/ASF/sam0/drivers/system/clock/clock_samd20/gclk.o
system_gclk_chan_is_locked                        src/ASF/sam0/drivers/system/clock/clock_samd20/gclk.o
system_gclk_chan_lock                             src/ASF/sam0/drivers/system/clock/clock_samd20/gclk.o
system_gclk_chan_set_config                       src/ASF/sam0/drivers/system/clock/clock_samd20/gclk.o
                                                  src/ASF/sam0/drivers/system/clock/clock_samd20/clock.o
                                                  src/ASF/sam0/drivers/sercom/usart/usart.o
                                                  src/ASF/sam0/drivers/sercom/sercom.o
system_gclk_gen_disable                           src/ASF/sam0/drivers/system/clock/clock_samd20/gclk.o
system_gclk_gen_enable                            src/ASF/sam0/drivers/system/clock/clock_samd20/gclk.o
                                                  src/ASF/sam0/drivers/system/clock/clock_samd20/clock.o
system_gclk_gen_get_hz                            src/ASF/sam0/drivers/system/clock/clock_samd20/gclk.o
                                                  src/ASF/common2/services/delay/sam0/systick_counter.o
system_gclk_gen_is_enabled                        src/ASF/sam0/drivers/system/clock/clock_samd20/gclk.o
system_gclk_gen_set_config                        src/ASF/sam0/drivers/system/clock/clock_samd20/gclk.o
                                                  src/ASF/sam0/drivers/system/clock/clock_samd20/clock.o
system_gclk_init                                  src/ASF/sam0/drivers/system/clock/clock_samd20/gclk.o
                                                  src/ASF/sam0/drivers/system/clock/clock_samd20/clock.o
system_init                                       src/ASF/sam0/drivers/system/system.o
                                                  src/main.o
system_interrupt_clear_pending                    src/ASF/sam0/drivers/system/interrupt/system_interrupt.o
system_interrupt_get_priority                     src/ASF/sam0/drivers/system/interrupt/system_interrupt.o
system_interrupt_is_pending                       src/ASF/sam0/drivers/system/interrupt/system_interrupt.o
system_interrupt_set_pending                      src/ASF/sam0/drivers/system/interrupt/system_interrupt.o
system_interrupt_set_priority                     src/ASF/sam0/drivers/system/interrupt/system_interrupt.o
system_pinmux_group_set_config                    src/ASF/sam0/drivers/system/pinmux/pinmux.o
                                                  src/ASF/sam0/drivers/port/port.o
system_pinmux_group_set_input_sample_mode         src/ASF/sam0/drivers/system/pinmux/pinmux.o
system_pinmux_pin_set_config                      src/ASF/sam0/drivers/system/pinmux/pinmux.o
                                                  src/ASF/sam0/drivers/port/port.o
                                                  src/ASF/sam0/drivers/sercom/usart/usart.o
usart_Echo                                        src/DC_SERCOM.o
                                                  src/main.o
usart_Hello                                       src/DC_SERCOM.o
                                                  src/main.o
usart_abort_job                                   src/ASF/sam0/drivers/sercom/usart/usart_interrupt.o
usart_get_job_status                              src/ASF/sam0/drivers/sercom/usart/usart_interrupt.o
usart_init                                        src/ASF/sam0/drivers/sercom/usart/usart.o
                                                  src/DC_SERCOM.o
usart_instance                                    src/DC_SERCOM.o
usart_read_buffer_job                             src/ASF/sam0/drivers/sercom/usart/usart_interrupt.o
                                                  src/DC_SERCOM.o
usart_read_buffer_wait                            src/ASF/sam0/drivers/sercom/usart/usart.o
usart_read_callback                               src/DC_SERCOM.o
usart_read_job                                    src/ASF/sam0/drivers/sercom/usart/usart_interrupt.o
usart_read_wait                                   src/ASF/sam0/drivers/sercom/usart/usart.o
usart_register_callback                           src/ASF/sam0/drivers/sercom/usart/usart_interrupt.o
                                                  src/DC_SERCOM.o
usart_unregister_callback                         src/ASF/sam0/drivers/sercom/usart/usart_interrupt.o
usart_write_buffer_job                            src/ASF/sam0/drivers/sercom/usart/usart_interrupt.o
                                                  src/DC_SERCOM.o
usart_write_buffer_wait                           src/ASF/sam0/drivers/sercom/usart/usart.o
                                                  src/DC_SERCOM.o
usart_write_callback                              src/DC_SERCOM.o
usart_write_job                                   src/ASF/sam0/drivers/sercom/usart/usart_interrupt.o
usart_write_wait                                  src/ASF/sam0/drivers/sercom/usart/usart.o
